Archive member included because of file (symbol)

c:/devkitPro/libogc/lib/wii\libwiiuse.a(wpad.o)
                              main.o (WPAD_SetDataFormat)
c:/devkitPro/libogc/lib/wii\libwiiuse.a(motion_plus.o)
                              c:/devkitPro/libogc/lib/wii\libwiiuse.a(wpad.o) (wiiuse_set_motion_plus)
c:/devkitPro/libogc/lib/wii\libwiiuse.a(dynamics.o)
                              c:/devkitPro/libogc/lib/wii\libwiiuse.a(wpad.o) (calculate_gforce)
c:/devkitPro/libogc/lib/wii\libwiiuse.a(io.o)
                              c:/devkitPro/libogc/lib/wii\libwiiuse.a(motion_plus.o) (wiiuse_disable_expansion)
c:/devkitPro/libogc/lib/wii\libwiiuse.a(io_wii.o)
                              c:/devkitPro/libogc/lib/wii\libwiiuse.a(wpad.o) (__wiiuse_sensorbar_enable)
c:/devkitPro/libogc/lib/wii\libwiiuse.a(ir.o)
                              c:/devkitPro/libogc/lib/wii\libwiiuse.a(motion_plus.o) (wiiuse_set_ir_mode)
c:/devkitPro/libogc/lib/wii\libwiiuse.a(nunchuk.o)
                              c:/devkitPro/libogc/lib/wii\libwiiuse.a(io.o) (nunchuk_handshake)
c:/devkitPro/libogc/lib/wii\libwiiuse.a(wiiboard.o)
                              c:/devkitPro/libogc/lib/wii\libwiiuse.a(io.o) (wii_board_handshake)
c:/devkitPro/libogc/lib/wii\libwiiuse.a(wiiuse.o)
                              c:/devkitPro/libogc/lib/wii\libwiiuse.a(wpad.o) (wiiuse_init)
c:/devkitPro/libogc/lib/wii\libwiiuse.a(speaker.o)
                              c:/devkitPro/libogc/lib/wii\libwiiuse.a(wpad.o) (wencdata)
c:/devkitPro/libogc/lib/wii\libwiiuse.a(classic.o)
                              c:/devkitPro/libogc/lib/wii\libwiiuse.a(io.o) (classic_ctrl_handshake)
c:/devkitPro/libogc/lib/wii\libwiiuse.a(events.o)
                              c:/devkitPro/libogc/lib/wii\libwiiuse.a(io_wii.o) (parse_event)
c:/devkitPro/libogc/lib/wii\libwiiuse.a(guitar_hero_3.o)
                              c:/devkitPro/libogc/lib/wii\libwiiuse.a(io.o) (guitar_hero_3_handshake)
c:/devkitPro/libogc/lib/wii\libaesnd.a(aesndlib.o)
                              GRRMOD_core.o (AESND_Init)
c:/devkitPro/libogc/lib/wii\libbte.a(bte.o)
                              c:/devkitPro/libogc/lib/wii\libwiiuse.a(wpad.o) (BTE_Init)
c:/devkitPro/libogc/lib/wii\libbte.a(hci.o)
                              c:/devkitPro/libogc/lib/wii\libbte.a(bte.o) (hci_init)
c:/devkitPro/libogc/lib/wii\libbte.a(l2cap.o)
                              c:/devkitPro/libogc/lib/wii\libbte.a(bte.o) (l2cap_init)
c:/devkitPro/libogc/lib/wii\libbte.a(btmemb.o)
                              c:/devkitPro/libogc/lib/wii\libbte.a(bte.o) (btmemb_init)
c:/devkitPro/libogc/lib/wii\libbte.a(btmemr.o)
                              c:/devkitPro/libogc/lib/wii\libbte.a(hci.o) (btmemr_init)
c:/devkitPro/libogc/lib/wii\libbte.a(btpbuf.o)
                              c:/devkitPro/libogc/lib/wii\libbte.a(hci.o) (btpbuf_init)
c:/devkitPro/libogc/lib/wii\libbte.a(physbusif.o)
                              c:/devkitPro/libogc/lib/wii\libbte.a(bte.o) (physbusif_init)
c:/devkitPro/libogc/lib/wii\libogc.a(lwp_queue.o)
                              c:/devkitPro/libogc/lib/wii\libwiiuse.a(io_wii.o) (__lwp_queue_initialize)
c:/devkitPro/libogc/lib/wii\libogc.a(lwp_threads.o)
                              c:/devkitPro/libogc/lib/wii\libwiiuse.a(wpad.o) (_thread_dispatch_disable_level)
c:/devkitPro/libogc/lib/wii\libogc.a(lwp.o)
                              GRRMOD_core.o (LWP_CreateThread)
c:/devkitPro/libogc/lib/wii\libogc.a(lwp_handler.o)
                              c:/devkitPro/libogc/lib/wii\libogc.a(lwp_threads.o) (_cpu_context_save_fp)
c:/devkitPro/libogc/lib/wii\libogc.a(lwp_stack.o)
                              c:/devkitPro/libogc/lib/wii\libogc.a(lwp_threads.o) (__lwp_stack_allocate)
c:/devkitPro/libogc/lib/wii\libogc.a(lwp_watchdog.o)
                              c:/devkitPro/libogc/lib/wii\libogc.a(lwp_threads.o) (_wd_ticks_queue)
c:/devkitPro/libogc/lib/wii\libogc.a(lwp_wkspace.o)
                              c:/devkitPro/libogc/lib/wii\libwiiuse.a(io.o) (__wkspace_heap)
c:/devkitPro/libogc/lib/wii\libogc.a(lwp_objmgr.o)
                              c:/devkitPro/libogc/lib/wii\libogc.a(lwp.o) (__lwp_objmgr_initinfo)
c:/devkitPro/libogc/lib/wii\libogc.a(lwp_heap.o)
                              c:/devkitPro/libogc/lib/wii\libogc.a(lwp_wkspace.o) (__lwp_heap_init)
c:/devkitPro/libogc/lib/wii\libogc.a(sys_state.o)
                              c:/devkitPro/libogc/lib/wii\libogc.a(lwp_threads.o) (_sys_state_curr)
c:/devkitPro/libogc/lib/wii\libogc.a(irq.o)
                              c:/devkitPro/libogc/lib/wii\libwiiuse.a(io_wii.o) (IRQ_Disable)
c:/devkitPro/libogc/lib/wii\libogc.a(video.o)
                              main.o (VIDEO_WaitVSync)
c:/devkitPro/libogc/lib/wii\libogc.a(cache_asm.o)
                              c:/devkitPro/libogc/lib/wii\libaesnd.a(aesndlib.o) (DCInvalidateRange)
c:/devkitPro/libogc/lib/wii\libogc.a(system.o)
[...]
Memory Configuration

Name             Origin             Length             Attributes
*default*        0x00000000         0xffffffff

Linker script and memory map

                0x00003400                . = 0x3400

.stub
 *(.stub)
                0x80004000                . = 0x80004000

.init           0x80004000      0x194
 *crt0.o(*.init)
 .init          0x80004000      0x170 c:/devkitPro/libogc/lib/wii\libogc.a(ogc_crt0.o)
                0x80004000                _start
                0x80004140                _memset
 *(.init)
 .init          0x80004170        0xc c:/devkitpro/devkitppc/bin/../lib/gcc/powerpc-eabi/4.6.3/ecrti.o
                0x80004170                __init
 .init          0x8000417c        0x4 c:/devkitpro/devkitppc/bin/../lib/gcc/powerpc-eabi/4.6.3/crtbegin.o
 .init          0x80004180        0x4 c:/devkitpro/devkitppc/bin/../lib/gcc/powerpc-eabi/4.6.3/crtend.o
 .init          0x80004184       0x10 c:/devkitpro/devkitppc/bin/../lib/gcc/powerpc-eabi/4.6.3/ecrtn.o

.rela.dyn       0x80004194        0x0
 .rela.iplt     0x00000000        0x0 c:/devkitpro/devkitppc/bin/../lib/gcc/powerpc-eabi/4.6.3/crtbegin.o

.plt
 *(.plt)

.interp
 *(.interp)

.hash
 *(.hash)

.dynsym
 *(.dynsym)

.dynstr
 *(.dynstr)

.gnu.version
 *(.gnu.version)

.gnu.version_d
 *(.gnu.version_d)

.gnu.version_r
 *(.gnu.version_r)

.rel.init
 *(.rel.init)

.rela.init      0x80004194        0x0
 *(.rela.init)
 .rela.init     0x00000000        0x0 c:/devkitpro/devkitppc/bin/../lib/gcc/powerpc-eabi/4.6.3/crtbegin.o

.rel.text
 *(.rel.text .rel.text.* .rel.gnu.linkonce.t.*)

.rela.text      0x80004194        0x0
 *(.rela.text .rela.text.* .rela.gnu.linkonce.t.*)
 .rela.text     0x00000000        0x0 c:/devkitpro/devkitppc/bin/../lib/gcc/powerpc-eabi/4.6.3/crtbegin.o
 .rela.text.GRRMOD_MOD_SetFrequency
                0x00000000        0x0 c:/devkitpro/devkitppc/bin/../lib/gcc/powerpc-eabi/4.6.3/crtbegin.o
 .rela.text.GRRMOD_MOD_Init
                0x00000000        0x0 c:/devkitpro/devkitppc/bin/../lib/gcc/powerpc-eabi/4.6.3/crtbegin.o
 .rela.text.LoadMidiString
                0x00000000        0x0 c:/devkitpro/devkitppc/bin/../lib/gcc/powerpc-eabi/4.6.3/crtbegin.o
 .rela.text.IT_LoadTitle
                0x00000000        0x0 c:/devkitpro/devkitppc/bin/../lib/gcc/powerpc-eabi/4.6.3/crtbegin.o
 .rela.text.IT_LoadMidiConfiguration
                0x00000000        0x0 c:/devkitpro/devkitppc/bin/../lib/gcc/powerpc-eabi/4.6.3/crtbegin.o
 .rela.text.IT_Load
                0x00000000        0x0 c:/devkitpro/devkitppc/bin/../lib/gcc/powerpc-eabi/4.6.3/crtbegin.o
 .rela.text.IT_Cleanup
                0x00000000        0x0 c:/devkitpro/devkitppc/bin/../lib/gcc/powerpc-eabi/4.6.3/crtbegin.o
 .rela.text.IT_Test
                0x00000000        0x0 c:/devkitpro/devkitppc/bin/../lib/gcc/powerpc-eabi/4.6.3/crtbegin.o
 .rela.text.IT_Init
                0x00000000        0x0 c:/devkitpro/devkitppc/bin/../lib/gcc/powerpc-eabi/4.6.3/crtbegin.o
 .rela.text.MOD_LoadTitle
                0x00000000        0x0 c:/devkitpro/devkitppc/bin/../lib/gcc/powerpc-eabi/4.6.3/crtbegin.o
 .rela.text.ConvertTrack
                0x00000000        0x0 c:/devkitpro/devkitppc/bin/../lib/gcc/powerpc-eabi/4.6.3/crtbegin.o
 .rela.text.MOD_CheckType
                0x00000000        0x0 c:/devkitpro/devkitppc/bin/../lib/gcc/powerpc-eabi/4.6.3/crtbegin.o
 .rela.text.MOD_Test
                0x00000000        0x0 c:/devkitpro/devkitppc/bin/../lib/gcc/powerpc-eabi/4.6.3/crtbegin.o
 .rela.text.MOD_Load
                0x00000000        0x0 c:/devkitpro/devkitppc/bin/../lib/gcc/powerpc-eabi/4.6.3/crtbegin.o
 .rela.text.S3M_LoadTitle
                0x00000000        0x0 c:/devkitpro/devkitppc/bin/../lib/gcc/powerpc-eabi/4.6.3/crtbegin.o
 .rela.text.S3M_Test
                0x00000000        0x0 c:/devkitpro/devkitppc/bin/../lib/gcc/powerpc-eabi/4.6.3/crtbegin.o
 .rela.text.S3M_Load
                0x00000000        0x0 c:/devkitpro/devkitppc/bin/../lib/gcc/powerpc-eabi/4.6.3/crtbegin.o
 .rela.text.S3M_Cleanup
                0x00000000        0x0 c:/devkitpro/devkitppc/bin/../lib/gcc/powerpc-eabi/4.6.3/crtbegin.o
 .rela.text.S3M_Init
                0x00000000        0x0 c:/devkitpro/devkitppc/bin/../lib/gcc/powerpc-eabi/4.6.3/crtbegin.o
 .rela.text.XM_LoadTitle
                0x00000000        0x0 c:/devkitpro/devkitppc/bin/../lib/gcc/powerpc-eabi/4.6.3/crtbegin.o
 .rela.text.XM_Test
                0x00000000        0x0 c:/devkitpro/devkitppc/bin/../lib/gcc/powerpc-eabi/4.6.3/crtbegin.o
 .rela.text.LoadPatterns
                0x00000000        0x0 c:/devkitpro/devkitppc/bin/../lib/gcc/powerpc-eabi/4.6.3/crtbegin.o
 .rela.text.LoadInstruments.part.1
                0x00000000        0x0 c:/devkitpro/devkitppc/bin/../lib/gcc/powerpc-eabi/4.6.3/crtbegin.o
 .rela.text.XM_Load
                0x00000000        0x0 c:/devkitpro/devkitppc/bin/../lib/gcc/powerpc-eabi/4.6.3/crtbegin.o
 .rela.text._mm_malloc
                0x00000000        0x0 c:/devkitpro/devkitppc/bin/../lib/gcc/powerpc-eabi/4.6.3/crtbegin.o
 .rela.text._mm_calloc
                0x00000000        0x0 c:/devkitpro/devkitppc/bin/../lib/gcc/powerpc-eabi/4.6.3/crtbegin.o
 .rela.text.MikMod_Update
                0x00000000        0x0 c:/devkitpro/devkitppc/bin/../lib/gcc/powerpc-eabi/4.6.3/crtbegin.o
 .rela.text.ML_FreeEx
                0x00000000        0x0 c:/devkitpro/devkitppc/bin/../lib/gcc/powerpc-eabi/4.6.3/crtbegin.o
 .rela.text.Player_LoadTitle_internal
                0x00000000        0x0 c:/devkitpro/devkitppc/bin/../lib/gcc/powerpc-eabi/4.6.3/crtbegin.o
 .rela.text.ReadComment
                0x00000000        0x0 c:/devkitpro/devkitppc/bin/../lib/gcc/powerpc-eabi/4.6.3/crtbegin.o
 .rela.text.ReadLinedComment
                0x00000000        0x0 c:/devkitpro/devkitppc/bin/../lib/gcc/powerpc-eabi/4.6.3/crtbegin.o
 .rela.text.AllocPositions
                0x00000000        0x0 c:/devkitpro/devkitppc/bin/../lib/gcc/powerpc-eabi/4.6.3/crtbegin.o
 .rela.text.AllocPatterns
                0x00000000        0x0 c:/devkitpro/devkitppc/bin/../lib/gcc/powerpc-eabi/4.6.3/crtbegin.o
 .rela.text.AllocTracks
                0x00000000        0x0 c:/devkitpro/devkitppc/bin/../lib/gcc/powerpc-eabi/4.6.3/crtbegin.o
 .rela.text.AllocInstruments
                0x00000000        0x0 c:/devkitpro/devkitppc/bin/../lib/gcc/powerpc-eabi/4.6.3/crtbegin.o
 .rela.text.AllocSamples
                0x00000000        0x0 c:/devkitpro/devkitppc/bin/../lib/gcc/powerpc-eabi/4.6.3/crtbegin.o
 .rela.text.Player_LoadGeneric_internal
                0x00000000        0x0 c:/devkitpro/devkitppc/bin/../lib/gcc/powerpc-eabi/4.6.3/crtbegin.o
 .rela.text.AllocLinear
                0x00000000        0x0 c:/devkitpro/devkitppc/bin/../lib/gcc/powerpc-eabi/4.6.3/crtbegin.o
 .rela.text.speed_to_finetune
                0x00000000        0x0 c:/devkitpro/devkitppc/bin/../lib/gcc/powerpc-eabi/4.6.3/crtbegin.o
 .rela.text.S3MIT_CreateOrders
                0x00000000        0x0 c:/devkitpro/devkitppc/bin/../lib/gcc/powerpc-eabi/4.6.3/crtbegin.o
 .rela.text.UniEffect
                0x00000000        0x0 c:/devkitpro/devkitppc/bin/../lib/gcc/powerpc-eabi/4.6.3/crtbegin.o
 .rela.text.UniPTEffect
                0x00000000        0x0 c:/devkitpro/devkitppc/bin/../lib/gcc/powerpc-eabi/4.6.3/crtbegin.o
 .rela.text.S3MIT_ProcessCmd
                0x00000000        0x0 c:/devkitpro/devkitppc/bin/../lib/gcc/powerpc-eabi/4.6.3/crtbegin.o
 .rela.text.INT123_dct64
                0x00000000        0x0 c:/devkitpro/devkitppc/bin/../lib/gcc/powerpc-eabi/4.6.3/crtbegin.o
 .rela.text.INT123_frame_output_format
                0x00000000        0x0 c:/devkitpro/devkitppc/bin/../lib/gcc/powerpc-eabi/4.6.3/crtbegin.o
 .rela.text.mpg123_fmt_none
                0x00000000        0x0 c:/devkitpro/devkitppc/bin/../lib/gcc/powerpc-eabi/4.6.3/crtbegin.o
 .rela.text.mpg123_fmt_all
                0x00000000        0x0 c:/devkitpro/devkitppc/bin/../lib/gcc/powerpc-eabi/4.6.3/crtbegin.o
 .rela.text.mpg123_fmt
                0x00000000        0x0 c:/devkitpro/devkitppc/bin/../lib/gcc/powerpc-eabi/4.6.3/crtbegin.o
 .rela.text.mpg123_info
                0x00000000        0x0 c:/devkitpro/devkitppc/bin/../lib/gcc/powerpc-eabi/4.6.3/crtbegin.o
 .rela.text.INT123_frame_ins2outs
                0x00000000        0x0 c:/devkitpro/devkitppc/bin/../lib/gcc/powerpc-eabi/4.6.3/crtbegin.o
 .rela.text.INT123_frame_outs
                0x00000000        0x0 c:/devkitpro/devkitppc/bin/../lib/gcc/powerpc-eabi/4.6.3/crtbegin.o
 .rela.text.INT123_frame_expect_outsamples
                0x00000000        0x0 c:/devkitpro/devkitppc/bin/../lib/gcc/powerpc-eabi/4.6.3/crtbegin.o
 .rela.text.INT123_frame_offset
                0x00000000        0x0 c:/devkitpro/devkitppc/bin/../lib/gcc/powerpc-eabi/4.6.3/crtbegin.o
 .rela.text.INT123_frame_gapless_update
                0x00000000        0x0 c:/devkitpro/devkitppc/bin/../lib/gcc/powerpc-eabi/4.6.3/crtbegin.o
 .rela.text.INT123_do_rva
                0x00000000        0x0 c:/devkitpro/devkitppc/bin/../lib/gcc/powerpc-eabi/4.6.3/crtbegin.o
 .rela.text.convert_utf16bom
                0x00000000        0x0 c:/devkitpro/devkitppc/bin/../lib/gcc/powerpc-eabi/4.6.3/crtbegin.o
 .rela.text.promote_framename.isra.0
                0x00000000        0x0 c:/devkitpro/devkitppc/bin/../lib/gcc/powerpc-eabi/4.6.3/crtbegin.o
 .rela.text.INT123_id3_to_utf8
                0x00000000        0x0 c:/devkitpro/devkitppc/bin/../lib/gcc/powerpc-eabi/4.6.3/crtbegin.o
 .rela.text.unlikely.store_id3_text
                0x00000000        0x0 c:/devkitpro/devkitppc/bin/../lib/gcc/powerpc-eabi/4.6.3/crtbegin.o
 .rela.text.INT123_parse_new_id3
                0x00000000        0x0 c:/devkitpro/devkitppc/bin/../lib/gcc/powerpc-eabi/4.6.3/crtbegin.o
 .rela.text.INT123_fi_resize
                0x00000000        0x0 c:/devkitpro/devkitppc/bin/../lib/gcc/powerpc-eabi/4.6.3/crtbegin.o
 .rela.text.INT123_do_layer2
                0x00000000        0x0 c:/devkitpro/devkitppc/bin/../lib/gcc/powerpc-eabi/4.6.3/crtbegin.o
 .rela.text.III_dequantize_sample
                0x00000000        0x0 c:/devkitpro/devkitppc/bin/../lib/gcc/powerpc-eabi/4.6.3/crtbegin.o
 .rela.text.INT123_init_layer3
                0x00000000        0x0 c:/devkitpro/devkitppc/bin/../lib/gcc/powerpc-eabi/4.6.3/crtbegin.o
 .rela.text.INT123_dct36
                0x00000000        0x0 c:/devkitpro/devkitppc/bin/../lib/gcc/powerpc-eabi/4.6.3/crtbegin.o
 .rela.text.INT123_do_layer3
                0x00000000        0x0 c:/devkitpro/devkitppc/bin/../lib/gcc/powerpc-eabi/4.6.3/crtbegin.o
 .rela.text.decode_the_frame
                0x00000000        0x0 c:/devkitpro/devkitppc/bin/../lib/gcc/powerpc-eabi/4.6.3/crtbegin.o
 .rela.text.INT123_synth_ntom_set_step
                0x00000000        0x0 c:/devkitpro/devkitppc/bin/../lib/gcc/powerpc-eabi/4.6.3/crtbegin.o
 .rela.text.INT123_set_synth_functions
                0x00000000        0x0 c:/devkitpro/devkitppc/bin/../lib/gcc/powerpc-eabi/4.6.3/crtbegin.o
 .rela.text.INT123_frame_cpu_opt
                0x00000000        0x0 c:/devkitpro/devkitppc/bin/../lib/gcc/powerpc-eabi/4.6.3/crtbegin.o
 .rela.text.decode_header
                0x00000000        0x0 c:/devkitpro/devkitppc/bin/../lib/gcc/powerpc-eabi/4.6.3/crtbegin.o
 .rela.text.INT123_read_frame
                0x00000000        0x0 c:/devkitpro/devkitppc/bin/../lib/gcc/powerpc-eabi/4.6.3/crtbegin.o
 .rela.text.buffered_fullread
                0x00000000        0x0 c:/devkitpro/devkitppc/bin/../lib/gcc/powerpc-eabi/4.6.3/crtbegin.o
 .rela.text.default_init
                0x00000000        0x0 c:/devkitpro/devkitppc/bin/../lib/gcc/powerpc-eabi/4.6.3/crtbegin.o
 .rela.text.icy_fullread
                0x00000000        0x0 c:/devkitpro/devkitppc/bin/../lib/gcc/powerpc-eabi/4.6.3/crtbegin.o
 .rela.text.INT123_feed_more
                0x00000000        0x0 c:/devkitpro/devkitppc/bin/../lib/gcc/powerpc-eabi/4.6.3/crtbegin.o
 .rela.text.INT123_open_feed
                0x00000000        0x0 c:/devkitpro/devkitppc/bin/../lib/gcc/powerpc-eabi/4.6.3/crtbegin.o
 .rela.text.INT123_open_stream
                0x00000000        0x0 c:/devkitpro/devkitppc/bin/../lib/gcc/powerpc-eabi/4.6.3/crtbegin.o
 .rela.text.INT123_make_conv16to8_table
                0x00000000        0x0 c:/devkitpro/devkitppc/bin/../lib/gcc/powerpc-eabi/4.6.3/crtbegin.o
 .rela.text.wiiuse_handshake_expansion
                0x00000000        0x0 c:/devkitpro/devkitppc/bin/../lib/gcc/powerpc-eabi/4.6.3/crtbegin.o
 .rela.text.wiiuse_handshake
                0x00000000        0x0 c:/devkitpro/devkitppc/bin/../lib/gcc/powerpc-eabi/4.6.3/crtbegin.o
 .rela.text.wiiuse_init_cmd_queue
                0x00000000        0x0 c:/devkitpro/devkitppc/bin/../lib/gcc/powerpc-eabi/4.6.3/crtbegin.o
 .rela.text.wiiuse_init
                0x00000000        0x0 c:/devkitpro/devkitppc/bin/../lib/gcc/powerpc-eabi/4.6.3/crtbegin.o
 .rela.text.bt_alarmhandler
                0x00000000        0x0 c:/devkitpro/devkitppc/bin/../lib/gcc/powerpc-eabi/4.6.3/crtbegin.o
 .rela.text.__lwp_thread_calcheir
                0x00000000        0x0 c:/devkitpro/devkitppc/bin/../lib/gcc/powerpc-eabi/4.6.3/crtbegin.o
 .rela.text.__lwp_wd_insert_ticks.constprop.4
                0x00000000        0x0 c:/devkitpro/devkitppc/bin/../lib/gcc/powerpc-eabi/4.6.3/crtbegin.o
 .rela.text.__lwp_rotate_readyqueue
                0x00000000        0x0 c:/devkitpro/devkitppc/bin/../lib/gcc/powerpc-eabi/4.6.3/crtbegin.o
 .rela.text.__lwp_thread_setpriority
                0x00000000        0x0 c:/devkitpro/devkitppc/bin/../lib/gcc/powerpc-eabi/4.6.3/crtbegin.o
 .rela.text.__lwp_thread_close
                0x00000000        0x0 c:/devkitpro/devkitppc/bin/../lib/gcc/powerpc-eabi/4.6.3/crtbegin.o
 .rela.text.__lwp_thread_closeall
                0x00000000        0x0 c:/devkitpro/devkitppc/bin/../lib/gcc/powerpc-eabi/4.6.3/crtbegin.o
 .rela.text.__lwp_thread_startmultitasking
                0x00000000        0x0 c:/devkitpro/devkitppc/bin/../lib/gcc/powerpc-eabi/4.6.3/crtbegin.o
 .rela.text.__lwp_thread_stopmultitasking
                0x00000000        0x0 c:/devkitpro/devkitppc/bin/../lib/gcc/powerpc-eabi/4.6.3/crtbegin.o
 .rela.text.__lwp_thread_coreinit
                0x00000000        0x0 c:/devkitpro/devkitppc/bin/../lib/gcc/powerpc-eabi/4.6.3/crtbegin.o
 .rela.text.__lwp_cntrl_free
                0x00000000        0x0 c:/devkitpro/devkitppc/bin/../lib/gcc/powerpc-eabi/4.6.3/crtbegin.o
 .rela.text.__lwp_tqueue_open
                0x00000000        0x0 c:/devkitpro/devkitppc/bin/../lib/gcc/powerpc-eabi/4.6.3/crtbegin.o
 .rela.text.__lwp_cntrl_open
                0x00000000        0x0 c:/devkitpro/devkitppc/bin/../lib/gcc/powerpc-eabi/4.6.3/crtbegin.o
 .rela.text.__lwp_sysinit
                0x00000000        0x0 c:/devkitpro/devkitppc/bin/../lib/gcc/powerpc-eabi/4.6.3/crtbegin.o
 .rela.text.__lwp_thread_isalive
                0x00000000        0x0 c:/devkitpro/devkitppc/bin/../lib/gcc/powerpc-eabi/4.6.3/crtbegin.o
 .rela.text.__lwp_thread_exists
                0x00000000        0x0 c:/devkitpro/devkitppc/bin/../lib/gcc/powerpc-eabi/4.6.3/crtbegin.o
 .rela.text.__lwp_thread_context
                0x00000000        0x0 c:/devkitpro/devkitppc/bin/../lib/gcc/powerpc-eabi/4.6.3/crtbegin.o
 .rela.text.LWP_CreateThread
                0x00000000        0x0 c:/devkitpro/devkitppc/bin/../lib/gcc/powerpc-eabi/4.6.3/crtbegin.o
 .rela.text.LWP_InitQueue
                0x00000000        0x0 c:/devkitpro/devkitppc/bin/../lib/gcc/powerpc-eabi/4.6.3/crtbegin.o
 .rela.text.LWP_CloseQueue
                0x00000000        0x0 c:/devkitpro/devkitppc/bin/../lib/gcc/powerpc-eabi/4.6.3/crtbegin.o
 .rela.text.__lwp_stack_allocate
                0x00000000        0x0 c:/devkitpro/devkitppc/bin/../lib/gcc/powerpc-eabi/4.6.3/crtbegin.o
 .rela.text.__lwp_stack_free
                0x00000000        0x0 c:/devkitpro/devkitppc/bin/../lib/gcc/powerpc-eabi/4.6.3/crtbegin.o
 .rela.text.__lwp_watchdog_init
                0x00000000        0x0 c:/devkitpro/devkitppc/bin/../lib/gcc/powerpc-eabi/4.6.3/crtbegin.o
 .rela.text.__lwp_wd_tickle
                0x00000000        0x0 c:/devkitpro/devkitppc/bin/../lib/gcc/powerpc-eabi/4.6.3/crtbegin.o
 .rela.text.__lwp_wkspace_heapfree
                0x00000000        0x0 c:/devkitpro/devkitppc/bin/../lib/gcc/powerpc-eabi/4.6.3/crtbegin.o
 .rela.text.__lwp_wkspace_heapused
                0x00000000        0x0 c:/devkitpro/devkitppc/bin/../lib/gcc/powerpc-eabi/4.6.3/crtbegin.o
 .rela.text.__lwp_wkspace_init
                0x00000000        0x0 c:/devkitpro/devkitppc/bin/../lib/gcc/powerpc-eabi/4.6.3/crtbegin.o
 .rela.text.__lwp_objmgr_initinfo
                0x00000000        0x0 c:/devkitpro/devkitppc/bin/../lib/gcc/powerpc-eabi/4.6.3/crtbegin.o
 .rela.text.__irq_init
                0x00000000        0x0 c:/devkitpro/devkitppc/bin/../lib/gcc/powerpc-eabi/4.6.3/crtbegin.o
 .rela.text.__call_resetfuncs
                0x00000000        0x0 c:/devkitpro/devkitppc/bin/../lib/gcc/powerpc-eabi/4.6.3/crtbegin.o
 .rela.text.__locksram
                0x00000000        0x0 c:/devkitpro/devkitppc/bin/../lib/gcc/powerpc-eabi/4.6.3/crtbegin.o
 .rela.text.__lwp_wd_insert_ticks
                0x00000000        0x0 c:/devkitpro/devkitppc/bin/../lib/gcc/powerpc-eabi/4.6.3/crtbegin.o
 .rela.text.__unlocksram
                0x00000000        0x0 c:/devkitpro/devkitppc/bin/../lib/gcc/powerpc-eabi/4.6.3/crtbegin.o
 .rela.text.__sram_writecallback
                0x00000000        0x0 c:/devkitpro/devkitppc/bin/../lib/gcc/powerpc-eabi/4.6.3/crtbegin.o
 .rela.text.__sram_init
                0x00000000        0x0 c:/devkitpro/devkitppc/bin/../lib/gcc/powerpc-eabi/4.6.3/crtbegin.o
 .rela.text.__SYS_SyncSram
                0x00000000        0x0 c:/devkitpro/devkitppc/bin/../lib/gcc/powerpc-eabi/4.6.3/crtbegin.o
 .rela.text.SYS_Init
                0x00000000        0x0 c:/devkitpro/devkitppc/bin/../lib/gcc/powerpc-eabi/4.6.3/crtbegin.o
 .rela.text.SYS_RemoveAlarm
                0x00000000        0x0 c:/devkitpro/devkitppc/bin/../lib/gcc/powerpc-eabi/4.6.3/crtbegin.o
 .rela.text.SYS_CancelAlarm
                0x00000000        0x0 c:/devkitpro/devkitppc/bin/../lib/gcc/powerpc-eabi/4.6.3/crtbegin.o
 .rela.text.__lwp_cond_open
                0x00000000        0x0 c:/devkitpro/devkitppc/bin/../lib/gcc/powerpc-eabi/4.6.3/crtbegin.o
 .rela.text.__lwp_cond_init
                0x00000000        0x0 c:/devkitpro/devkitppc/bin/../lib/gcc/powerpc-eabi/4.6.3/crtbegin.o
 .rela.text.LWP_CondInit
                0x00000000        0x0 c:/devkitpro/devkitppc/bin/../lib/gcc/powerpc-eabi/4.6.3/crtbegin.o
 .rela.text.LWP_CondDestroy
                0x00000000        0x0 c:/devkitpro/devkitppc/bin/../lib/gcc/powerpc-eabi/4.6.3/crtbegin.o
 .rela.text.c_decrementer_handler
                0x00000000        0x0 c:/devkitpro/devkitppc/bin/../lib/gcc/powerpc-eabi/4.6.3/crtbegin.o
 .rela.text.__lwp_mqbox_free
                0x00000000        0x0 c:/devkitpro/devkitppc/bin/../lib/gcc/powerpc-eabi/4.6.3/crtbegin.o
 .rela.text.__lwp_mqbox_open
                0x00000000        0x0 c:/devkitpro/devkitppc/bin/../lib/gcc/powerpc-eabi/4.6.3/crtbegin.o
 .rela.text.__lwp_mqbox_init
                0x00000000        0x0 c:/devkitpro/devkitppc/bin/../lib/gcc/powerpc-eabi/4.6.3/crtbegin.o
 .rela.text.MQ_Init
                0x00000000        0x0 c:/devkitpro/devkitppc/bin/../lib/gcc/powerpc-eabi/4.6.3/crtbegin.o
 .rela.text.__ios_ioctlvformat_parse
                0x00000000        0x0 c:/devkitpro/devkitppc/bin/../lib/gcc/powerpc-eabi/4.6.3/crtbegin.o
 .rela.text.__ioctlvfmtCB
                0x00000000        0x0 c:/devkitpro/devkitppc/bin/../lib/gcc/powerpc-eabi/4.6.3/crtbegin.o
 .rela.text.IOS_IoctlvFormat
                0x00000000        0x0 c:/devkitpro/devkitppc/bin/../lib/gcc/powerpc-eabi/4.6.3/crtbegin.o
 .rela.text.IOS_IoctlvFormatAsync
                0x00000000        0x0 c:/devkitpro/devkitppc/bin/../lib/gcc/powerpc-eabi/4.6.3/crtbegin.o
 .rela.text.nanosleep
                0x00000000        0x0 c:/devkitpro/devkitppc/bin/../lib/gcc/powerpc-eabi/4.6.3/crtbegin.o
 .rela.text.__libc_delete_hook
                0x00000000        0x0 c:/devkitpro/devkitppc/bin/../lib/gcc/powerpc-eabi/4.6.3/crtbegin.o
 .rela.text.__libc_init
                0x00000000        0x0 c:/devkitpro/devkitppc/bin/../lib/gcc/powerpc-eabi/4.6.3/crtbegin.o
 .rela.text.__libc_wrapup
                0x00000000        0x0 c:/devkitpro/devkitppc/bin/../lib/gcc/powerpc-eabi/4.6.3/crtbegin.o
 .rela.text.__CheckARGV
                0x00000000        0x0 c:/devkitpro/devkitppc/bin/../lib/gcc/powerpc-eabi/4.6.3/crtbegin.o
 .rela.text.__lwp_priority_init
                0x00000000        0x0 c:/devkitpro/devkitppc/bin/../lib/gcc/powerpc-eabi/4.6.3/crtbegin.o
 .rela.text.__lwp_wd_remove_ticks
                0x00000000        0x0 c:/devkitpro/devkitppc/bin/../lib/gcc/powerpc-eabi/4.6.3/crtbegin.o
 .rela.text.__lwp_threadqueue_enqueue
                0x00000000        0x0 c:/devkitpro/devkitppc/bin/../lib/gcc/powerpc-eabi/4.6.3/crtbegin.o
 .rela.text.__lwpmq_initialize
                0x00000000        0x0 c:/devkitpro/devkitppc/bin/../lib/gcc/powerpc-eabi/4.6.3/crtbegin.o
 .rela.text.__lwpmq_close
                0x00000000        0x0 c:/devkitpro/devkitppc/bin/../lib/gcc/powerpc-eabi/4.6.3/crtbegin.o
 .rela.text.__systemcall_init
                0x00000000        0x0 c:/devkitpro/devkitppc/bin/../lib/gcc/powerpc-eabi/4.6.3/crtbegin.o
 .rela.text.__exception_init
                0x00000000        0x0 c:/devkitpro/devkitppc/bin/../lib/gcc/powerpc-eabi/4.6.3/crtbegin.o
 .rela.text.__exception_close
                0x00000000        0x0 c:/devkitpro/devkitppc/bin/../lib/gcc/powerpc-eabi/4.6.3/crtbegin.o
 .rela.text.__exception_sethandler
                0x00000000        0x0 c:/devkitpro/devkitppc/bin/../lib/gcc/powerpc-eabi/4.6.3/crtbegin.o
 .rela.text.__lwp_sema_open
                0x00000000        0x0 c:/devkitpro/devkitppc/bin/../lib/gcc/powerpc-eabi/4.6.3/crtbegin.o
 .rela.text.__lwp_sema_init
                0x00000000        0x0 c:/devkitpro/devkitppc/bin/../lib/gcc/powerpc-eabi/4.6.3/crtbegin.o
 .rela.text.LWP_SemInit
                0x00000000        0x0 c:/devkitpro/devkitppc/bin/../lib/gcc/powerpc-eabi/4.6.3/crtbegin.o
 .rela.text.LWP_SemDestroy
                0x00000000        0x0 c:/devkitpro/devkitppc/bin/../lib/gcc/powerpc-eabi/4.6.3/crtbegin.o
 .rela.text.__lwp_mutex_locksupp.constprop.7
                0x00000000        0x0 c:/devkitpro/devkitppc/bin/../lib/gcc/powerpc-eabi/4.6.3/crtbegin.o
 .rela.text.__lwp_mutex_init
                0x00000000        0x0 c:/devkitpro/devkitppc/bin/../lib/gcc/powerpc-eabi/4.6.3/crtbegin.o
 .rela.text.LWP_MutexInit
                0x00000000        0x0 c:/devkitpro/devkitppc/bin/../lib/gcc/powerpc-eabi/4.6.3/crtbegin.o
 .rela.text.LWP_MutexDestroy
                0x00000000        0x0 c:/devkitpro/devkitppc/bin/../lib/gcc/powerpc-eabi/4.6.3/crtbegin.o
 .rela.text.LWP_MutexUnlock
                0x00000000        0x0 c:/devkitpro/devkitppc/bin/../lib/gcc/powerpc-eabi/4.6.3/crtbegin.o
 .rela.text.__GX_FifoLink
                0x00000000        0x0 c:/devkitpro/devkitppc/bin/../lib/gcc/powerpc-eabi/4.6.3/crtbegin.o
 .rela.text.__GX_WriteFifoIntEnable
                0x00000000        0x0 c:/devkitpro/devkitppc/bin/../lib/gcc/powerpc-eabi/4.6.3/crtbegin.o
 .rela.text.__GX_FifoReadEnable
                0x00000000        0x0 c:/devkitpro/devkitppc/bin/../lib/gcc/powerpc-eabi/4.6.3/crtbegin.o
 .rela.text.__GX_FifoReadDisable
                0x00000000        0x0 c:/devkitpro/devkitppc/bin/../lib/gcc/powerpc-eabi/4.6.3/crtbegin.o
 .rela.text.__GX_InitRevBits
                0x00000000        0x0 c:/devkitpro/devkitppc/bin/../lib/gcc/powerpc-eabi/4.6.3/crtbegin.o
 .rela.text.__GXDefTexRegionCallback
                0x00000000        0x0 c:/devkitpro/devkitppc/bin/../lib/gcc/powerpc-eabi/4.6.3/crtbegin.o
 .rela.text.__GXDefTlutRegionCallback
                0x00000000        0x0 c:/devkitpro/devkitppc/bin/../lib/gcc/powerpc-eabi/4.6.3/crtbegin.o
 .rela.text.__GX_FlushTextureState
                0x00000000        0x0 c:/devkitpro/devkitppc/bin/../lib/gcc/powerpc-eabi/4.6.3/crtbegin.o
 .rela.text.__SetSURegs
                0x00000000        0x0 c:/devkitpro/devkitppc/bin/../lib/gcc/powerpc-eabi/4.6.3/crtbegin.o
 .rela.text.__SETVCDFMT
                0x00000000        0x0 c:/devkitpro/devkitppc/bin/../lib/gcc/powerpc-eabi/4.6.3/crtbegin.o
 .rela.text.__GX_SetMatrixIndex
                0x00000000        0x0 c:/devkitpro/devkitppc/bin/../lib/gcc/powerpc-eabi/4.6.3/crtbegin.o
 .rela.text.__GX_SetDirtyState
                0x00000000        0x0 c:/devkitpro/devkitppc/bin/../lib/gcc/powerpc-eabi/4.6.3/crtbegin.o
 .rela.text.__SETVCDATTR
                0x00000000        0x0 c:/devkitpro/devkitppc/bin/../lib/gcc/powerpc-eabi/4.6.3/crtbegin.o
 .rela.text.__GX_WriteFifoIntReset.constprop.6
                0x00000000        0x0 c:/devkitpro/devkitppc/bin/../lib/gcc/powerpc-eabi/4.6.3/crtbegin.o
 .rela.text.__GXCPInterruptHandler
                0x00000000        0x0 c:/devkitpro/devkitppc/bin/../lib/gcc/powerpc-eabi/4.6.3/crtbegin.o
 .rela.text.GX_Flush
                0x00000000        0x0 c:/devkitpro/devkitppc/bin/../lib/gcc/powerpc-eabi/4.6.3/crtbegin.o
 .rela.text.GX_EnableBreakPt
                0x00000000        0x0 c:/devkitpro/devkitppc/bin/../lib/gcc/powerpc-eabi/4.6.3/crtbegin.o
 .rela.text.GX_DisableBreakPt
                0x00000000        0x0 c:/devkitpro/devkitppc/bin/../lib/gcc/powerpc-eabi/4.6.3/crtbegin.o
 .rela.text.GX_AbortFrame
                0x00000000        0x0 c:/devkitpro/devkitppc/bin/../lib/gcc/powerpc-eabi/4.6.3/crtbegin.o
 .rela.text.GX_PixModeSync
                0x00000000        0x0 c:/devkitpro/devkitppc/bin/../lib/gcc/powerpc-eabi/4.6.3/crtbegin.o
 .rela.text.GX_SetMisc
                0x00000000        0x0 c:/devkitpro/devkitppc/bin/../lib/gcc/powerpc-eabi/4.6.3/crtbegin.o
 .rela.text.GX_SetCopyClamp
                0x00000000        0x0 c:/devkitpro/devkitppc/bin/../lib/gcc/powerpc-eabi/4.6.3/crtbegin.o
 .rela.text.GX_SetDispCopyGamma
                0x00000000        0x0 c:/devkitpro/devkitppc/bin/../lib/gcc/powerpc-eabi/4.6.3/crtbegin.o
 .rela.text.GX_SetDispCopyFrame2Field
                0x00000000        0x0 c:/devkitpro/devkitppc/bin/../lib/gcc/powerpc-eabi/4.6.3/crtbegin.o
 .rela.text.GX_SetDispCopyYScale
                0x00000000        0x0 c:/devkitpro/devkitppc/bin/../lib/gcc/powerpc-eabi/4.6.3/crtbegin.o
 .rela.text.GX_SetDispCopyDst
                0x00000000        0x0 c:/devkitpro/devkitppc/bin/../lib/gcc/powerpc-eabi/4.6.3/crtbegin.o
 .rela.text.GX_SetDispCopySrc
                0x00000000        0x0 c:/devkitpro/devkitppc/bin/../lib/gcc/powerpc-eabi/4.6.3/crtbegin.o
 .rela.text.GX_CopyDisp
                0x00000000        0x0 c:/devkitpro/devkitppc/bin/../lib/gcc/powerpc-eabi/4.6.3/crtbegin.o
 .rela.text.GX_CopyTex
                0x00000000        0x0 c:/devkitpro/devkitppc/bin/../lib/gcc/powerpc-eabi/4.6.3/crtbegin.o
 .rela.text.GX_SetTexCopySrc
                0x00000000        0x0 c:/devkitpro/devkitppc/bin/../lib/gcc/powerpc-eabi/4.6.3/crtbegin.o
 .rela.text.GX_SetTexCopyDst
                0x00000000        0x0 c:/devkitpro/devkitppc/bin/../lib/gcc/powerpc-eabi/4.6.3/crtbegin.o
 .rela.text.GX_BeginDispList
                0x00000000        0x0 c:/devkitpro/devkitppc/bin/../lib/gcc/powerpc-eabi/4.6.3/crtbegin.o
 .rela.text.GX_EndDispList
                0x00000000        0x0 c:/devkitpro/devkitppc/bin/../lib/gcc/powerpc-eabi/4.6.3/crtbegin.o
 .rela.text.GX_CallDispList
                0x00000000        0x0 c:/devkitpro/devkitppc/bin/../lib/gcc/powerpc-eabi/4.6.3/crtbegin.o
 .rela.text.GX_SetChanCtrl
                0x00000000        0x0 c:/devkitpro/devkitppc/bin/../lib/gcc/powerpc-eabi/4.6.3/crtbegin.o
 .rela.text.GX_SetChanAmbColor
                0x00000000        0x0 c:/devkitpro/devkitppc/bin/../lib/gcc/powerpc-eabi/4.6.3/crtbegin.o
 .rela.text.GX_SetChanMatColor
                0x00000000        0x0 c:/devkitpro/devkitppc/bin/../lib/gcc/powerpc-eabi/4.6.3/crtbegin.o
 .rela.text.GX_SetVtxDesc
                0x00000000        0x0 c:/devkitpro/devkitppc/bin/../lib/gcc/powerpc-eabi/4.6.3/crtbegin.o
 .rela.text.GX_SetVtxDescv
                0x00000000        0x0 c:/devkitpro/devkitppc/bin/../lib/gcc/powerpc-eabi/4.6.3/crtbegin.o
 .rela.text.GX_GetVtxDescv
                0x00000000        0x0 c:/devkitpro/devkitppc/bin/../lib/gcc/powerpc-eabi/4.6.3/crtbegin.o
 .rela.text.GX_SetVtxAttrFmt
                0x00000000        0x0 c:/devkitpro/devkitppc/bin/../lib/gcc/powerpc-eabi/4.6.3/crtbegin.o
 .rela.text.GX_SetVtxAttrFmtv
                0x00000000        0x0 c:/devkitpro/devkitppc/bin/../lib/gcc/powerpc-eabi/4.6.3/crtbegin.o
 .rela.text.GX_Begin
                0x00000000        0x0 c:/devkitpro/devkitppc/bin/../lib/gcc/powerpc-eabi/4.6.3/crtbegin.o
 .rela.text.GX_SetTexCoordGen2
                0x00000000        0x0 c:/devkitpro/devkitppc/bin/../lib/gcc/powerpc-eabi/4.6.3/crtbegin.o
 .rela.text.GX_SetCurrentMtx
                0x00000000        0x0 c:/devkitpro/devkitppc/bin/../lib/gcc/powerpc-eabi/4.6.3/crtbegin.o
 .rela.text.GX_SetNumTexGens
                0x00000000        0x0 c:/devkitpro/devkitppc/bin/../lib/gcc/powerpc-eabi/4.6.3/crtbegin.o
 .rela.text.GX_SetZMode
                0x00000000        0x0 c:/devkitpro/devkitppc/bin/../lib/gcc/powerpc-eabi/4.6.3/crtbegin.o
 .rela.text.GX_LoadTexObjPreloaded
                0x00000000        0x0 c:/devkitpro/devkitppc/bin/../lib/gcc/powerpc-eabi/4.6.3/crtbegin.o
 .rela.text.GX_SetTexCoordScaleManually
                0x00000000        0x0 c:/devkitpro/devkitppc/bin/../lib/gcc/powerpc-eabi/4.6.3/crtbegin.o
 .rela.text.GX_SetTexCoordCylWrap
                0x00000000        0x0 c:/devkitpro/devkitppc/bin/../lib/gcc/powerpc-eabi/4.6.3/crtbegin.o
 .rela.text.GX_SetTexCoordBias
                0x00000000        0x0 c:/devkitpro/devkitppc/bin/../lib/gcc/powerpc-eabi/4.6.3/crtbegin.o
 .rela.text.GX_SetBlendMode
                0x00000000        0x0 c:/devkitpro/devkitppc/bin/../lib/gcc/powerpc-eabi/4.6.3/crtbegin.o
 .rela.text.GX_ClearVtxDesc
                0x00000000        0x0 c:/devkitpro/devkitppc/bin/../lib/gcc/powerpc-eabi/4.6.3/crtbegin.o
 .rela.text.GX_SetLineWidth
                0x00000000        0x0 c:/devkitpro/devkitppc/bin/../lib/gcc/powerpc-eabi/4.6.3/crtbegin.o
 .rela.text.GX_SetPointSize
                0x00000000        0x0 c:/devkitpro/devkitppc/bin/../lib/gcc/powerpc-eabi/4.6.3/crtbegin.o
 .rela.text.GX_SetTevColorIn
                0x00000000        0x0 c:/devkitpro/devkitppc/bin/../lib/gcc/powerpc-eabi/4.6.3/crtbegin.o
 .rela.text.GX_SetTevAlphaIn
                0x00000000        0x0 c:/devkitpro/devkitppc/bin/../lib/gcc/powerpc-eabi/4.6.3/crtbegin.o
 .rela.text.GX_SetTevColorOp
                0x00000000        0x0 c:/devkitpro/devkitppc/bin/../lib/gcc/powerpc-eabi/4.6.3/crtbegin.o
 .rela.text.GX_SetTevAlphaOp
                0x00000000        0x0 c:/devkitpro/devkitppc/bin/../lib/gcc/powerpc-eabi/4.6.3/crtbegin.o
 .rela.text.GX_SetCullMode
                0x00000000        0x0 c:/devkitpro/devkitppc/bin/../lib/gcc/powerpc-eabi/4.6.3/crtbegin.o
 .rela.text.GX_SetCoPlanar
                0x00000000        0x0 c:/devkitpro/devkitppc/bin/../lib/gcc/powerpc-eabi/4.6.3/crtbegin.o
 .rela.text.GX_EnableTexOffsets
                0x00000000        0x0 c:/devkitpro/devkitppc/bin/../lib/gcc/powerpc-eabi/4.6.3/crtbegin.o
 .rela.text.GX_SetScissor
                0x00000000        0x0 c:/devkitpro/devkitppc/bin/../lib/gcc/powerpc-eabi/4.6.3/crtbegin.o
 .rela.text.GX_SetNumChans
                0x00000000        0x0 c:/devkitpro/devkitppc/bin/../lib/gcc/powerpc-eabi/4.6.3/crtbegin.o
 .rela.text.GX_SetTevOrder
                0x00000000        0x0 c:/devkitpro/devkitppc/bin/../lib/gcc/powerpc-eabi/4.6.3/crtbegin.o
 .rela.text.GX_SetNumTevStages
                0x00000000        0x0 c:/devkitpro/devkitppc/bin/../lib/gcc/powerpc-eabi/4.6.3/crtbegin.o
 .rela.text.GX_SetTevKColorSel
                0x00000000        0x0 c:/devkitpro/devkitppc/bin/../lib/gcc/powerpc-eabi/4.6.3/crtbegin.o
 .rela.text.GX_SetTevKAlphaSel
                0x00000000        0x0 c:/devkitpro/devkitppc/bin/../lib/gcc/powerpc-eabi/4.6.3/crtbegin.o
 .rela.text.GX_SetTevSwapMode
                0x00000000        0x0 c:/devkitpro/devkitppc/bin/../lib/gcc/powerpc-eabi/4.6.3/crtbegin.o
 .rela.text.GX_SetTevSwapModeTable
                0x00000000        0x0 c:/devkitpro/devkitppc/bin/../lib/gcc/powerpc-eabi/4.6.3/crtbegin.o
 .rela.text.GX_SetNumIndStages
                0x00000000        0x0 c:/devkitpro/devkitppc/bin/../lib/gcc/powerpc-eabi/4.6.3/crtbegin.o
 .rela.text.GX_SetIndTexCoordScale
                0x00000000        0x0 c:/devkitpro/devkitppc/bin/../lib/gcc/powerpc-eabi/4.6.3/crtbegin.o
 .rela.text.GX_SetColorUpdate
                0x00000000        0x0 c:/devkitpro/devkitppc/bin/../lib/gcc/powerpc-eabi/4.6.3/crtbegin.o
 .rela.text.GX_SetAlphaUpdate
                0x00000000        0x0 c:/devkitpro/devkitppc/bin/../lib/gcc/powerpc-eabi/4.6.3/crtbegin.o
 .rela.text.GX_SetZCompLoc
                0x00000000        0x0 c:/devkitpro/devkitppc/bin/../lib/gcc/powerpc-eabi/4.6.3/crtbegin.o
 .rela.text.GX_SetPixelFmt
                0x00000000        0x0 c:/devkitpro/devkitppc/bin/../lib/gcc/powerpc-eabi/4.6.3/crtbegin.o
 .rela.text.GX_SetDither
                0x00000000        0x0 c:/devkitpro/devkitppc/bin/../lib/gcc/powerpc-eabi/4.6.3/crtbegin.o
 .rela.text.GX_SetDstAlpha
                0x00000000        0x0 c:/devkitpro/devkitppc/bin/../lib/gcc/powerpc-eabi/4.6.3/crtbegin.o
 .rela.text.GX_SetFieldMode
                0x00000000        0x0 c:/devkitpro/devkitppc/bin/../lib/gcc/powerpc-eabi/4.6.3/crtbegin.o
 .rela.text.GX_SetIndTexOrder
                0x00000000        0x0 c:/devkitpro/devkitppc/bin/../lib/gcc/powerpc-eabi/4.6.3/crtbegin.o
 .rela.text.GX_SetGPMetric
                0x00000000        0x0 c:/devkitpro/devkitppc/bin/../lib/gcc/powerpc-eabi/4.6.3/crtbegin.o
 .rela.text.GX_Init
                0x00000000        0x0 c:/devkitpro/devkitppc/bin/../lib/gcc/powerpc-eabi/4.6.3/crtbegin.o
 .rela.text.GX_ReadGPMetric
                0x00000000        0x0 c:/devkitpro/devkitppc/bin/../lib/gcc/powerpc-eabi/4.6.3/crtbegin.o
 .rela.text.kprintf
                0x00000000        0x0 c:/devkitpro/devkitppc/bin/../lib/gcc/powerpc-eabi/4.6.3/crtbegin.o
 .rela.text.__console_init
                0x00000000        0x0 c:/devkitpro/devkitppc/bin/../lib/gcc/powerpc-eabi/4.6.3/crtbegin.o
 .rela.text.__console_init_ex
                0x00000000        0x0 c:/devkitpro/devkitppc/bin/../lib/gcc/powerpc-eabi/4.6.3/crtbegin.o
 .rela.text.CON_EnableGecko
                0x00000000        0x0 c:/devkitpro/devkitppc/bin/../lib/gcc/powerpc-eabi/4.6.3/crtbegin.o
 .rela.text.atangent
                0x00000000        0x0 c:/devkitpro/devkitppc/bin/../lib/gcc/powerpc-eabi/4.6.3/crtbegin.o
 .rela.text.atangentf
                0x00000000        0x0 c:/devkitpro/devkitppc/bin/../lib/gcc/powerpc-eabi/4.6.3/crtbegin.o
 .rela.text.sinef
                0x00000000        0x0 c:/devkitpro/devkitppc/bin/../lib/gcc/powerpc-eabi/4.6.3/crtbegin.o
 .rela.text.sqrtf
                0x00000000        0x0 c:/devkitpro/devkitppc/bin/../lib/gcc/powerpc-eabi/4.6.3/crtbegin.o
 .rela.text.calloc
                0x00000000        0x0 c:/devkitpro/devkitppc/bin/../lib/gcc/powerpc-eabi/4.6.3/crtbegin.o
 .rela.text.__errno
                0x00000000        0x0 c:/devkitpro/devkitppc/bin/../lib/gcc/powerpc-eabi/4.6.3/crtbegin.o
 .rela.text.exit
                0x00000000        0x0 c:/devkitpro/devkitppc/bin/../lib/gcc/powerpc-eabi/4.6.3/crtbegin.o
 .rela.text.fprintf
                0x00000000        0x0 c:/devkitpro/devkitppc/bin/../lib/gcc/powerpc-eabi/4.6.3/crtbegin.o
 .rela.text.fputs
                0x00000000        0x0 c:/devkitpro/devkitppc/bin/../lib/gcc/powerpc-eabi/4.6.3/crtbegin.o
 .rela.text._malloc_trim_r
                0x00000000        0x0 c:/devkitpro/devkitppc/bin/../lib/gcc/powerpc-eabi/4.6.3/crtbegin.o
 .rela.text._free_r
                0x00000000        0x0 c:/devkitpro/devkitppc/bin/../lib/gcc/powerpc-eabi/4.6.3/crtbegin.o
 .rela.text.fwrite
                0x00000000        0x0 c:/devkitpro/devkitppc/bin/../lib/gcc/powerpc-eabi/4.6.3/crtbegin.o
 .rela.text.setvbuf
                0x00000000        0x0 c:/devkitpro/devkitppc/bin/../lib/gcc/powerpc-eabi/4.6.3/crtbegin.o
 .rela.text._strtod_r
                0x00000000        0x0 c:/devkitpro/devkitppc/bin/../lib/gcc/powerpc-eabi/4.6.3/crtbegin.o
 .rela.text._svfprintf_r
                0x00000000        0x0 c:/devkitpro/devkitppc/bin/../lib/gcc/powerpc-eabi/4.6.3/crtbegin.o
 .rela.text._vfprintf_r
                0x00000000        0x0 c:/devkitpro/devkitppc/bin/../lib/gcc/powerpc-eabi/4.6.3/crtbegin.o
 .rela.text._wcrtomb_r
                0x00000000        0x0 c:/devkitpro/devkitppc/bin/../lib/gcc/powerpc-eabi/4.6.3/crtbegin.o
 .rela.text.wcrtomb
                0x00000000        0x0 c:/devkitpro/devkitppc/bin/../lib/gcc/powerpc-eabi/4.6.3/crtbegin.o
 .rela.text.__call_exitprocs
                0x00000000        0x0 c:/devkitpro/devkitppc/bin/../lib/gcc/powerpc-eabi/4.6.3/crtbegin.o
 .rela.text._dtoa_r
                0x00000000        0x0 c:/devkitpro/devkitppc/bin/../lib/gcc/powerpc-eabi/4.6.3/crtbegin.o
 .rela.text._cleanup_r
                0x00000000        0x0 c:/devkitpro/devkitppc/bin/../lib/gcc/powerpc-eabi/4.6.3/crtbegin.o
 .rela.text.std.isra.0
                0x00000000        0x0 c:/devkitpro/devkitppc/bin/../lib/gcc/powerpc-eabi/4.6.3/crtbegin.o
 .rela.text.__hexdig_init
                0x00000000        0x0 c:/devkitpro/devkitppc/bin/../lib/gcc/powerpc-eabi/4.6.3/crtbegin.o
 .rela.text.__gethex
                0x00000000        0x0 c:/devkitpro/devkitppc/bin/../lib/gcc/powerpc-eabi/4.6.3/crtbegin.o
 .rela.text.__hexnan
                0x00000000        0x0 c:/devkitpro/devkitppc/bin/../lib/gcc/powerpc-eabi/4.6.3/crtbegin.o
 .rela.text.loadlocale
                0x00000000        0x0 c:/devkitpro/devkitppc/bin/../lib/gcc/powerpc-eabi/4.6.3/crtbegin.o
 .rela.text.__smakebuf_r
                0x00000000        0x0 c:/devkitpro/devkitppc/bin/../lib/gcc/powerpc-eabi/4.6.3/crtbegin.o
 .rela.text._findenv_r
                0x00000000        0x0 c:/devkitpro/devkitppc/bin/../lib/gcc/powerpc-eabi/4.6.3/crtbegin.o

.rel.fini
 *(.rel.fini)

.rela.fini
 *(.rela.fini)

.rel.rodata
 *(.rel.rodata .rel.rodata.* .rel.gnu.linkonce.r.*)

.rela.rodata    0x80004194        0x0
 *(.rela.rodata .rela.rodata.* .rela.gnu.linkonce.r.*)
 .rela.rodata.synth_base
                0x00000000        0x0 c:/devkitpro/devkitppc/bin/../lib/gcc/powerpc-eabi/4.6.3/crtbegin.o

.rel.data
 *(.rel.data .rel.data.* .rel.gnu.linkonce.d.*)

.rela.data      0x80004194        0x0
 *(.rela.data .rela.data.* .rela.gnu.linkonce.d.*)
 .rela.data.drv_nos
                0x00000000        0x0 c:/devkitpro/devkitppc/bin/../lib/gcc/powerpc-eabi/4.6.3/crtbegin.o

.rel.tdata
 *(.rel.tdata .rel.tdata.* .rel.gnu.linkonce.td.*)

.rela.tdata
 *(.rela.tdata .rela.tdata.* .rela.gnu.linkonce.td.*)

.rel.tbss
 *(.rel.tbss .rel.tbss.* .rel.gnu.linkonce.tb.*)

.rela.tbss
 *(.rela.tbss .rela.tbss.* .rela.gnu.linkonce.tb.*)

.rel.ctors
 *(.rel.ctors)

.rela.ctors
 *(.rela.ctors)

.rel.dtors
 *(.rel.dtors)

.rela.dtors
 *(.rela.dtors)

.rel.got
 *(.rel.got)

.rela.got
 *(.rela.got)

.rela.got1
 *(.rela.got1)

.rela.got2      0x80004194        0x0
 *(.rela.got2)
 .rela.got2     0x00000000        0x0 c:/devkitpro/devkitppc/bin/../lib/gcc/powerpc-eabi/4.6.3/crtbegin.o

.rel.sdata
 *(.rel.sdata .rel.sdata.* .rel.gnu.linkonce.s.*)

.rela.sdata     0x80004194        0x0
 *(.rela.sdata .rela.sdata.* .rela.gnu.linkonce.s.*)
 .rela.sdata.md_player
                0x00000000        0x0 c:/devkitpro/devkitppc/bin/../lib/gcc/powerpc-eabi/4.6.3/crtbegin.o

.rel.sbss
 *(.rel.sbss .rel.sbss.* .rel.gnu.linkonce.sb.*)

.rela.sbss
 *(.rela.sbss .rela.sbss.* .rel.gnu.linkonce.sb.*)

.rel.sdata2
 *(.rel.sdata2 .rel.sdata2.* .rel.gnu.linkonce.s2.*)

.rela.sdata2
 *(.rela.sdata2 .rela.sdata2.* .rela.gnu.linkonce.s2.*)

.rel.sbss2
 *(.rel.sbss2 .rel.sbss2.* .rel.gnu.linkonce.sb2.*)

.rela.sbss2
 *(.rela.sbss2 .rela.sbss2.* .rela.gnu.linkonce.sb2.*)

.rel.bss
 *(.rel.bss .rel.bss.* .rel.gnu.linkonce.b.*)

.rela.bss
 *(.rela.bss .rela.bss.* .rela.gnu.linkonce.b.*)

.rel.plt
 *(.rel.plt)

.rela.plt
 *(.rela.plt)

.text           0x800041a0    0x47160
 *(.text)
 .text          0x800041a0      0x168 c:/devkitpro/devkitppc/bin/../lib/gcc/powerpc-eabi/4.6.3/crtbegin.o
 .text          0x80004308       0x44 c:/devkitpro/devkitppc/bin/../lib/gcc/powerpc-eabi/4.6.3/../../../../powerpc-eabi/lib/crtmain.o
                0x8000430c                __crtmain
 *fill*         0x8000434c       0x14 00000000
 .text          0x80004360      0x44c c:/devkitPro/libogc/lib/wii\libogc.a(lwp_handler.o)
                0x80004360                _cpu_context_save_fp
                0x800044a0                _cpu_context_restore_fp
                0x800045e0                _cpu_context_switch
                0x800046c0                _cpu_context_save
                0x80004740                _cpu_context_restore
 .text          0x800047ac      0x4f4 c:/devkitPro/libogc/lib/wii\libogc.a(cache_asm.o)
                0x800047ac                DCFlashInvalidate
                0x800047c0                DCEnable
                0x800047d4                DCDisable
                0x800047e8                DCFreeze
                0x800047fc                DCUnfreeze
                0x80004810                DCTouchLoad
                0x80004818                DCBlockZero
                0x80004820                DCBlockStore
                0x80004828                DCBlockFlush
                0x80004830                DCBlockInvalidate
                0x80004838                DCInvalidateRange
                0x80004868                DCFlushRange
                0x8000489c                DCStoreRange
                0x800048d0                DCFlushRangeNoSync
                0x80004900                DCStoreRangeNoSync
                0x80004930                DCZeroRange
                0x80004960                DCTouchRange
                0x80004990                ICInvalidateRange
                0x800049c8                ICFlashInvalidate
                0x800049dc                ICEnable
                0x800049f0                ICDisable
                0x80004a04                ICFreeze
                0x80004a18                ICUnfreeze
                0x80004a2c                ICBlockInvalidate
                0x80004a34                ICSync
                0x80004a3c                L2Init
                0x80004a84                L2Enable
                0x80004aa0                L2Disable
                0x80004ab8                L2GlobalInvalidate
                0x80004b10                __LCEnable
                0x80004bdc                LCDisable
                0x80004c04                LCAllocOneTag
                0x80004c18                LCAllocTags
                0x80004c58                LCLoadBlocks
                0x80004c7c                LCStoreBlocks
 .text          0x80004ca0      0x4a0 c:/devkitPro/libogc/lib/wii\libogc.a(system_asm.o)
                0x80004ca0                __realmode
                0x80004cb8                __configBATS
                0x80004de8                __InitFPRS
                0x80004f14                __InitPS
                0x80004f70                __InitCache
                0x80004fc8                __InitSystem
                0x80005050                __flush_cache
                0x80005084                __reset
                0x800050f4                __InitBATS
                0x80005110                SYS_SwitchFiber
 .text          0x80005140      0x1ac c:/devkitPro/libogc/lib/wii\libogc.a(irq_handler.o)
                0x80005140                irq_exceptionhandler
 .text          0x800052ec      0x1ac c:/devkitPro/libogc/lib/wii\libogc.a(decrementer_handler.o)
                0x800052ec                dec_exceptionhandler
 .text          0x80005498      0x35c c:/devkitPro/libogc/lib/wii\libogc.a(exception_handler.o)
                0x80005498                exceptionhandler_start
                0x80005514                exceptionhandler_patch
                0x80005548                exceptionhandler_end
                0x8000554c                default_exceptionhandler
                0x8000567c                fpu_exceptionhandler
                0x800057c4                systemcallhandler_start
                0x800057f0                systemcallhandler_end
 .text          0x800057f4       0x40 c:/devkitpro/devkitppc/bin/../lib/gcc/powerpc-eabi/4.6.3\libgcc.a(_ashldi3.o)
                0x800057f4                __ashldi3
 .text          0x80005834      0x448 c:/devkitpro/devkitppc/bin/../lib/gcc/powerpc-eabi/4.6.3\libgcc.a(_divdi3.o)
                0x80005834                __divdi3
 .text          0x80005c7c      0x400 c:/devkitpro/devkitppc/bin/../lib/gcc/powerpc-eabi/4.6.3\libgcc.a(_udivdi3.o)
                0x80005c7c                __udivdi3
 .text          0x8000607c      0x3d4 c:/devkitpro/devkitppc/bin/../lib/gcc/powerpc-eabi/4.6.3\libgcc.a(_umoddi3.o)
                0x8000607c                __umoddi3
 .text          0x80006450       0x48 c:/devkitpro/devkitppc/bin/../lib/gcc/powerpc-eabi/4.6.3\libgcc.a(eabi.o)
                0x80006450                __eabi
 .text          0x80006498       0x4c c:/devkitpro/devkitppc/bin/../lib/gcc/powerpc-eabi/4.6.3\libgcc.a(crtsavfpr.o)
                0x80006498                _savefpr_14
                0x8000649c                _savefpr_15
                0x800064a0                _savefpr_16
                0x800064a4                _savefpr_17
                0x800064a8                _savefpr_18
                0x800064ac                _savefpr_19
                0x800064b0                _savefpr_20
                0x800064b4                _savefpr_21
                0x800064b8                _savefpr_22
                0x800064bc                _savefpr_23
                0x800064c0                _savefpr_24
                0x800064c4                _savefpr_25
                0x800064c8                _savefpr_26
                0x800064cc                _savefpr_27
                0x800064d0                _savefpr_28
                0x800064d4                _savefpr_29
                0x800064d8                _savefpr_30
                0x800064dc                _savefpr_31
 .text          0x800064e4       0x4c c:/devkitpro/devkitppc/bin/../lib/gcc/powerpc-eabi/4.6.3\libgcc.a(crtsavgpr.o)
                0x800064e4                _savegpr_14
                0x800064e8                _savegpr_15
                0x800064ec                _savegpr_16
                0x800064f0                _savegpr_17
                0x800064f4                _savegpr_18
                0x800064f8                _savegpr_19
                0x800064fc                _savegpr_20
                0x80006500                _savegpr_21
                0x80006504                _savegpr_22
                0x80006508                _savegpr_23
                0x8000650c                _savegpr_24
                0x80006510                _savegpr_25
                0x80006514                _savegpr_26
                0x80006518                _savegpr_27
                0x8000651c                _savegpr_28
                0x80006520                _savegpr_29
                0x80006524                _savegpr_30
                0x80006528                _savegpr_31
 .text          0x80006530       0x4c c:/devkitpro/devkitppc/bin/../lib/gcc/powerpc-eabi/4.6.3\libgcc.a(crtresgpr.o)
                0x80006530                _restgpr_14
                0x80006534                _restgpr_15
                0x80006538                _restgpr_16
                0x8000653c                _restgpr_17
                0x80006540                _restgpr_18
                0x80006544                _restgpr_19
                0x80006548                _restgpr_20
                0x8000654c                _restgpr_21
                0x80006550                _restgpr_22
                0x80006554                _restgpr_23
                0x80006558                _restgpr_24
                0x8000655c                _restgpr_25
                0x80006560                _restgpr_26
                0x80006564                _restgpr_27
                0x80006568                _restgpr_28
                0x8000656c                _restgpr_29
                0x80006570                _restgpr_30
                0x80006574                _restgpr_31
 .text          0x8000657c       0x58 c:/devkitpro/devkitppc/bin/../lib/gcc/powerpc-eabi/4.6.3\libgcc.a(crtresxfpr.o)
                0x8000657c                _restfpr_14_x
                0x80006580                _restfpr_15_x
                0x80006584                _restfpr_16_x
                0x80006588                _restfpr_17_x
                0x8000658c                _restfpr_18_x
                0x80006590                _restfpr_19_x
                0x80006594                _restfpr_20_x
                0x80006598                _restfpr_21_x
                0x8000659c                _restfpr_22_x
                0x800065a0                _restfpr_23_x
                0x800065a4                _restfpr_24_x
                0x800065a8                _restfpr_25_x
                0x800065ac                _restfpr_26_x
                0x800065b0                _restfpr_27_x
                0x800065b4                _restfpr_28_x
                0x800065b8                _restfpr_29_x
                0x800065bc                _restfpr_30_x
                0x800065c0                _restfpr_31_x
 .text          0x800065d4       0x58 c:/devkitpro/devkitppc/bin/../lib/gcc/powerpc-eabi/4.6.3\libgcc.a(crtresxgpr.o)
                0x800065d4                _restgpr_14_x
                0x800065d8                _restgpr_15_x
                0x800065dc                _restgpr_16_x
                0x800065e0                _restgpr_17_x
                0x800065e4                _restgpr_18_x
                0x800065e8                _restgpr_19_x
                0x800065ec                _restgpr_20_x
                0x800065f0                _restgpr_21_x
                0x800065f4                _restgpr_22_x
                0x800065f8                _restgpr_23_x
                0x800065fc                _restgpr_24_x
                0x80006600                _restgpr_25_x
                0x80006604                _restgpr_26_x
                0x80006608                _restgpr_27_x
                0x8000660c                _restgpr_28_x
                0x80006610                _restgpr_29_x
                0x80006614                _restgpr_30_x
                0x80006618                _restgpr_31_x
 .text          0x8000662c       0x28 c:/devkitpro/devkitppc/bin/../lib/gcc/powerpc-eabi/4.6.3/../../../../powerpc-eabi/lib\libsysbase.a(abort.o)
                0x8000662c                abort
 .text          0x80006654      0x2ec c:/devkitpro/devkitppc/bin/../lib/gcc/powerpc-eabi/4.6.3/../../../../powerpc-eabi/lib\libsysbase.a(iosupport.o)
                0x80006654                setDefaultDevice
                0x8000666c                FindDevice
                0x80006790                RemoveDevice
                0x800067e0                AddDevice
                0x800068fc                GetDeviceOpTab
 .text          0x80006940       0x28 c:/devkitpro/devkitppc/bin/../lib/gcc/powerpc-eabi/4.6.3/../../../../powerpc-eabi/lib\libsysbase.a(_exit.o)
                0x80006940                _exit
 .text          0x80006968       0x90 c:/devkitpro/devkitppc/bin/../lib/gcc/powerpc-eabi/4.6.3/../../../../powerpc-eabi/lib\libsysbase.a(build_argv.o)
                0x80006968                build_argv
 .text          0x800069f8      0x168 c:/devkitpro/devkitppc/bin/../lib/gcc/powerpc-eabi/4.6.3/../../../../powerpc-eabi/lib\libsysbase.a(syscall_support.o)
                0x800069f8                __libc_lock_init
                0x80006a38                __libc_lock_close
                0x80006a78                __libc_lock_release
                0x80006ab8                __libc_lock_acquire
                0x80006af8                __malloc_lock
                0x80006b2c                __malloc_unlock
 .text          0x80006b60       0x98 c:/devkitpro/devkitppc/bin/../lib/gcc/powerpc-eabi/4.6.3/../../../../powerpc-eabi/lib\libsysbase.a(close.o)
                0x80006b60                _close_r
 .text          0x80006bf8       0xc8 c:/devkitpro/devkitppc/bin/../lib/gcc/powerpc-eabi/4.6.3/../../../../powerpc-eabi/lib\libsysbase.a(fstat.o)
                0x80006bf8                _fstat_r
 .text          0x80006cc0        0x8 c:/devkitpro/devkitppc/bin/../lib/gcc/powerpc-eabi/4.6.3/../../../../powerpc-eabi/lib\libsysbase.a(isatty.o)
                0x80006cc0                _isatty_r
 .text          0x80006cc8       0xcc c:/devkitpro/devkitppc/bin/../lib/gcc/powerpc-eabi/4.6.3/../../../../powerpc-eabi/lib\libsysbase.a(lseek.o)
                0x80006cc8                _lseek_r
 .text          0x80006d94       0xac c:/devkitpro/devkitppc/bin/../lib/gcc/powerpc-eabi/4.6.3/../../../../powerpc-eabi/lib\libsysbase.a(read.o)
                0x80006d94                _read_r
 .text          0x80006e40       0x50 c:/devkitpro/devkitppc/bin/../lib/gcc/powerpc-eabi/4.6.3/../../../../powerpc-eabi/lib\libsysbase.a(sbrk.o)
                0x80006e40                _sbrk_r
 .text          0x80006e90       0xac c:/devkitpro/devkitppc/bin/../lib/gcc/powerpc-eabi/4.6.3/../../../../powerpc-eabi/lib\libsysbase.a(write.o)
                0x80006e90                _write_r
 .text          0x80006f3c       0x6c c:/devkitpro/devkitppc/bin/../lib/gcc/powerpc-eabi/4.6.3/../../../../powerpc-eabi/lib\libsysbase.a(flock.o)
                0x80006f3c                __flockfile
                0x80006f84                __funlockfile
 .text          0x80006fa8      0x174 c:/devkitpro/devkitppc/bin/../lib/gcc/powerpc-eabi/4.6.3/../../../../powerpc-eabi/lib\libsysbase.a(handle_manager.o)
                0x80006fa8                __release_handle
                0x80007004                __alloc_handle
                0x800070f8                __get_handle
 .text          0x8000711c       0x6c c:/devkitpro/devkitppc/bin/../lib/gcc/powerpc-eabi/4.6.3/crtend.o
 *(.text.*)
 .text.startup.main
                0x80007188      0x238 main.o
                0x80007188                main
 .text.GRRMOD_MOD_GetSongTitle
                0x800073c0        0xc GRRMOD_MOD.o
                0x800073c0                GRRMOD_MOD_GetSongTitle
 .text.GRRMOD_MOD_GetModType
                0x800073cc        0xc GRRMOD_MOD.o
                0x800073cc                GRRMOD_MOD_GetModType
 .text.GRRMOD_MOD_SetFrequency
                0x800073d8        0xc GRRMOD_MOD.o
                0x800073d8                GRRMOD_MOD_SetFrequency
 .text.GRRMOD_Eof
                0x800073e4       0x28 GRRMOD_MOD.o
 .text.GRRMOD_Get
                0x8000740c       0x28 GRRMOD_MOD.o
 .text.GRRMOD_Tell
                0x80007434        0x8 GRRMOD_MOD.o
 .text.GRRMOD_MOD_Update
                0x8000743c       0x38 GRRMOD_MOD.o
                0x8000743c                GRRMOD_MOD_Update
 .text.GRRMOD_MOD_GetRealVoiceVolume
                0x80007474       0x24 GRRMOD_MOD.o
                0x80007474                GRRMOD_MOD_GetRealVoiceVolume
 .text.GRRMOD_MOD_GetVoiceVolume
                0x80007498       0x24 GRRMOD_MOD.o
                0x80007498                GRRMOD_MOD_GetVoiceVolume
 .text.GRRMOD_MOD_GetVoiceFrequency
                0x800074bc       0x24 GRRMOD_MOD.o
                0x800074bc                GRRMOD_MOD_GetVoiceFrequency
 .text.GRRMOD_MOD_Pause
                0x800074e0       0x20 GRRMOD_MOD.o
                0x800074e0                GRRMOD_MOD_Pause
 .text.GRRMOD_MOD_Stop
                0x80007500       0x28 GRRMOD_MOD.o
                0x80007500                GRRMOD_MOD_Stop
 .text.GRRMOD_MOD_Start
                0x80007528       0x30 GRRMOD_MOD.o
                0x80007528                GRRMOD_MOD_Start
 .text.GRRMOD_MOD_Unload
                0x80007558       0x78 GRRMOD_MOD.o
                0x80007558                GRRMOD_MOD_Unload
 .text.GRRMOD_MOD_SetMOD
                0x800075d0       0xe0 GRRMOD_MOD.o
                0x800075d0                GRRMOD_MOD_SetMOD
 .text.GRRMOD_Read
                0x800076b0       0x6c GRRMOD_MOD.o
 .text.GRRMOD_MOD_End
                0x8000771c       0x20 GRRMOD_MOD.o
                0x8000771c                GRRMOD_MOD_End
 .text.GRRMOD_MOD_Init
                0x8000773c       0x9c GRRMOD_MOD.o
                0x8000773c                GRRMOD_MOD_Init
 .text.GRRMOD_Seek
                0x800077d8       0x44 GRRMOD_MOD.o
 .text.GRRMOD_MOD_Register
                0x8000781c       0xac GRRMOD_MOD.o
                0x8000781c                GRRMOD_MOD_Register
 .text.player   0x800078c8      0x124 GRRMOD_core.o
 .text.__aesndvoicecallback
                0x800079ec       0x64 GRRMOD_core.o
 .text.GRRMOD_Init
                0x80007a50       0xa4 GRRMOD_core.o
                0x80007a50                GRRMOD_Init
 .text.GRRMOD_SetMOD
                0x80007af4       0x2c GRRMOD_core.o
                0x80007af4                GRRMOD_SetMOD
 .text.GRRMOD_Stop
                0x80007b20       0x80 GRRMOD_core.o
                0x80007b20                GRRMOD_Stop
 .text.GRRMOD_Unload
                0x80007ba0       0x30 GRRMOD_core.o
                0x80007ba0                GRRMOD_Unload
 .text.GRRMOD_End
                0x80007bd0       0x30 GRRMOD_core.o
                0x80007bd0                GRRMOD_End
 .text.GRRMOD_Pause
                0x80007c00       0x4c GRRMOD_core.o
                0x80007c00                GRRMOD_Pause
 .text.GRRMOD_SetVolume
                0x80007c4c       0x6c GRRMOD_core.o
                0x80007c4c                GRRMOD_SetVolume
 .text.GRRMOD_Start
                0x80007cb8      0x1b8 GRRMOD_core.o
                0x80007cb8                GRRMOD_Start
 .text.NS_IsThere
                0x80007e70        0x8 drv_nos.o
 .text.NS_Update
                0x80007e78       0x30 drv_nos.o
 .text.NS_CommandLine
                0x80007ea8       0x54 drv_nos.o
 .text.setBuffer
                0x80007efc        0xc drv_nos.o
                0x80007efc                setBuffer
 .text.LoadMidiString
                0x80007f08       0x9c load_it.o
 .text.IT_LoadTitle
                0x80007fa4       0x74 load_it.o
                0x80007fa4                IT_LoadTitle
 .text.IT_LoadMidiConfiguration
                0x80008018      0x230 load_it.o
 .text.IT_Load  0x80008248     0x1f6c load_it.o
                0x80008248                IT_Load
 .text.IT_Cleanup
                0x8000a1b4       0x74 load_it.o
                0x8000a1b4                IT_Cleanup
 .text.IT_Test  0x8000a228       0x60 load_it.o
                0x8000a228                IT_Test
 .text.IT_Init  0x8000a288       0xac load_it.o
                0x8000a288                IT_Init
 .text.MOD_LoadTitle
                0x8000a334       0x80 load_mod.o
 .text.MOD_Cleanup
                0x8000a3b4       0x64 load_mod.o
 .text.ConvertTrack
                0x8000a418      0x2cc load_mod.o
 .text.MOD_Init
                0x8000a6e4       0x38 load_mod.o
 .text.MOD_CheckType
                0x8000a71c      0x320 load_mod.o
 .text.MOD_Test
                0x8000aa3c       0x80 load_mod.o
 .text.MOD_Load
                0x8000aabc      0x8c0 load_mod.o
 .text.S3M_LoadTitle
                0x8000b37c       0x74 load_s3m.o
                0x8000b37c                S3M_LoadTitle
 .text.S3M_Test
                0x8000b3f0       0x80 load_s3m.o
                0x8000b3f0                S3M_Test
 .text.S3M_Load
                0x8000b470      0xd7c load_s3m.o
                0x8000b470                S3M_Load
 .text.S3M_Cleanup
                0x8000c1ec       0x58 load_s3m.o
                0x8000c1ec                S3M_Cleanup
 .text.S3M_Init
                0x8000c244       0x84 load_s3m.o
                0x8000c244                S3M_Init
 .text.FixEnvelope
                0x8000c2c8       0x7c load_xm.o
 .text.XM_LoadTitle
                0x8000c344       0x74 load_xm.o
                0x8000c344                XM_LoadTitle
 .text.XM_Cleanup
                0x8000c3b8       0x40 load_xm.o
                0x8000c3b8                XM_Cleanup
 .text.XM_Convert
                0x8000c3f8      0x4d4 load_xm.o
 .text.XM_Init  0x8000c8cc       0x38 load_xm.o
                0x8000c8cc                XM_Init
 .text.XM_Test  0x8000c904       0x7c load_xm.o
                0x8000c904                XM_Test
 .text.LoadPatterns
                0x8000c980      0x5d4 load_xm.o
 .text.LoadInstruments.part.1
                0x8000cf54      0x9ac load_xm.o
 .text.XM_Load  0x8000d900      0x6ac load_xm.o
                0x8000d900                XM_Load
 .text._mm_malloc
                0x8000dfac       0x6c mmalloc.o
                0x8000dfac                _mm_malloc
 .text._mm_calloc
                0x8000e018       0x64 mmalloc.o
                0x8000e018                _mm_calloc
 .text._mm_iobase_setcur
                0x8000e07c       0x44 mmio.o
                0x8000e07c                _mm_iobase_setcur
 .text._mm_iobase_revert
                0x8000e0c0       0x14 mmio.o
                0x8000e0c0                _mm_iobase_revert
 .text._mm_read_string
                0x8000e0d4       0x3c mmio.o
                0x8000e0d4                _mm_read_string
 .text._mm_read_M_UWORD
                0x8000e110       0x54 mmio.o
                0x8000e110                _mm_read_M_UWORD
 .text._mm_read_I_UWORD
                0x8000e164       0x5c mmio.o
                0x8000e164                _mm_read_I_UWORD
 .text._mm_read_I_ULONG
                0x8000e1c0       0x9c mmio.o
                0x8000e1c0                _mm_read_I_ULONG
 .text._mm_read_M_SWORDS
                0x8000e25c       0xa4 mmio.o
                0x8000e25c                _mm_read_M_SWORDS
 .text._mm_read_I_SWORDS
                0x8000e300       0xa8 mmio.o
                0x8000e300                _mm_read_I_SWORDS
 .text._mm_read_I_UWORDS
                0x8000e3a8       0xa8 mmio.o
                0x8000e3a8                _mm_read_I_UWORDS
 .text._mm_read_I_ULONGS
                0x8000e450       0x78 mmio.o
                0x8000e450                _mm_read_I_ULONGS
 .text._mm_registeralldrivers
                0x8000e4c8       0x28 mdreg.o
                0x8000e4c8                _mm_registeralldrivers
 .text.MikMod_RegisterAllDrivers
                0x8000e4f0        0x4 mdreg.o
                0x8000e4f0                MikMod_RegisterAllDrivers
 .text.MD_SampleSpace
                0x8000e4f4       0xa0 mdriver.o
                0x8000e4f4                MD_SampleSpace
 .text.MD_SampleLength
                0x8000e594       0xa0 mdriver.o
                0x8000e594                MD_SampleLength
 .text._mm_registerdriver
                0x8000e634       0x4c mdriver.o
                0x8000e634                _mm_registerdriver
 .text.MD_SampleLoad
                0x8000e680       0x94 mdriver.o
                0x8000e680                MD_SampleLoad
 .text.MD_SampleUnload
                0x8000e714       0x30 mdriver.o
                0x8000e714                MD_SampleUnload
 .text.MikMod_Update
                0x8000e744       0x88 mdriver.o
                0x8000e744                MikMod_Update
 .text.Voice_SetVolume_internal
                0x8000e7cc       0xbc mdriver.o
                0x8000e7cc                Voice_SetVolume_internal
 .text.Voice_GetVolume
                0x8000e888       0x60 mdriver.o
                0x8000e888                Voice_GetVolume
 .text.Voice_SetFrequency_internal
                0x8000e8e8       0x74 mdriver.o
                0x8000e8e8                Voice_SetFrequency_internal
 .text.Voice_GetFrequency
                0x8000e95c       0x60 mdriver.o
                0x8000e95c                Voice_GetFrequency
 .text.Voice_SetPanning_internal
                0x8000e9bc       0xa0 mdriver.o
                0x8000e9bc                Voice_SetPanning_internal
 .text.Voice_Play_internal
                0x8000ea5c       0xac mdriver.o
                0x8000ea5c                Voice_Play_internal
 .text.Voice_Stop_internal
                0x8000eb08       0x70 mdriver.o
                0x8000eb08                Voice_Stop_internal
 .text.Voice_Stopped_internal
                0x8000eb78       0x60 mdriver.o
                0x8000eb78                Voice_Stopped_internal
 .text.Voice_RealVolume
                0x8000ebd8       0x58 mdriver.o
                0x8000ebd8                Voice_RealVolume
 .text.MikMod_EnableOutput
                0x8000ec30       0x84 mdriver.o
                0x8000ec30                MikMod_EnableOutput
 .text.MikMod_DisableOutput_internal
                0x8000ecb4       0x50 mdriver.o
                0x8000ecb4                MikMod_DisableOutput_internal
 .text.MikMod_Exit_internal
                0x8000ed04       0xa8 mdriver.o
                0x8000ed04                MikMod_Exit_internal
 .text._mm_init
                0x8000edac      0x23c mdriver.o
 .text.MikMod_Init
                0x8000efe8        0x4 mdriver.o
                0x8000efe8                MikMod_Init
 .text.MikMod_Exit
                0x8000efec        0x4 mdriver.o
                0x8000efec                MikMod_Exit
 .text.MikMod_SetNumVoices_internal
                0x8000eff0      0x4ec mdriver.o
                0x8000eff0                MikMod_SetNumVoices_internal
 .text.MikMod_Active
                0x8000f4dc        0xc mdriver.o
                0x8000f4dc                MikMod_Active
 .text.MD_GetAtom
                0x8000f4e8      0x164 mdriver.o
                0x8000f4e8                MD_GetAtom
 .text.ML_FreeEx
                0x8000f64c      0x1f8 mloader.o
 .text._mm_registerloader
                0x8000f844       0x34 mloader.o
                0x8000f844                _mm_registerloader
 .text.ReadComment
                0x8000f878      0x100 mloader.o
                0x8000f878                ReadComment
 .text.AllocPositions
                0x8000f978       0x5c mloader.o
                0x8000f978                AllocPositions
 .text.AllocPatterns
                0x8000f9d4      0x118 mloader.o
                0x8000f9d4                AllocPatterns
 .text.AllocTracks
                0x8000faec       0x70 mloader.o
                0x8000faec                AllocTracks
 .text.AllocInstruments
                0x8000fb5c       0xc8 mloader.o
                0x8000fb5c                AllocInstruments
 .text.AllocSamples
                0x8000fc24       0xc0 mloader.o
                0x8000fc24                AllocSamples
 .text.DupStr   0x8000fce4      0x118 mloader.o
                0x8000fce4                DupStr
 .text.Player_Free_internal
                0x8000fdfc       0x48 mloader.o
                0x8000fdfc                Player_Free_internal
 .text.Player_Free
                0x8000fe44        0x4 mloader.o
                0x8000fe44                Player_Free
 .text.Player_LoadGeneric_internal
                0x8000fe48      0x480 mloader.o
                0x8000fe48                Player_LoadGeneric_internal
 .text.Player_LoadGeneric
                0x800102c8        0x4 mloader.o
                0x800102c8                Player_LoadGeneric
 .text.MikMod_RegisterAllLoaders_internal
                0x800102cc       0x4c mlreg.o
                0x800102cc                MikMod_RegisterAllLoaders_internal
 .text.MikMod_RegisterAllLoaders
                0x80010318        0x4 mlreg.o
                0x80010318                MikMod_RegisterAllLoaders
 .text.AllocLinear
                0x8001031c       0x70 mlutil.o
                0x8001031c                AllocLinear
 .text.FreeLinear
                0x8001038c       0x4c mlutil.o
                0x8001038c                FreeLinear
 .text.speed_to_finetune
                0x800103d8      0x13c mlutil.o
                0x800103d8                speed_to_finetune
 .text.S3MIT_CreateOrders
                0x80010514      0x128 mlutil.o
                0x80010514                S3MIT_CreateOrders
 .text.UniEffect
                0x8001063c       0x88 mlutil.o
                0x8001063c                UniEffect
 .text.UniPTEffect
                0x800106c4       0x20 mlutil.o
                0x800106c4                UniPTEffect
 .text.S3MIT_ProcessCmd
                0x800106e4      0x39c mlutil.o
                0x800106e4                S3MIT_ProcessCmd
 .text.UniVolEffect
                0x80010a80       0x58 mlutil.o
                0x80010a80                UniVolEffect
 .text.StartEnvelope
                0x80010ad8       0xac mplayer.o
 .text.DoToneSlide
                0x80010b84       0xd8 mplayer.o
 .text.DoKeyOff
                0x80010c5c       0x2c mplayer.o
 .text.Player_Init_internal
                0x80010c88      0x104 mplayer.o
 .text.DoITEffectW
                0x80010d8c      0x114 mplayer.o
 .text.DoITEffectT
                0x80010ea0       0x88 mplayer.o
 .text.DoITEffectP
                0x80010f28      0x100 mplayer.o
 .text.DoITEffectN
                0x80011028      0x110 mplayer.o
 .text.DoITEffectI
                0x80011138       0xbc mplayer.o
 .text.DoXMEffectX2
                0x800111f4       0x80 mplayer.o
 .text.DoXMEffectX1
                0x80011274       0x80 mplayer.o
 .text.DoXMEffectP
                0x800112f4       0xdc mplayer.o
 .text.DoXMEffectL
                0x800113d0       0xcc mplayer.o
 .text.DoXMEffectG
                0x8001149c       0x4c mplayer.o
 .text.DoXMEffectEB
                0x800114e8       0x78 mplayer.o
 .text.DoXMEffectEA
                0x80011560       0x78 mplayer.o
 .text.DoXMEffectA
                0x800115d8       0xb4 mplayer.o
 .text.DoS3MEffectT
                0x8001168c       0x64 mplayer.o
 .text.DoS3MEffectI
                0x800116f0       0xc8 mplayer.o
 .text.DoS3MEffectF
                0x800117b8       0xcc mplayer.o
 .text.DoS3MEffectE
                0x80011884       0xcc mplayer.o
 .text.DoS3MEffectA
                0x80011950       0x90 mplayer.o
 .text.DoPTEffectF
                0x800119e0       0xb0 mplayer.o
 .text.DoPTEffectD
                0x80011a90      0x100 mplayer.o
 .text.DoPTEffectC
                0x80011b90       0x70 mplayer.o
 .text.DoPTEffectB
                0x80011c00      0x11c mplayer.o
 .text.DoPTEffect8
                0x80011d1c       0x68 mplayer.o
 .text.DoPTEffect3
                0x80011d84       0x70 mplayer.o
 .text.DoNothing
                0x80011df4       0x24 mplayer.o
 .text.DoMEDSpeed
                0x80011e18       0x34 mplayer.o
 .text.getrandom
                0x80011e4c       0x6c mplayer.o
 .text.DoS3MEffectR
                0x80011eb8      0x13c mplayer.o
 .text.ProcessEnvelope.isra.0.part.1
                0x80011ff4      0x1ec mplayer.o
 .text.DoVolSlide.isra.2
                0x800121e0       0x54 mplayer.o
 .text.DoPTEffectA
                0x80012234       0x50 mplayer.o
 .text.DoPTEffect5
                0x80012284       0x78 mplayer.o
 .text.DoS3MVolSlide.isra.4
                0x800122fc       0xe8 mplayer.o
 .text.DoS3MEffectD
                0x800123e4       0x58 mplayer.o
 .text.DoITToneSlide.part.7
                0x8001243c       0xc8 mplayer.o
 .text.DoNNAEffects.isra.8
                0x80012504      0x22c mplayer.o
 .text.DoITEffectM
                0x80012730       0x88 mplayer.o
 .text.DoITEffectG
                0x800127b8       0x88 mplayer.o
 .text.DoXMEffectH
                0x80012840       0xc0 mplayer.o
 .text.DoXMEffectE2
                0x80012900       0x70 mplayer.o
 .text.DoXMEffectE1
                0x80012970       0x70 mplayer.o
 .text.DoKeyFade
                0x800129e0       0x98 mplayer.o
 .text.DoS3MEffectQ
                0x80012a78      0x1bc mplayer.o
 .text.DoPTEffect9
                0x80012c34       0x94 mplayer.o
 .text.DoPTEffect2
                0x80012cc8       0x78 mplayer.o
 .text.DoPTEffect1
                0x80012d40       0x78 mplayer.o
 .text.DoULTEffect9
                0x80012db8       0x7c mplayer.o
 .text.DoITEffectY
                0x80012e34      0x164 mplayer.o
 .text.DoITEffectU
                0x80012f98      0x118 mplayer.o
 .text.DoITVibrato
                0x800130b0      0x100 mplayer.o
 .text.DoITEffectH
                0x800131b0       0x50 mplayer.o
 .text.DoVolEffects
                0x80013200      0x2a4 mplayer.o
 .text.DoVibrato.part.24
                0x800134a4       0xdc mplayer.o
 .text.DoXMEffect6
                0x80013580       0x90 mplayer.o
 .text.DoPTEffect6
                0x80013610       0xa0 mplayer.o
 .text.DoPTEffect4
                0x800136b0       0x9c mplayer.o
 .text.DoS3MEffectU
                0x8001374c      0x12c mplayer.o
 .text.DoPTEffect7
                0x80013878      0x158 mplayer.o
 .text.GetPeriod
                0x800139d0       0xfc mplayer.o
 .text.DoArpeggio
                0x80013acc      0x158 mplayer.o
 .text.DoOktArp
                0x80013c24       0x98 mplayer.o
 .text.DoPTEffect0
                0x80013cbc       0x88 mplayer.o
 .text.DoEEffects
                0x80013d44      0x2f4 mplayer.o
 .text.DoMEDEffectF3
                0x80014038       0x40 mplayer.o
 .text.DoMEDEffectF2
                0x80014078       0x34 mplayer.o
 .text.DoMEDEffectF1
                0x800140ac       0x34 mplayer.o
 .text.DoITEffectS0
                0x800140e0      0x288 mplayer.o
 .text.DoPTEffectE
                0x80014368       0x5c mplayer.o
 .text.getlinearperiod
                0x800143c4       0x18 mplayer.o
                0x800143c4                getlinearperiod
 .text.getfrequency
                0x800143dc       0xa8 mplayer.o
                0x800143dc                getfrequency
 .text.pt_UpdateVoices
                0x80014484      0x824 mplayer.o
                0x80014484                pt_UpdateVoices
 .text.pt_Notes
                0x80014ca8      0x4f0 mplayer.o
                0x80014ca8                pt_Notes
 .text.pt_EffectsPass1
                0x80015198      0x250 mplayer.o
                0x80015198                pt_EffectsPass1
 .text.pt_NNA   0x800153e8      0x260 mplayer.o
                0x800153e8                pt_NNA
 .text.pt_SetupVoices
                0x80015648      0x2c8 mplayer.o
                0x80015648                pt_SetupVoices
 .text.pt_EffectsPass2
                0x80015910       0xe0 mplayer.o
                0x80015910                pt_EffectsPass2
 .text.Player_HandleTick
                0x800159f0      0x368 mplayer.o
                0x800159f0                Player_HandleTick
 .text.Player_Init
                0x80015d58       0x98 mplayer.o
                0x80015d58                Player_Init
 .text.Player_Start
                0x80015df0       0xb4 mplayer.o
                0x80015df0                Player_Start
 .text.Player_Stop_internal
                0x80015ea4       0x54 mplayer.o
                0x80015ea4                Player_Stop_internal
 .text.Player_Exit_internal
                0x80015ef8       0x80 mplayer.o
                0x80015ef8                Player_Exit_internal
 .text.Player_Stop
                0x80015f78        0x4 mplayer.o
                0x80015f78                Player_Stop
 .text.Player_SetPosition
                0x80015f7c      0x168 mplayer.o
                0x80015f7c                Player_SetPosition
 .text.Player_TogglePause
                0x800160e4       0x20 mplayer.o
                0x800160e4                Player_TogglePause
 .text.UniExpand
                0x80016104       0x9c munitrk.o
 .text.UniSetRow
                0x800161a0       0x3c munitrk.o
                0x800161a0                UniSetRow
 .text.UniGetByte
                0x800161dc       0x34 munitrk.o
                0x800161dc                UniGetByte
 .text.UniGetWord
                0x80016210       0x84 munitrk.o
                0x80016210                UniGetWord
 .text.UniSkipOpcode
                0x80016294       0x6c munitrk.o
                0x80016294                UniSkipOpcode
 .text.UniFindRow
                0x80016300       0x60 munitrk.o
                0x80016300                UniFindRow
 .text.UniReset
                0x80016360       0x30 munitrk.o
                0x80016360                UniReset
 .text.UniWriteByte
                0x80016390       0x54 munitrk.o
                0x80016390                UniWriteByte
 .text.UniWriteWord
                0x800163e4       0x64 munitrk.o
                0x800163e4                UniWriteWord
 .text.UniNewline
                0x80016448      0x150 munitrk.o
                0x80016448                UniNewline
 .text.UniDup   0x80016598       0x94 munitrk.o
                0x80016598                UniDup
 .text.UniInit  0x8001662c       0x44 munitrk.o
                0x8001662c                UniInit
 .text.UniCleanup
                0x80016670       0x40 munitrk.o
                0x80016670                UniCleanup
 .text.SL_Init  0x800166b0       0x90 sloader.o
                0x800166b0                SL_Init
 .text.SL_Exit  0x80016740       0x64 sloader.o
                0x80016740                SL_Exit
 .text.SL_Load  0x800167a4      0x9a8 sloader.o
                0x800167a4                SL_Load
 .text.SL_RegisterSample
                0x8001714c       0xdc sloader.o
                0x8001714c                SL_RegisterSample
 .text.SL_Sample8to16
                0x80017228       0x28 sloader.o
                0x80017228                SL_Sample8to16
 .text.SL_SampleSigned
                0x80017250       0x28 sloader.o
                0x80017250                SL_SampleSigned
 .text.SL_HalveSample
                0x80017278       0x8c sloader.o
                0x80017278                SL_HalveSample
 .text.DitherSamples
                0x80017304      0x2a4 sloader.o
 .text.SL_LoadSamples
                0x800175a8       0xb8 sloader.o
                0x800175a8                SL_LoadSamples
 .text.MixReverb_Normal
                0x80017660      0x380 virtch.o
 .text.MixReverb_Stereo
                0x800179e0      0x58c virtch.o
 .text.samples2bytes
                0x80017f6c       0x3c virtch.o
 .text.VC1_SilenceBytes
                0x80017fa8       0xdc virtch.o
                0x80017fa8                VC1_SilenceBytes
 .text.VC1_Exit
                0x80018084       0x84 virtch.o
                0x80018084                VC1_Exit
 .text.VC1_VoiceGetVolume
                0x80018108       0x18 virtch.o
                0x80018108                VC1_VoiceGetVolume
 .text.VC1_VoiceGetPanning
                0x80018120       0x18 virtch.o
                0x80018120                VC1_VoiceGetPanning
 .text.VC1_VoiceSetFrequency
                0x80018138       0x18 virtch.o
                0x80018138                VC1_VoiceSetFrequency
 .text.VC1_VoiceGetFrequency
                0x80018150       0x18 virtch.o
                0x80018150                VC1_VoiceGetFrequency
 .text.VC1_VoicePlay
                0x80018168       0x34 virtch.o
                0x80018168                VC1_VoicePlay
 .text.VC1_VoiceStop
                0x8001819c       0x1c virtch.o
                0x8001819c                VC1_VoiceStop
 .text.VC1_VoiceStopped
                0x800181b8       0x20 virtch.o
                0x800181b8                VC1_VoiceStopped
 .text.VC1_VoiceGetPosition
                0x800181d8       0x2c virtch.o
                0x800181d8                VC1_VoiceGetPosition
 .text.VC1_VoiceSetVolume
                0x80018204       0x3c virtch.o
                0x80018204                VC1_VoiceSetVolume
 .text.VC1_VoiceSetPanning
                0x80018240       0x3c virtch.o
                0x80018240                VC1_VoiceSetPanning
 .text.VC1_SampleUnload
                0x8001827c       0x58 virtch.o
                0x8001827c                VC1_SampleUnload
 .text.VC1_SampleLoad
                0x800182d4      0x23c virtch.o
                0x800182d4                VC1_SampleLoad
 .text.VC1_SampleSpace
                0x80018510        0x8 virtch.o
                0x80018510                VC1_SampleSpace
 .text.VC1_SampleLength
                0x80018518       0x30 virtch.o
                0x80018518                VC1_SampleLength
 .text.VC1_VoiceRealVolume
                0x80018548       0xf4 virtch.o
                0x80018548                VC1_VoiceRealVolume
 .text.VC1_WriteSamples
                0x8001863c     0x1c70 virtch.o
                0x8001863c                VC1_WriteSamples
 .text.VC1_WriteBytes
                0x8001a2ac       0x90 virtch.o
                0x8001a2ac                VC1_WriteBytes
 .text.VC1_Init
                0x8001a33c       0xe8 virtch.o
                0x8001a33c                VC1_Init
 .text.VC1_PlayStart
                0x8001a424      0x388 virtch.o
                0x8001a424                VC1_PlayStart
 .text.VC1_PlayStop
                0x8001a7ac      0x1ec virtch.o
                0x8001a7ac                VC1_PlayStop
 .text.VC1_SetNumVoices
                0x8001a998       0xdc virtch.o
                0x8001a998                VC1_SetNumVoices
 .text.MixReverb_Normal
                0x8001aa74      0x380 virtch2.o
 .text.MixReverb_Stereo
                0x8001adf4      0x58c virtch2.o
 .text.Mix32ToFP_Normal
                0x8001b380       0xfc virtch2.o
 .text.Mix32ToFP_Stereo
                0x8001b47c      0x1a4 virtch2.o
 .text.Mix32To16_Normal
                0x8001b620       0xd4 virtch2.o
 .text.Mix32To16_Stereo
                0x8001b6f4       0xe4 virtch2.o
 .text.Mix32To8_Normal
                0x8001b7d8       0xc8 virtch2.o
 .text.Mix32To8_Stereo
                0x8001b8a0       0xf0 virtch2.o
 .text.samples2bytes
                0x8001b990       0x3c virtch2.o
 .text.VC2_SilenceBytes
                0x8001b9cc       0xdc virtch2.o
                0x8001b9cc                VC2_SilenceBytes
 .text.VC2_Exit
                0x8001baa8       0x84 virtch2.o
                0x8001baa8                VC2_Exit
 .text.VC2_VoiceGetVolume
                0x8001bb2c       0x18 virtch2.o
                0x8001bb2c                VC2_VoiceGetVolume
 .text.VC2_VoiceGetPanning
                0x8001bb44       0x18 virtch2.o
                0x8001bb44                VC2_VoiceGetPanning
 .text.VC2_VoiceSetFrequency
                0x8001bb5c       0x18 virtch2.o
                0x8001bb5c                VC2_VoiceSetFrequency
 .text.VC2_VoiceGetFrequency
                0x8001bb74       0x18 virtch2.o
                0x8001bb74                VC2_VoiceGetFrequency
 .text.VC2_VoicePlay
                0x8001bb8c       0x34 virtch2.o
                0x8001bb8c                VC2_VoicePlay
 .text.VC2_VoiceStop
                0x8001bbc0       0x1c virtch2.o
                0x8001bbc0                VC2_VoiceStop
 .text.VC2_VoiceStopped
                0x8001bbdc       0x20 virtch2.o
                0x8001bbdc                VC2_VoiceStopped
 .text.VC2_VoiceGetPosition
                0x8001bbfc       0x2c virtch2.o
                0x8001bbfc                VC2_VoiceGetPosition
 .text.VC2_VoiceSetVolume
                0x8001bc28       0x3c virtch2.o
                0x8001bc28                VC2_VoiceSetVolume
 .text.VC2_VoiceSetPanning
                0x8001bc64       0x3c virtch2.o
                0x8001bc64                VC2_VoiceSetPanning
 .text.VC2_SampleUnload
                0x8001bca0       0x58 virtch2.o
                0x8001bca0                VC2_SampleUnload
 .text.VC2_SampleLoad
                0x8001bcf8      0x23c virtch2.o
                0x8001bcf8                VC2_SampleLoad
 .text.VC2_SampleSpace
                0x8001bf34        0x8 virtch2.o
                0x8001bf34                VC2_SampleSpace
 .text.VC2_SampleLength
                0x8001bf3c       0x30 virtch2.o
                0x8001bf3c                VC2_SampleLength
 .text.VC2_VoiceRealVolume
                0x8001bf6c       0xf4 virtch2.o
                0x8001bf6c                VC2_VoiceRealVolume
 .text.VC2_WriteSamples
                0x8001c060     0x1608 virtch2.o
                0x8001c060                VC2_WriteSamples
 .text.VC2_WriteBytes
                0x8001d668       0x90 virtch2.o
                0x8001d668                VC2_WriteBytes
 .text.VC2_Init
                0x8001d6f8      0x158 virtch2.o
                0x8001d6f8                VC2_Init
 .text.VC2_PlayStart
                0x8001d850      0x398 virtch2.o
                0x8001d850                VC2_PlayStart
 .text.VC2_PlayStop
                0x8001dbe8      0x220 virtch2.o
                0x8001dbe8                VC2_PlayStop
 .text.VC2_SetNumVoices
                0x8001de08       0xec virtch2.o
                0x8001de08                VC2_SetNumVoices
 .text.VC_Init  0x8001def4       0x2c virtch_common.o
                0x8001def4                VC_Init
 .text.VC_Exit  0x8001df20       0x2c virtch_common.o
                0x8001df20                VC_Exit
 .text.VC_SetNumVoices
                0x8001df4c       0x2c virtch_common.o
                0x8001df4c                VC_SetNumVoices
 .text.VC_SampleSpace
                0x8001df78       0x2c virtch_common.o
                0x8001df78                VC_SampleSpace
 .text.VC_SampleLength
                0x8001dfa4       0x2c virtch_common.o
                0x8001dfa4                VC_SampleLength
 .text.VC_PlayStart
                0x8001dfd0       0x2c virtch_common.o
                0x8001dfd0                VC_PlayStart
 .text.VC_PlayStop
                0x8001dffc       0x2c virtch_common.o
                0x8001dffc                VC_PlayStop
 .text.VC_SampleLoad
                0x8001e028       0x2c virtch_common.o
                0x8001e028                VC_SampleLoad
 .text.VC_SampleUnload
                0x8001e054       0x2c virtch_common.o
                0x8001e054                VC_SampleUnload
 .text.VC_WriteBytes
                0x8001e080       0x2c virtch_common.o
                0x8001e080                VC_WriteBytes
 .text.VC_VoiceSetVolume
                0x8001e0ac       0x2c virtch_common.o
                0x8001e0ac                VC_VoiceSetVolume
 .text.VC_VoiceGetVolume
                0x8001e0d8       0x2c virtch_common.o
                0x8001e0d8                VC_VoiceGetVolume
 .text.VC_VoiceSetFrequency
                0x8001e104       0x2c virtch_common.o
                0x8001e104                VC_VoiceSetFrequency
 .text.VC_VoiceGetFrequency
                0x8001e130       0x2c virtch_common.o
                0x8001e130                VC_VoiceGetFrequency
 .text.VC_VoiceSetPanning
                0x8001e15c       0x2c virtch_common.o
                0x8001e15c                VC_VoiceSetPanning
 .text.VC_VoiceGetPanning
                0x8001e188       0x2c virtch_common.o
                0x8001e188                VC_VoiceGetPanning
 .text.VC_VoicePlay
                0x8001e1b4       0x2c virtch_common.o
                0x8001e1b4                VC_VoicePlay
 .text.VC_VoiceStop
                0x8001e1e0       0x2c virtch_common.o
                0x8001e1e0                VC_VoiceStop
 .text.VC_VoiceStopped
                0x8001e20c       0x2c virtch_common.o
                0x8001e20c                VC_VoiceStopped
 .text.VC_VoiceGetPosition
                0x8001e238       0x2c virtch_common.o
                0x8001e238                VC_VoiceGetPosition
 .text.VC_VoiceRealVolume
                0x8001e264       0x2c virtch_common.o
                0x8001e264                VC_VoiceRealVolume
 .text.VC_SetupPointers
                0x8001e290      0x2d8 virtch_common.o
                0x8001e290                VC_SetupPointers
 .text.__wpad_assign_slot
                0x8001e568      0x220 c:/devkitPro/libogc/lib/wii\libwiiuse.a(wpad.o)
                0x8001e568                __wpad_assign_slot
 .text.__wpad_def_powcb
                0x8001e788       0x20 c:/devkitPro/libogc/lib/wii\libwiiuse.a(wpad.o)
 .text.__wpad_setfmt
                0x8001e7a8       0xf0 c:/devkitPro/libogc/lib/wii\libwiiuse.a(wpad.o)
 .text.__readlinkkey_finished
                0x8001e898       0x30 c:/devkitPro/libogc/lib/wii\libwiiuse.a(wpad.o)
 .text.__wpad_patch_finished
                0x8001e8c8       0x2c c:/devkitPro/libogc/lib/wii\libwiiuse.a(wpad.o)
 .text.__wpad_eventCB
                0x8001e8f4      0x958 c:/devkitPro/libogc/lib/wii\libwiiuse.a(wpad.o)
 .text.__wpad_disconnectCB
                0x8001f24c       0xe8 c:/devkitPro/libogc/lib/wii\libwiiuse.a(wpad.o)
                0x8001f24c                __wpad_disconnectCB
 .text.__wpad_timeouthandler
                0x8001f334       0x98 c:/devkitPro/libogc/lib/wii\libwiiuse.a(wpad.o)
 .text.__initcore_finished
                0x8001f3cc       0x40 c:/devkitPro/libogc/lib/wii\libwiiuse.a(wpad.o)
 .text.__wpad_init_finished
                0x8001f40c      0x134 c:/devkitPro/libogc/lib/wii\libwiiuse.a(wpad.o)
 .text.WPAD_ReadEvent
                0x8001f540      0x580 c:/devkitPro/libogc/lib/wii\libwiiuse.a(wpad.o)
                0x8001f540                WPAD_ReadEvent
 .text.WPAD_ReadPending
                0x8001fac0      0x10c c:/devkitPro/libogc/lib/wii\libwiiuse.a(wpad.o)
                0x8001fac0                WPAD_ReadPending
 .text.WPAD_SetDataFormat
                0x8001fbcc      0x114 c:/devkitPro/libogc/lib/wii\libwiiuse.a(wpad.o)
                0x8001fbcc                WPAD_SetDataFormat
 .text.WPAD_Shutdown
                0x8001fce0       0xdc c:/devkitPro/libogc/lib/wii\libwiiuse.a(wpad.o)
                0x8001fce0                WPAD_Shutdown
 .text.WPAD_Init
                0x8001fdbc      0x240 c:/devkitPro/libogc/lib/wii\libwiiuse.a(wpad.o)
                0x8001fdbc                WPAD_Init
 .text.__wpad_onreset
                0x8001fffc       0x2c c:/devkitPro/libogc/lib/wii\libwiiuse.a(wpad.o)
 .text.WPAD_ScanPads
                0x80020028        0xc c:/devkitPro/libogc/lib/wii\libwiiuse.a(wpad.o)
                0x80020028                WPAD_ScanPads
 .text.WPAD_ButtonsDown
                0x80020034       0x28 c:/devkitPro/libogc/lib/wii\libwiiuse.a(wpad.o)
                0x80020034                WPAD_ButtonsDown
 .text.WPAD_ButtonsHeld
                0x8002005c       0x28 c:/devkitPro/libogc/lib/wii\libwiiuse.a(wpad.o)
                0x8002005c                WPAD_ButtonsHeld
 .text.motion_plus_disconnected
                0x80020084       0x10 c:/devkitPro/libogc/lib/wii\libwiiuse.a(motion_plus.o)
                0x80020084                motion_plus_disconnected
 .text.motion_plus_event
                0x80020094       0x64 c:/devkitPro/libogc/lib/wii\libwiiuse.a(motion_plus.o)
                0x80020094                motion_plus_event
 .text.calculate_gforce
                0x800200f8      0x114 c:/devkitPro/libogc/lib/wii\libwiiuse.a(dynamics.o)
                0x800200f8                calculate_gforce
 .text.calc_joystick_state
                0x8002020c      0x21c c:/devkitPro/libogc/lib/wii\libwiiuse.a(dynamics.o)
                0x8002020c                calc_joystick_state
 .text.apply_smoothing
                0x80020428      0x148 c:/devkitPro/libogc/lib/wii\libwiiuse.a(dynamics.o)
                0x80020428                apply_smoothing
 .text.calculate_orientation
                0x80020570      0x29c c:/devkitPro/libogc/lib/wii\libwiiuse.a(dynamics.o)
                0x80020570                calculate_orientation
 .text.calc_balanceboard_state
                0x8002080c      0x36c c:/devkitPro/libogc/lib/wii\libwiiuse.a(dynamics.o)
                0x8002080c                calc_balanceboard_state
 .text.wiiuse_handshake_expansion
                0x80020b78      0x1d4 c:/devkitPro/libogc/lib/wii\libwiiuse.a(io.o)
                0x80020b78                wiiuse_handshake_expansion
 .text.wiiuse_handshake
                0x80020d4c      0x150 c:/devkitPro/libogc/lib/wii\libwiiuse.a(io.o)
                0x80020d4c                wiiuse_handshake
 .text.wiiuse_handshake_expansion_start
                0x80020e9c       0x24 c:/devkitPro/libogc/lib/wii\libwiiuse.a(io.o)
                0x80020e9c                wiiuse_handshake_expansion_start
 .text.wiiuse_disable_expansion
                0x80020ec0       0xc0 c:/devkitPro/libogc/lib/wii\libwiiuse.a(io.o)
                0x80020ec0                wiiuse_disable_expansion
 .text.__wiiuse_disconnected
                0x80020f80       0x90 c:/devkitPro/libogc/lib/wii\libwiiuse.a(io_wii.o)
 .text.__wiiuse_receive
                0x80021010       0x8c c:/devkitPro/libogc/lib/wii\libwiiuse.a(io_wii.o)
 .text.__wiiuse_connected
                0x8002109c       0x7c c:/devkitPro/libogc/lib/wii\libwiiuse.a(io_wii.o)
 .text.__wiiuse_sensorbar_enable
                0x80021118       0x48 c:/devkitPro/libogc/lib/wii\libwiiuse.a(io_wii.o)
                0x80021118                __wiiuse_sensorbar_enable
 .text.wiiuse_register
                0x80021160       0xa4 c:/devkitPro/libogc/lib/wii\libwiiuse.a(io_wii.o)
                0x80021160                wiiuse_register
 .text.wiiuse_disconnect
                0x80021204       0x40 c:/devkitPro/libogc/lib/wii\libwiiuse.a(io_wii.o)
                0x80021204                wiiuse_disconnect
 .text.wiiuse_init_cmd_queue
                0x80021244       0x84 c:/devkitPro/libogc/lib/wii\libwiiuse.a(io_wii.o)
                0x80021244                wiiuse_init_cmd_queue
 .text.wiiuse_io_write
                0x800212c8       0x38 c:/devkitPro/libogc/lib/wii\libwiiuse.a(io_wii.o)
                0x800212c8                wiiuse_io_write
 .text.get_ir_sens.isra.0
                0x80021300       0xe8 c:/devkitPro/libogc/lib/wii\libwiiuse.a(ir.o)
 .text.rotate_dots
                0x800213e8      0x110 c:/devkitPro/libogc/lib/wii\libwiiuse.a(ir.o)
 .text.wiiuse_set_ir_mode
                0x800214f8       0x60 c:/devkitPro/libogc/lib/wii\libwiiuse.a(ir.o)
                0x800214f8                wiiuse_set_ir_mode
 .text.wiiuse_set_ir
                0x80021558      0x190 c:/devkitPro/libogc/lib/wii\libwiiuse.a(ir.o)
                0x80021558                wiiuse_set_ir
 .text.wiiuse_set_ir_position