Archive member included because of file (symbol)

c:/devkitPro/libogc/lib/wii\libwiiuse.a(wpad.o)
                              WiiManager.o (WPAD_SetDataFormat)
c:/devkitPro/libogc/lib/wii\libwiiuse.a(motion_plus.o)
                              c:/devkitPro/libogc/lib/wii\libwiiuse.a(wpad.o) (wiiuse_set_motion_plus)
c:/devkitPro/libogc/lib/wii\libwiiuse.a(dynamics.o)
                              c:/devkitPro/libogc/lib/wii\libwiiuse.a(wpad.o) (calculate_gforce)
c:/devkitPro/libogc/lib/wii\libwiiuse.a(io.o)
                              c:/devkitPro/libogc/lib/wii\libwiiuse.a(motion_plus.o) (wiiuse_disable_expansion)
c:/devkitPro/libogc/lib/wii\libwiiuse.a(io_wii.o)
                              c:/devkitPro/libogc/lib/wii\libwiiuse.a(wpad.o) (__wiiuse_sensorbar_enable)
c:/devkitPro/libogc/lib/wii\libwiiuse.a(ir.o)
                              c:/devkitPro/libogc/lib/wii\libwiiuse.a(motion_plus.o) (wiiuse_set_ir_mode)
c:/devkitPro/libogc/lib/wii\libwiiuse.a(nunchuk.o)
                              c:/devkitPro/libogc/lib/wii\libwiiuse.a(io.o) (nunchuk_handshake)
c:/devkitPro/libogc/lib/wii\libwiiuse.a(wiiboard.o)
                              c:/devkitPro/libogc/lib/wii\libwiiuse.a(io.o) (wii_board_handshake)
c:/devkitPro/libogc/lib/wii\libwiiuse.a(wiiuse.o)
                              c:/devkitPro/libogc/lib/wii\libwiiuse.a(io_wii.o) (wiiuse_send_next_command)
c:/devkitPro/libogc/lib/wii\libwiiuse.a(speaker.o)
                              c:/devkitPro/libogc/lib/wii\libwiiuse.a(wpad.o) (wencdata)
c:/devkitPro/libogc/lib/wii\libwiiuse.a(classic.o)
                              c:/devkitPro/libogc/lib/wii\libwiiuse.a(io.o) (classic_ctrl_handshake)
c:/devkitPro/libogc/lib/wii\libwiiuse.a(events.o)
                              c:/devkitPro/libogc/lib/wii\libwiiuse.a(io_wii.o) (parse_event)
c:/devkitPro/libogc/lib/wii\libwiiuse.a(guitar_hero_3.o)
                              c:/devkitPro/libogc/lib/wii\libwiiuse.a(io.o) (guitar_hero_3_handshake)
c:/devkitPro/libogc/lib/wii\libbte.a(bte.o)
                              c:/devkitPro/libogc/lib/wii\libwiiuse.a(wpad.o) (BTE_Init)
c:/devkitPro/libogc/lib/wii\libbte.a(hci.o)
                              c:/devkitPro/libogc/lib/wii\libbte.a(bte.o) (hci_init)
c:/devkitPro/libogc/lib/wii\libbte.a(l2cap.o)
                              c:/devkitPro/libogc/lib/wii\libbte.a(bte.o) (l2cap_init)
c:/devkitPro/libogc/lib/wii\libbte.a(btmemb.o)
                              c:/devkitPro/libogc/lib/wii\libbte.a(bte.o) (btmemb_init)
c:/devkitPro/libogc/lib/wii\libbte.a(btmemr.o)
                              c:/devkitPro/libogc/lib/wii\libbte.a(hci.o) (btmemr_init)
c:/devkitPro/libogc/lib/wii\libbte.a(btpbuf.o)
                              c:/devkitPro/libogc/lib/wii\libbte.a(hci.o) (btpbuf_init)
c:/devkitPro/libogc/lib/wii\libbte.a(physbusif.o)
                              c:/devkitPro/libogc/lib/wii\libbte.a(bte.o) (physbusif_init)
c:/devkitPro/libogc/lib/wii\libfat.a(libfat.o)
                              wiiFile.o (fatInitDefault)
c:/devkitPro/libogc/lib/wii\libfat.a(partition.o)
                              c:/devkitPro/libogc/lib/wii\libfat.a(libfat.o) (_FAT_partition_destructor)
c:/devkitPro/libogc/lib/wii\libfat.a(cache.o)
                              c:/devkitPro/libogc/lib/wii\libfat.a(partition.o) (_FAT_cache_destructor)
c:/devkitPro/libogc/lib/wii\libfat.a(directory.o)
                              c:/devkitPro/libogc/lib/wii\libfat.a(libfat.o) (_FAT_directory_getVolumeLabel)
c:/devkitPro/libogc/lib/wii\libfat.a(disc.o)
                              c:/devkitPro/libogc/lib/wii\libfat.a(libfat.o) (_FAT_disc_interfaces)
c:/devkitPro/libogc/lib/wii\libfat.a(fatdir.o)
                              c:/devkitPro/libogc/lib/wii\libfat.a(libfat.o) (_FAT_link_r)
c:/devkitPro/libogc/lib/wii\libfat.a(fatfile.o)
                              c:/devkitPro/libogc/lib/wii\libfat.a(partition.o) (_FAT_syncToDisc)
c:/devkitPro/libogc/lib/wii\libfat.a(file_allocation_table.o)
                              c:/devkitPro/libogc/lib/wii\libfat.a(directory.o) (_FAT_fat_nextCluster)
c:/devkitPro/libogc/lib/wii\libfat.a(filetime.o)
                              c:/devkitPro/libogc/lib/wii\libfat.a(directory.o) (_FAT_filetime_to_time_t)
c:/devkitPro/libogc/lib/wii\libogc.a(console.o)
                              WiiManager.o (CON_Init)
c:/devkitPro/libogc/lib/wii\libogc.a(lwp_queue.o)
                              c:/devkitPro/libogc/lib/wii\libwiiuse.a(io_wii.o) (__lwp_queue_initialize)
c:/devkitPro/libogc/lib/wii\libogc.a(lwp_threads.o)
                              c:/devkitPro/libogc/lib/wii\libwiiuse.a(wpad.o) (_thread_dispatch_disable_level)
c:/devkitPro/libogc/lib/wii\libogc.a(lwp.o)
                              c:/devkitPro/libogc/lib/wii\libbte.a(bte.o) (LWP_InitQueue)
c:/devkitPro/libogc/lib/wii\libogc.a(lwp_handler.o)
                              c:/devkitPro/libogc/lib/wii\libogc.a(lwp_threads.o) (_cpu_context_save_fp)
[...]
Memory Configuration

Name             Origin             Length             Attributes
*default*        0x00000000         0xffffffff

Linker script and memory map

                0x00003400                . = 0x3400

.stub
 *(.stub)
                0x80004000                . = 0x80004000

.init           0x80004000      0x194
 *crt0.o(*.init)
 .init          0x80004000      0x170 c:/devkitPro/libogc/lib/wii\libogc.a(ogc_crt0.o)
                0x80004000                _start
                0x80004140                _memset
 *(.init)
 .init          0x80004170        0xc c:/devkitpro/devkitppc/bin/../lib/gcc/powerpc-eabi/4.5.1/ecrti.o
                0x80004170                __init
 .init          0x8000417c        0x4 c:/devkitpro/devkitppc/bin/../lib/gcc/powerpc-eabi/4.5.1/crtbegin.o
 .init          0x80004180        0x4 c:/devkitpro/devkitppc/bin/../lib/gcc/powerpc-eabi/4.5.1/crtend.o
 .init          0x80004184       0x10 c:/devkitpro/devkitppc/bin/../lib/gcc/powerpc-eabi/4.5.1/ecrtn.o

.rela.dyn       0x80004194        0x0
 .rela.iplt     0x00000000        0x0 c:/devkitpro/devkitppc/bin/../lib/gcc/powerpc-eabi/4.5.1/crtbegin.o
 .rela.eh_frame
                0x00000000        0x0 c:/devkitpro/devkitppc/bin/../lib/gcc/powerpc-eabi/4.5.1/crtbegin.o
 .rela.gcc_except_table._Znwj
                0x00000000        0x0 c:/devkitpro/devkitppc/bin/../lib/gcc/powerpc-eabi/4.5.1/crtbegin.o
 .rela.gcc_except_table._Znaj
                0x00000000        0x0 c:/devkitpro/devkitppc/bin/../lib/gcc/powerpc-eabi/4.5.1/crtbegin.o
 .rela.gcc_except_table._ZN9__gnu_cxx27__verbose_terminate_handlerEv
                0x00000000        0x0 c:/devkitpro/devkitppc/bin/../lib/gcc/powerpc-eabi/4.5.1/crtbegin.o

.plt
 *(.plt)

.interp
 *(.interp)

.hash
 *(.hash)

.dynsym
 *(.dynsym)

.dynstr
 *(.dynstr)

.gnu.version
 *(.gnu.version)

.gnu.version_d
 *(.gnu.version_d)

.gnu.version_r
 *(.gnu.version_r)

.rel.init
 *(.rel.init)

.rela.init      0x80004194        0x0
 *(.rela.init)
 .rela.init     0x00000000        0x0 c:/devkitpro/devkitppc/bin/../lib/gcc/powerpc-eabi/4.5.1/crtbegin.o

.rel.text
 *(.rel.text .rel.text.* .rel.gnu.linkonce.t.*)

.rela.text      0x80004194        0x0
 *(.rela.text .rela.text.* .rela.gnu.linkonce.t.*)
 .rela.text     0x00000000        0x0 c:/devkitpro/devkitppc/bin/../lib/gcc/powerpc-eabi/4.5.1/crtbegin.o
 .rela.text.__tcf_0
                0x00000000        0x0 c:/devkitpro/devkitppc/bin/../lib/gcc/powerpc-eabi/4.5.1/crtbegin.o
 .rela.text._ZN5Debug11_ExitPrintfEPKcz
                0x00000000        0x0 c:/devkitpro/devkitppc/bin/../lib/gcc/powerpc-eabi/4.5.1/crtbegin.o
 .rela.text._ZN3EFB17CopyTextureFromGXEPjjjjj
                0x00000000        0x0 c:/devkitpro/devkitppc/bin/../lib/gcc/powerpc-eabi/4.5.1/crtbegin.o
 .rela.text._ZN4Font18CreateFontFromFileERKSs
                0x00000000        0x0 c:/devkitpro/devkitppc/bin/../lib/gcc/powerpc-eabi/4.5.1/crtbegin.o
 .rela.text._ZN11FontManager8LoadFontESs
                0x00000000        0x0 c:/devkitpro/devkitppc/bin/../lib/gcc/powerpc-eabi/4.5.1/crtbegin.o
 .rela.text._ZN5Image14DrawImageFor3DEffh
                0x00000000        0x0 c:/devkitpro/devkitppc/bin/../lib/gcc/powerpc-eabi/4.5.1/crtbegin.o
 .rela.text._ZN5Image21DrawImageNoAlphaFor3DEii
                0x00000000        0x0 c:/devkitpro/devkitppc/bin/../lib/gcc/powerpc-eabi/4.5.1/crtbegin.o
 .rela.text._ZN5Image9DrawImageEffh
                0x00000000        0x0 c:/devkitpro/devkitppc/bin/../lib/gcc/powerpc-eabi/4.5.1/crtbegin.o
 .rela.text._ZN5Image16DrawImageNoAlphaEff
                0x00000000        0x0 c:/devkitpro/devkitppc/bin/../lib/gcc/powerpc-eabi/4.5.1/crtbegin.o
 .rela.text._ZN12ImageManager4LineEssssjj
                0x00000000        0x0 c:/devkitpro/devkitppc/bin/../lib/gcc/powerpc-eabi/4.5.1/crtbegin.o
 .rela.text._ZN12ImageManagerD2Ev
                0x00000000        0x0 c:/devkitpro/devkitppc/bin/../lib/gcc/powerpc-eabi/4.5.1/crtbegin.o
 .rela.text._ZN12ImageManager8AddImageESsjjjjj
                0x00000000        0x0 c:/devkitpro/devkitppc/bin/../lib/gcc/powerpc-eabi/4.5.1/crtbegin.o
 .rela.text._ZN12ImageManager8AddImageESsjjj
                0x00000000        0x0 c:/devkitpro/devkitppc/bin/../lib/gcc/powerpc-eabi/4.5.1/crtbegin.o
 .rela.text.main
                0x00000000        0x0 c:/devkitpro/devkitppc/bin/../lib/gcc/powerpc-eabi/4.5.1/crtbegin.o
 .rela.text._Z10DEBUG_TextR7Vehicle
                0x00000000        0x0 c:/devkitpro/devkitppc/bin/../lib/gcc/powerpc-eabi/4.5.1/crtbegin.o
 .rela.text._ZN3Map11ReadMapBodyEP7__sFILE
                0x00000000        0x0 c:/devkitpro/devkitppc/bin/../lib/gcc/powerpc-eabi/4.5.1/crtbegin.o
 .rela.text._ZN9MapLayers6GetMapESs
                0x00000000        0x0 c:/devkitpro/devkitppc/bin/../lib/gcc/powerpc-eabi/4.5.1/crtbegin.o
 .rela.text._ZN10MapManager25SetCurrentWorkingMapLayerESs
                0x00000000        0x0 c:/devkitpro/devkitppc/bin/../lib/gcc/powerpc-eabi/4.5.1/crtbegin.o
 .rela.text._ZN10MapManager6GetMapESs
                0x00000000        0x0 c:/devkitpro/devkitppc/bin/../lib/gcc/powerpc-eabi/4.5.1/crtbegin.o
 .rela.text._ZN13SpriteManager8AddImageESsjjjjj
                0x00000000        0x0 c:/devkitpro/devkitppc/bin/../lib/gcc/powerpc-eabi/4.5.1/crtbegin.o
 .rela.text._ZN9Utilities8TireMarkER7Vehicle
                0x00000000        0x0 c:/devkitpro/devkitppc/bin/../lib/gcc/powerpc-eabi/4.5.1/crtbegin.o
 .rela.text._ZN7Vehicle5DriveEv
                0x00000000        0x0 c:/devkitpro/devkitppc/bin/../lib/gcc/powerpc-eabi/4.5.1/crtbegin.o
 .rela.text._ZN7Vehicle4DrawEv
                0x00000000        0x0 c:/devkitpro/devkitppc/bin/../lib/gcc/powerpc-eabi/4.5.1/crtbegin.o
 .rela.text._ZN10WiiManagerC2Ev
                0x00000000        0x0 c:/devkitpro/devkitppc/bin/../lib/gcc/powerpc-eabi/4.5.1/crtbegin.o
 .rela.text._ZNSt8_Rb_treeISsSt4pairIKSsP9MapLayersESt10_Select1stIS4_ESt4lessISsESaIS4_EE8_M_eraseEPSt13_Rb_tree_nodeIS4_E
                0x00000000        0x0 c:/devkitpro/devkitppc/bin/../lib/gcc/powerpc-eabi/4.5.1/crtbegin.o
 .rela.text._ZN10WiiManagerD2Ev
                0x00000000        0x0 c:/devkitpro/devkitppc/bin/../lib/gcc/powerpc-eabi/4.5.1/crtbegin.o
 .rela.text._Z10lwFreeClipP9st_lwClip
                0x00000000        0x0 c:/devkitpro/devkitppc/bin/../lib/gcc/powerpc-eabi/4.5.1/crtbegin.o
 .rela.text._Z14lwFreeEnvelopeP13st_lwEnvelope
                0x00000000        0x0 c:/devkitpro/devkitppc/bin/../lib/gcc/powerpc-eabi/4.5.1/crtbegin.o
 .rela.text._Z11lwFreeLayerP10st_lwLayer
                0x00000000        0x0 c:/devkitpro/devkitppc/bin/../lib/gcc/powerpc-eabi/4.5.1/crtbegin.o
 .rela.text._Z12lwFreeObjectP11st_lwObject
                0x00000000        0x0 c:/devkitpro/devkitppc/bin/../lib/gcc/powerpc-eabi/4.5.1/crtbegin.o
 .rela.text.wiiuse_handshake_expansion
                0x00000000        0x0 c:/devkitpro/devkitppc/bin/../lib/gcc/powerpc-eabi/4.5.1/crtbegin.o
 .rela.text.wiiuse_handshake
                0x00000000        0x0 c:/devkitpro/devkitppc/bin/../lib/gcc/powerpc-eabi/4.5.1/crtbegin.o
 .rela.text.wiiuse_init_cmd_queue
                0x00000000        0x0 c:/devkitpro/devkitppc/bin/../lib/gcc/powerpc-eabi/4.5.1/crtbegin.o
 .rela.text.wiiuse_init
                0x00000000        0x0 c:/devkitpro/devkitppc/bin/../lib/gcc/powerpc-eabi/4.5.1/crtbegin.o
 .rela.text.bt_alarmhandler
                0x00000000        0x0 c:/devkitpro/devkitppc/bin/../lib/gcc/powerpc-eabi/4.5.1/crtbegin.o
 .rela.text.fatGetVolumeLabel
                0x00000000        0x0 c:/devkitpro/devkitppc/bin/../lib/gcc/powerpc-eabi/4.5.1/crtbegin.o
 .rela.text.fatUnmount
                0x00000000        0x0 c:/devkitpro/devkitppc/bin/../lib/gcc/powerpc-eabi/4.5.1/crtbegin.o
 .rela.text.fatInit
                0x00000000        0x0 c:/devkitpro/devkitppc/bin/../lib/gcc/powerpc-eabi/4.5.1/crtbegin.o
 .rela.text._FAT_directory_mbsncasecmp
                0x00000000        0x0 c:/devkitpro/devkitppc/bin/../lib/gcc/powerpc-eabi/4.5.1/crtbegin.o
 .rela.text._FAT_directory_ucs2tombs
                0x00000000        0x0 c:/devkitpro/devkitppc/bin/../lib/gcc/powerpc-eabi/4.5.1/crtbegin.o
 .rela.text._FAT_directory_addEntry
                0x00000000        0x0 c:/devkitpro/devkitppc/bin/../lib/gcc/powerpc-eabi/4.5.1/crtbegin.o
 .rela.text.get_io_wiisd
                0x00000000        0x0 c:/devkitpro/devkitppc/bin/../lib/gcc/powerpc-eabi/4.5.1/crtbegin.o
 .rela.text.get_io_usbstorage
                0x00000000        0x0 c:/devkitpro/devkitppc/bin/../lib/gcc/powerpc-eabi/4.5.1/crtbegin.o
 .rela.text.get_io_gcsda
                0x00000000        0x0 c:/devkitpro/devkitppc/bin/../lib/gcc/powerpc-eabi/4.5.1/crtbegin.o
 .rela.text.get_io_gcsdb
                0x00000000        0x0 c:/devkitpro/devkitppc/bin/../lib/gcc/powerpc-eabi/4.5.1/crtbegin.o
 .rela.text.__console_init
                0x00000000        0x0 c:/devkitpro/devkitppc/bin/../lib/gcc/powerpc-eabi/4.5.1/crtbegin.o
 .rela.text.__console_init_ex
                0x00000000        0x0 c:/devkitpro/devkitppc/bin/../lib/gcc/powerpc-eabi/4.5.1/crtbegin.o
 .rela.text.CON_EnableGecko
                0x00000000        0x0 c:/devkitpro/devkitppc/bin/../lib/gcc/powerpc-eabi/4.5.1/crtbegin.o
 .rela.text.__lwp_thread_calcheir
                0x00000000        0x0 c:/devkitpro/devkitppc/bin/../lib/gcc/powerpc-eabi/4.5.1/crtbegin.o
 .rela.text.__lwp_wd_insert_ticks.clone.2
                0x00000000        0x0 c:/devkitpro/devkitppc/bin/../lib/gcc/powerpc-eabi/4.5.1/crtbegin.o
 .rela.text.__lwp_rotate_readyqueue
                0x00000000        0x0 c:/devkitpro/devkitppc/bin/../lib/gcc/powerpc-eabi/4.5.1/crtbegin.o
 .rela.text.__lwp_thread_setpriority
                0x00000000        0x0 c:/devkitpro/devkitppc/bin/../lib/gcc/powerpc-eabi/4.5.1/crtbegin.o
 .rela.text.__lwp_thread_close
                0x00000000        0x0 c:/devkitpro/devkitppc/bin/../lib/gcc/powerpc-eabi/4.5.1/crtbegin.o
 .rela.text.__lwp_thread_closeall
                0x00000000        0x0 c:/devkitpro/devkitppc/bin/../lib/gcc/powerpc-eabi/4.5.1/crtbegin.o
 .rela.text.__lwp_thread_startmultitasking
                0x00000000        0x0 c:/devkitpro/devkitppc/bin/../lib/gcc/powerpc-eabi/4.5.1/crtbegin.o
 .rela.text.__lwp_thread_stopmultitasking
                0x00000000        0x0 c:/devkitpro/devkitppc/bin/../lib/gcc/powerpc-eabi/4.5.1/crtbegin.o
 .rela.text.__lwp_thread_coreinit
                0x00000000        0x0 c:/devkitpro/devkitppc/bin/../lib/gcc/powerpc-eabi/4.5.1/crtbegin.o
 .rela.text.__lwp_tqueue_open
                0x00000000        0x0 c:/devkitpro/devkitppc/bin/../lib/gcc/powerpc-eabi/4.5.1/crtbegin.o
 .rela.text.__lwp_cntrl_open
                0x00000000        0x0 c:/devkitpro/devkitppc/bin/../lib/gcc/powerpc-eabi/4.5.1/crtbegin.o
 .rela.text.__lwp_cntrl_free
                0x00000000        0x0 c:/devkitpro/devkitppc/bin/../lib/gcc/powerpc-eabi/4.5.1/crtbegin.o
 .rela.text.__lwp_sysinit
                0x00000000        0x0 c:/devkitpro/devkitppc/bin/../lib/gcc/powerpc-eabi/4.5.1/crtbegin.o
 .rela.text.__lwp_thread_isalive
                0x00000000        0x0 c:/devkitpro/devkitppc/bin/../lib/gcc/powerpc-eabi/4.5.1/crtbegin.o
 .rela.text.__lwp_thread_exists
                0x00000000        0x0 c:/devkitpro/devkitppc/bin/../lib/gcc/powerpc-eabi/4.5.1/crtbegin.o
 .rela.text.__lwp_thread_context
                0x00000000        0x0 c:/devkitpro/devkitppc/bin/../lib/gcc/powerpc-eabi/4.5.1/crtbegin.o
 .rela.text.LWP_CreateThread
                0x00000000        0x0 c:/devkitpro/devkitppc/bin/../lib/gcc/powerpc-eabi/4.5.1/crtbegin.o
 .rela.text.LWP_InitQueue
                0x00000000        0x0 c:/devkitpro/devkitppc/bin/../lib/gcc/powerpc-eabi/4.5.1/crtbegin.o
 .rela.text.LWP_CloseQueue
                0x00000000        0x0 c:/devkitpro/devkitppc/bin/../lib/gcc/powerpc-eabi/4.5.1/crtbegin.o
 .rela.text.__lwp_stack_allocate
                0x00000000        0x0 c:/devkitpro/devkitppc/bin/../lib/gcc/powerpc-eabi/4.5.1/crtbegin.o
 .rela.text.__lwp_stack_free
                0x00000000        0x0 c:/devkitpro/devkitppc/bin/../lib/gcc/powerpc-eabi/4.5.1/crtbegin.o
 .rela.text.__lwp_watchdog_init
                0x00000000        0x0 c:/devkitpro/devkitppc/bin/../lib/gcc/powerpc-eabi/4.5.1/crtbegin.o
 .rela.text.__lwp_wd_tickle
                0x00000000        0x0 c:/devkitpro/devkitppc/bin/../lib/gcc/powerpc-eabi/4.5.1/crtbegin.o
 .rela.text.__lwp_wkspace_heapfree
                0x00000000        0x0 c:/devkitpro/devkitppc/bin/../lib/gcc/powerpc-eabi/4.5.1/crtbegin.o
 .rela.text.__lwp_wkspace_heapused
                0x00000000        0x0 c:/devkitpro/devkitppc/bin/../lib/gcc/powerpc-eabi/4.5.1/crtbegin.o
 .rela.text.__lwp_wkspace_init
                0x00000000        0x0 c:/devkitpro/devkitppc/bin/../lib/gcc/powerpc-eabi/4.5.1/crtbegin.o
 .rela.text.__lwp_objmgr_initinfo
                0x00000000        0x0 c:/devkitpro/devkitppc/bin/../lib/gcc/powerpc-eabi/4.5.1/crtbegin.o
 .rela.text.__irq_init
                0x00000000        0x0 c:/devkitpro/devkitppc/bin/../lib/gcc/powerpc-eabi/4.5.1/crtbegin.o
 .rela.text.__lwp_mutex_open
                0x00000000        0x0 c:/devkitpro/devkitppc/bin/../lib/gcc/powerpc-eabi/4.5.1/crtbegin.o
 .rela.text.__lwp_mutex_locksupp.clone.6
                0x00000000        0x0 c:/devkitpro/devkitppc/bin/../lib/gcc/powerpc-eabi/4.5.1/crtbegin.o
 .rela.text.__lwp_mutex_init
                0x00000000        0x0 c:/devkitpro/devkitppc/bin/../lib/gcc/powerpc-eabi/4.5.1/crtbegin.o
 .rela.text.LWP_MutexInit
                0x00000000        0x0 c:/devkitpro/devkitppc/bin/../lib/gcc/powerpc-eabi/4.5.1/crtbegin.o
 .rela.text.LWP_MutexDestroy
                0x00000000        0x0 c:/devkitpro/devkitppc/bin/../lib/gcc/powerpc-eabi/4.5.1/crtbegin.o
 .rela.text.__call_resetfuncs
                0x00000000        0x0 c:/devkitpro/devkitppc/bin/../lib/gcc/powerpc-eabi/4.5.1/crtbegin.o
 .rela.text.__locksram
                0x00000000        0x0 c:/devkitpro/devkitppc/bin/../lib/gcc/powerpc-eabi/4.5.1/crtbegin.o
 .rela.text.__sys_alarmhandler
                0x00000000        0x0 c:/devkitpro/devkitppc/bin/../lib/gcc/powerpc-eabi/4.5.1/crtbegin.o
 .rela.text.__unlocksram
                0x00000000        0x0 c:/devkitpro/devkitppc/bin/../lib/gcc/powerpc-eabi/4.5.1/crtbegin.o
 .rela.text.__sram_writecallback
                0x00000000        0x0 c:/devkitpro/devkitppc/bin/../lib/gcc/powerpc-eabi/4.5.1/crtbegin.o
 .rela.text.__sram_init
                0x00000000        0x0 c:/devkitpro/devkitppc/bin/../lib/gcc/powerpc-eabi/4.5.1/crtbegin.o
 .rela.text.__SYS_SyncSram
                0x00000000        0x0 c:/devkitpro/devkitppc/bin/../lib/gcc/powerpc-eabi/4.5.1/crtbegin.o
 .rela.text.SYS_Init
                0x00000000        0x0 c:/devkitpro/devkitppc/bin/../lib/gcc/powerpc-eabi/4.5.1/crtbegin.o
 .rela.text.SYS_SetAlarm
                0x00000000        0x0 c:/devkitpro/devkitppc/bin/../lib/gcc/powerpc-eabi/4.5.1/crtbegin.o
 .rela.text.SYS_SetPeriodicAlarm
                0x00000000        0x0 c:/devkitpro/devkitppc/bin/../lib/gcc/powerpc-eabi/4.5.1/crtbegin.o
 .rela.text.SYS_RemoveAlarm
                0x00000000        0x0 c:/devkitpro/devkitppc/bin/../lib/gcc/powerpc-eabi/4.5.1/crtbegin.o
 .rela.text.SYS_CancelAlarm
                0x00000000        0x0 c:/devkitpro/devkitppc/bin/../lib/gcc/powerpc-eabi/4.5.1/crtbegin.o
 .rela.text.__lwp_cond_open
                0x00000000        0x0 c:/devkitpro/devkitppc/bin/../lib/gcc/powerpc-eabi/4.5.1/crtbegin.o
 .rela.text.__lwp_cond_init
                0x00000000        0x0 c:/devkitpro/devkitppc/bin/../lib/gcc/powerpc-eabi/4.5.1/crtbegin.o
 .rela.text.LWP_CondInit
                0x00000000        0x0 c:/devkitpro/devkitppc/bin/../lib/gcc/powerpc-eabi/4.5.1/crtbegin.o
 .rela.text.LWP_CondDestroy
                0x00000000        0x0 c:/devkitpro/devkitppc/bin/../lib/gcc/powerpc-eabi/4.5.1/crtbegin.o
 .rela.text.__GX_FifoLink
                0x00000000        0x0 c:/devkitpro/devkitppc/bin/../lib/gcc/powerpc-eabi/4.5.1/crtbegin.o
 .rela.text.__GX_WriteFifoIntEnable
                0x00000000        0x0 c:/devkitpro/devkitppc/bin/../lib/gcc/powerpc-eabi/4.5.1/crtbegin.o
 .rela.text.__GX_FifoReadEnable
                0x00000000        0x0 c:/devkitpro/devkitppc/bin/../lib/gcc/powerpc-eabi/4.5.1/crtbegin.o
 .rela.text.__GX_FifoReadDisable
                0x00000000        0x0 c:/devkitpro/devkitppc/bin/../lib/gcc/powerpc-eabi/4.5.1/crtbegin.o
 .rela.text.__GX_InitRevBits
                0x00000000        0x0 c:/devkitpro/devkitppc/bin/../lib/gcc/powerpc-eabi/4.5.1/crtbegin.o
 .rela.text.__GXDefTexRegionCallback
                0x00000000        0x0 c:/devkitpro/devkitppc/bin/../lib/gcc/powerpc-eabi/4.5.1/crtbegin.o
 .rela.text.__GXDefTlutRegionCallback
                0x00000000        0x0 c:/devkitpro/devkitppc/bin/../lib/gcc/powerpc-eabi/4.5.1/crtbegin.o
 .rela.text.__GX_FlushTextureState
                0x00000000        0x0 c:/devkitpro/devkitppc/bin/../lib/gcc/powerpc-eabi/4.5.1/crtbegin.o
 .rela.text.__GX_SetMatrixIndex
                0x00000000        0x0 c:/devkitpro/devkitppc/bin/../lib/gcc/powerpc-eabi/4.5.1/crtbegin.o
 .rela.text.__SetSURegs
                0x00000000        0x0 c:/devkitpro/devkitppc/bin/../lib/gcc/powerpc-eabi/4.5.1/crtbegin.o
 .rela.text.__GX_SetDirtyState
                0x00000000        0x0 c:/devkitpro/devkitppc/bin/../lib/gcc/powerpc-eabi/4.5.1/crtbegin.o
 .rela.text.__SETVCDATTR
                0x00000000        0x0 c:/devkitpro/devkitppc/bin/../lib/gcc/powerpc-eabi/4.5.1/crtbegin.o
 .rela.text.__SETVCDFMT
                0x00000000        0x0 c:/devkitpro/devkitppc/bin/../lib/gcc/powerpc-eabi/4.5.1/crtbegin.o
 .rela.text.__GX_WriteFifoIntReset.clone.1
                0x00000000        0x0 c:/devkitpro/devkitppc/bin/../lib/gcc/powerpc-eabi/4.5.1/crtbegin.o
 .rela.text.__GXCPInterruptHandler
                0x00000000        0x0 c:/devkitpro/devkitppc/bin/../lib/gcc/powerpc-eabi/4.5.1/crtbegin.o
 .rela.text.GX_Flush
                0x00000000        0x0 c:/devkitpro/devkitppc/bin/../lib/gcc/powerpc-eabi/4.5.1/crtbegin.o
 .rela.text.GX_EnableBreakPt
                0x00000000        0x0 c:/devkitpro/devkitppc/bin/../lib/gcc/powerpc-eabi/4.5.1/crtbegin.o
 .rela.text.GX_DisableBreakPt
                0x00000000        0x0 c:/devkitpro/devkitppc/bin/../lib/gcc/powerpc-eabi/4.5.1/crtbegin.o
 .rela.text.GX_AbortFrame
                0x00000000        0x0 c:/devkitpro/devkitppc/bin/../lib/gcc/powerpc-eabi/4.5.1/crtbegin.o
 .rela.text.GX_PixModeSync
                0x00000000        0x0 c:/devkitpro/devkitppc/bin/../lib/gcc/powerpc-eabi/4.5.1/crtbegin.o
 .rela.text.GX_SetMisc
                0x00000000        0x0 c:/devkitpro/devkitppc/bin/../lib/gcc/powerpc-eabi/4.5.1/crtbegin.o
 .rela.text.GX_SetCopyClamp
                0x00000000        0x0 c:/devkitpro/devkitppc/bin/../lib/gcc/powerpc-eabi/4.5.1/crtbegin.o
 .rela.text.GX_SetDispCopyGamma
                0x00000000        0x0 c:/devkitpro/devkitppc/bin/../lib/gcc/powerpc-eabi/4.5.1/crtbegin.o
 .rela.text.GX_SetDispCopyFrame2Field
                0x00000000        0x0 c:/devkitpro/devkitppc/bin/../lib/gcc/powerpc-eabi/4.5.1/crtbegin.o
 .rela.text.GX_SetDispCopyYScale
                0x00000000        0x0 c:/devkitpro/devkitppc/bin/../lib/gcc/powerpc-eabi/4.5.1/crtbegin.o
 .rela.text.GX_SetDispCopyDst
                0x00000000        0x0 c:/devkitpro/devkitppc/bin/../lib/gcc/powerpc-eabi/4.5.1/crtbegin.o
 .rela.text.GX_SetDispCopySrc
                0x00000000        0x0 c:/devkitpro/devkitppc/bin/../lib/gcc/powerpc-eabi/4.5.1/crtbegin.o
 .rela.text.GX_CopyDisp
                0x00000000        0x0 c:/devkitpro/devkitppc/bin/../lib/gcc/powerpc-eabi/4.5.1/crtbegin.o
 .rela.text.GX_CopyTex
                0x00000000        0x0 c:/devkitpro/devkitppc/bin/../lib/gcc/powerpc-eabi/4.5.1/crtbegin.o
 .rela.text.GX_SetTexCopySrc
                0x00000000        0x0 c:/devkitpro/devkitppc/bin/../lib/gcc/powerpc-eabi/4.5.1/crtbegin.o
 .rela.text.GX_SetTexCopyDst
                0x00000000        0x0 c:/devkitpro/devkitppc/bin/../lib/gcc/powerpc-eabi/4.5.1/crtbegin.o
 .rela.text.GX_BeginDispList
                0x00000000        0x0 c:/devkitpro/devkitppc/bin/../lib/gcc/powerpc-eabi/4.5.1/crtbegin.o
 .rela.text.GX_EndDispList
                0x00000000        0x0 c:/devkitpro/devkitppc/bin/../lib/gcc/powerpc-eabi/4.5.1/crtbegin.o
 .rela.text.GX_CallDispList
                0x00000000        0x0 c:/devkitpro/devkitppc/bin/../lib/gcc/powerpc-eabi/4.5.1/crtbegin.o
 .rela.text.GX_SetChanCtrl
                0x00000000        0x0 c:/devkitpro/devkitppc/bin/../lib/gcc/powerpc-eabi/4.5.1/crtbegin.o
 .rela.text.GX_SetChanAmbColor
                0x00000000        0x0 c:/devkitpro/devkitppc/bin/../lib/gcc/powerpc-eabi/4.5.1/crtbegin.o
 .rela.text.GX_SetChanMatColor
                0x00000000        0x0 c:/devkitpro/devkitppc/bin/../lib/gcc/powerpc-eabi/4.5.1/crtbegin.o
 .rela.text.GX_SetVtxDesc
                0x00000000        0x0 c:/devkitpro/devkitppc/bin/../lib/gcc/powerpc-eabi/4.5.1/crtbegin.o
 .rela.text.GX_SetVtxDescv
                0x00000000        0x0 c:/devkitpro/devkitppc/bin/../lib/gcc/powerpc-eabi/4.5.1/crtbegin.o
 .rela.text.GX_GetVtxDescv
                0x00000000        0x0 c:/devkitpro/devkitppc/bin/../lib/gcc/powerpc-eabi/4.5.1/crtbegin.o
 .rela.text.GX_SetVtxAttrFmt
                0x00000000        0x0 c:/devkitpro/devkitppc/bin/../lib/gcc/powerpc-eabi/4.5.1/crtbegin.o
 .rela.text.GX_SetVtxAttrFmtv
                0x00000000        0x0 c:/devkitpro/devkitppc/bin/../lib/gcc/powerpc-eabi/4.5.1/crtbegin.o
 .rela.text.GX_Begin
                0x00000000        0x0 c:/devkitpro/devkitppc/bin/../lib/gcc/powerpc-eabi/4.5.1/crtbegin.o
 .rela.text.GX_SetTexCoordGen2
                0x00000000        0x0 c:/devkitpro/devkitppc/bin/../lib/gcc/powerpc-eabi/4.5.1/crtbegin.o
 .rela.text.GX_SetCurrentMtx
                0x00000000        0x0 c:/devkitpro/devkitppc/bin/../lib/gcc/powerpc-eabi/4.5.1/crtbegin.o
 .rela.text.GX_SetNumTexGens
                0x00000000        0x0 c:/devkitpro/devkitppc/bin/../lib/gcc/powerpc-eabi/4.5.1/crtbegin.o
 .rela.text.GX_SetZMode
                0x00000000        0x0 c:/devkitpro/devkitppc/bin/../lib/gcc/powerpc-eabi/4.5.1/crtbegin.o
 .rela.text.GX_LoadTexObjPreloaded
                0x00000000        0x0 c:/devkitpro/devkitppc/bin/../lib/gcc/powerpc-eabi/4.5.1/crtbegin.o
 .rela.text.GX_SetTexCoordScaleManually
                0x00000000        0x0 c:/devkitpro/devkitppc/bin/../lib/gcc/powerpc-eabi/4.5.1/crtbegin.o
 .rela.text.GX_SetTexCoordCylWrap
                0x00000000        0x0 c:/devkitpro/devkitppc/bin/../lib/gcc/powerpc-eabi/4.5.1/crtbegin.o
 .rela.text.GX_SetTexCoordBias
                0x00000000        0x0 c:/devkitpro/devkitppc/bin/../lib/gcc/powerpc-eabi/4.5.1/crtbegin.o
 .rela.text.GX_SetBlendMode
                0x00000000        0x0 c:/devkitpro/devkitppc/bin/../lib/gcc/powerpc-eabi/4.5.1/crtbegin.o
 .rela.text.GX_ClearVtxDesc
                0x00000000        0x0 c:/devkitpro/devkitppc/bin/../lib/gcc/powerpc-eabi/4.5.1/crtbegin.o
 .rela.text.GX_SetLineWidth
                0x00000000        0x0 c:/devkitpro/devkitppc/bin/../lib/gcc/powerpc-eabi/4.5.1/crtbegin.o
 .rela.text.GX_SetPointSize
                0x00000000        0x0 c:/devkitpro/devkitppc/bin/../lib/gcc/powerpc-eabi/4.5.1/crtbegin.o
 .rela.text.GX_SetTevColorIn
                0x00000000        0x0 c:/devkitpro/devkitppc/bin/../lib/gcc/powerpc-eabi/4.5.1/crtbegin.o
 .rela.text.GX_SetTevAlphaIn
                0x00000000        0x0 c:/devkitpro/devkitppc/bin/../lib/gcc/powerpc-eabi/4.5.1/crtbegin.o
 .rela.text.GX_SetTevColorOp
                0x00000000        0x0 c:/devkitpro/devkitppc/bin/../lib/gcc/powerpc-eabi/4.5.1/crtbegin.o
 .rela.text.GX_SetTevAlphaOp
                0x00000000        0x0 c:/devkitpro/devkitppc/bin/../lib/gcc/powerpc-eabi/4.5.1/crtbegin.o
 .rela.text.GX_SetCullMode
                0x00000000        0x0 c:/devkitpro/devkitppc/bin/../lib/gcc/powerpc-eabi/4.5.1/crtbegin.o
 .rela.text.GX_SetCoPlanar
                0x00000000        0x0 c:/devkitpro/devkitppc/bin/../lib/gcc/powerpc-eabi/4.5.1/crtbegin.o
 .rela.text.GX_EnableTexOffsets
                0x00000000        0x0 c:/devkitpro/devkitppc/bin/../lib/gcc/powerpc-eabi/4.5.1/crtbegin.o
 .rela.text.GX_SetScissor
                0x00000000        0x0 c:/devkitpro/devkitppc/bin/../lib/gcc/powerpc-eabi/4.5.1/crtbegin.o
 .rela.text.GX_SetNumChans
                0x00000000        0x0 c:/devkitpro/devkitppc/bin/../lib/gcc/powerpc-eabi/4.5.1/crtbegin.o
 .rela.text.GX_SetTevOrder
                0x00000000        0x0 c:/devkitpro/devkitppc/bin/../lib/gcc/powerpc-eabi/4.5.1/crtbegin.o
 .rela.text.GX_SetNumTevStages
                0x00000000        0x0 c:/devkitpro/devkitppc/bin/../lib/gcc/powerpc-eabi/4.5.1/crtbegin.o
 .rela.text.GX_SetTevKColorSel
                0x00000000        0x0 c:/devkitpro/devkitppc/bin/../lib/gcc/powerpc-eabi/4.5.1/crtbegin.o
 .rela.text.GX_SetTevKAlphaSel
                0x00000000        0x0 c:/devkitpro/devkitppc/bin/../lib/gcc/powerpc-eabi/4.5.1/crtbegin.o
 .rela.text.GX_SetTevSwapMode
                0x00000000        0x0 c:/devkitpro/devkitppc/bin/../lib/gcc/powerpc-eabi/4.5.1/crtbegin.o
 .rela.text.GX_SetTevSwapModeTable
                0x00000000        0x0 c:/devkitpro/devkitppc/bin/../lib/gcc/powerpc-eabi/4.5.1/crtbegin.o
 .rela.text.GX_SetNumIndStages
                0x00000000        0x0 c:/devkitpro/devkitppc/bin/../lib/gcc/powerpc-eabi/4.5.1/crtbegin.o
 .rela.text.GX_SetIndTexCoordScale
                0x00000000        0x0 c:/devkitpro/devkitppc/bin/../lib/gcc/powerpc-eabi/4.5.1/crtbegin.o
 .rela.text.GX_SetColorUpdate
                0x00000000        0x0 c:/devkitpro/devkitppc/bin/../lib/gcc/powerpc-eabi/4.5.1/crtbegin.o
 .rela.text.GX_SetAlphaUpdate
                0x00000000        0x0 c:/devkitpro/devkitppc/bin/../lib/gcc/powerpc-eabi/4.5.1/crtbegin.o
 .rela.text.GX_SetZCompLoc
                0x00000000        0x0 c:/devkitpro/devkitppc/bin/../lib/gcc/powerpc-eabi/4.5.1/crtbegin.o
 .rela.text.GX_SetPixelFmt
                0x00000000        0x0 c:/devkitpro/devkitppc/bin/../lib/gcc/powerpc-eabi/4.5.1/crtbegin.o
 .rela.text.GX_SetDither
                0x00000000        0x0 c:/devkitpro/devkitppc/bin/../lib/gcc/powerpc-eabi/4.5.1/crtbegin.o
 .rela.text.GX_SetDstAlpha
                0x00000000        0x0 c:/devkitpro/devkitppc/bin/../lib/gcc/powerpc-eabi/4.5.1/crtbegin.o
 .rela.text.GX_SetFieldMode
                0x00000000        0x0 c:/devkitpro/devkitppc/bin/../lib/gcc/powerpc-eabi/4.5.1/crtbegin.o
 .rela.text.GX_SetIndTexOrder
                0x00000000        0x0 c:/devkitpro/devkitppc/bin/../lib/gcc/powerpc-eabi/4.5.1/crtbegin.o
 .rela.text.GX_SetGPMetric
                0x00000000        0x0 c:/devkitpro/devkitppc/bin/../lib/gcc/powerpc-eabi/4.5.1/crtbegin.o
 .rela.text.GX_Init
                0x00000000        0x0 c:/devkitpro/devkitppc/bin/../lib/gcc/powerpc-eabi/4.5.1/crtbegin.o
 .rela.text.GX_ReadGPMetric
                0x00000000        0x0 c:/devkitpro/devkitppc/bin/../lib/gcc/powerpc-eabi/4.5.1/crtbegin.o
 .rela.text.c_decrementer_handler
                0x00000000        0x0 c:/devkitpro/devkitppc/bin/../lib/gcc/powerpc-eabi/4.5.1/crtbegin.o
 .rela.text.__lwp_mqbox_open
                0x00000000        0x0 c:/devkitpro/devkitppc/bin/../lib/gcc/powerpc-eabi/4.5.1/crtbegin.o
 .rela.text.__lwp_mqbox_free
                0x00000000        0x0 c:/devkitpro/devkitppc/bin/../lib/gcc/powerpc-eabi/4.5.1/crtbegin.o
 .rela.text.__lwp_mqbox_init
                0x00000000        0x0 c:/devkitpro/devkitppc/bin/../lib/gcc/powerpc-eabi/4.5.1/crtbegin.o
 .rela.text.MQ_Init
                0x00000000        0x0 c:/devkitpro/devkitppc/bin/../lib/gcc/powerpc-eabi/4.5.1/crtbegin.o
 .rela.text.__lwp_wkspace_free
                0x00000000        0x0 c:/devkitpro/devkitppc/bin/../lib/gcc/powerpc-eabi/4.5.1/crtbegin.o
 .rela.text.__ios_ioctlvformat_parse
                0x00000000        0x0 c:/devkitpro/devkitppc/bin/../lib/gcc/powerpc-eabi/4.5.1/crtbegin.o
 .rela.text.IOS_IoctlvFormat
                0x00000000        0x0 c:/devkitpro/devkitppc/bin/../lib/gcc/powerpc-eabi/4.5.1/crtbegin.o
 .rela.text.IOS_IoctlvFormatAsync
                0x00000000        0x0 c:/devkitpro/devkitppc/bin/../lib/gcc/powerpc-eabi/4.5.1/crtbegin.o
 .rela.text.nanosleep
                0x00000000        0x0 c:/devkitpro/devkitppc/bin/../lib/gcc/powerpc-eabi/4.5.1/crtbegin.o
 .rela.text.__libc_delete_hook
                0x00000000        0x0 c:/devkitpro/devkitppc/bin/../lib/gcc/powerpc-eabi/4.5.1/crtbegin.o
 .rela.text.__libc_init
                0x00000000        0x0 c:/devkitpro/devkitppc/bin/../lib/gcc/powerpc-eabi/4.5.1/crtbegin.o
 .rela.text.__libc_wrapup
                0x00000000        0x0 c:/devkitpro/devkitppc/bin/../lib/gcc/powerpc-eabi/4.5.1/crtbegin.o
 .rela.text.__CheckARGV
                0x00000000        0x0 c:/devkitpro/devkitppc/bin/../lib/gcc/powerpc-eabi/4.5.1/crtbegin.o
 .rela.text.__lwp_priority_init
                0x00000000        0x0 c:/devkitpro/devkitppc/bin/../lib/gcc/powerpc-eabi/4.5.1/crtbegin.o
 .rela.text.__lwp_wd_remove_ticks
                0x00000000        0x0 c:/devkitpro/devkitppc/bin/../lib/gcc/powerpc-eabi/4.5.1/crtbegin.o
 .rela.text.__lwp_threadqueue_enqueue
                0x00000000        0x0 c:/devkitpro/devkitppc/bin/../lib/gcc/powerpc-eabi/4.5.1/crtbegin.o
 .rela.text.__lwpmq_initialize
                0x00000000        0x0 c:/devkitpro/devkitppc/bin/../lib/gcc/powerpc-eabi/4.5.1/crtbegin.o
 .rela.text.__lwpmq_close
                0x00000000        0x0 c:/devkitpro/devkitppc/bin/../lib/gcc/powerpc-eabi/4.5.1/crtbegin.o
 .rela.text.__systemcall_init
                0x00000000        0x0 c:/devkitpro/devkitppc/bin/../lib/gcc/powerpc-eabi/4.5.1/crtbegin.o
 .rela.text.__exception_init
                0x00000000        0x0 c:/devkitpro/devkitppc/bin/../lib/gcc/powerpc-eabi/4.5.1/crtbegin.o
 .rela.text.__exception_close
                0x00000000        0x0 c:/devkitpro/devkitppc/bin/../lib/gcc/powerpc-eabi/4.5.1/crtbegin.o
 .rela.text.__exception_sethandler
                0x00000000        0x0 c:/devkitpro/devkitppc/bin/../lib/gcc/powerpc-eabi/4.5.1/crtbegin.o
 .rela.text.__lwp_sema_open
                0x00000000        0x0 c:/devkitpro/devkitppc/bin/../lib/gcc/powerpc-eabi/4.5.1/crtbegin.o
 .rela.text.__lwp_sema_init
                0x00000000        0x0 c:/devkitpro/devkitppc/bin/../lib/gcc/powerpc-eabi/4.5.1/crtbegin.o
 .rela.text.LWP_SemInit
                0x00000000        0x0 c:/devkitpro/devkitppc/bin/../lib/gcc/powerpc-eabi/4.5.1/crtbegin.o
 .rela.text.LWP_SemDestroy
                0x00000000        0x0 c:/devkitpro/devkitppc/bin/../lib/gcc/powerpc-eabi/4.5.1/crtbegin.o
 .rela.text.kprintf
                0x00000000        0x0 c:/devkitpro/devkitppc/bin/../lib/gcc/powerpc-eabi/4.5.1/crtbegin.o
 .rela.text.__card_readcid
                0x00000000        0x0 c:/devkitpro/devkitppc/bin/../lib/gcc/powerpc-eabi/4.5.1/crtbegin.o
 .rela.text.__card_readcsd
                0x00000000        0x0 c:/devkitpro/devkitppc/bin/../lib/gcc/powerpc-eabi/4.5.1/crtbegin.o
 .rela.text.__card_sd_status
                0x00000000        0x0 c:/devkitpro/devkitppc/bin/../lib/gcc/powerpc-eabi/4.5.1/crtbegin.o
 .rela.text.sdgecko_initIO
                0x00000000        0x0 c:/devkitpro/devkitppc/bin/../lib/gcc/powerpc-eabi/4.5.1/crtbegin.o
 .rela.text._ZNSt17bad_function_callD2Ev
                0x00000000        0x0 c:/devkitpro/devkitppc/bin/../lib/gcc/powerpc-eabi/4.5.1/crtbegin.o
 .rela.text._ZNSt17bad_function_callD0Ev
                0x00000000        0x0 c:/devkitpro/devkitppc/bin/../lib/gcc/powerpc-eabi/4.5.1/crtbegin.o
 .rela.text._ZNSt15underflow_errorD2Ev
                0x00000000        0x0 c:/devkitpro/devkitppc/bin/../lib/gcc/powerpc-eabi/4.5.1/crtbegin.o
 .rela.text._ZNSt15underflow_errorD0Ev
                0x00000000        0x0 c:/devkitpro/devkitppc/bin/../lib/gcc/powerpc-eabi/4.5.1/crtbegin.o
 .rela.text._ZNSt14overflow_errorD2Ev
                0x00000000        0x0 c:/devkitpro/devkitppc/bin/../lib/gcc/powerpc-eabi/4.5.1/crtbegin.o
 .rela.text._ZNSt14overflow_errorD0Ev
                0x00000000        0x0 c:/devkitpro/devkitppc/bin/../lib/gcc/powerpc-eabi/4.5.1/crtbegin.o
 .rela.text._ZNSt11range_errorD2Ev
                0x00000000        0x0 c:/devkitpro/devkitppc/bin/../lib/gcc/powerpc-eabi/4.5.1/crtbegin.o
 .rela.text._ZNSt11range_errorD0Ev
                0x00000000        0x0 c:/devkitpro/devkitppc/bin/../lib/gcc/powerpc-eabi/4.5.1/crtbegin.o
 .rela.text._ZNSt12out_of_rangeD2Ev
                0x00000000        0x0 c:/devkitpro/devkitppc/bin/../lib/gcc/powerpc-eabi/4.5.1/crtbegin.o
 .rela.text._ZNSt12out_of_rangeD0Ev
                0x00000000        0x0 c:/devkitpro/devkitppc/bin/../lib/gcc/powerpc-eabi/4.5.1/crtbegin.o
 .rela.text._ZNSt12length_errorD2Ev
                0x00000000        0x0 c:/devkitpro/devkitppc/bin/../lib/gcc/powerpc-eabi/4.5.1/crtbegin.o
 .rela.text._ZNSt12length_errorD0Ev
                0x00000000        0x0 c:/devkitpro/devkitppc/bin/../lib/gcc/powerpc-eabi/4.5.1/crtbegin.o
 .rela.text._ZNSt16invalid_argumentD2Ev
                0x00000000        0x0 c:/devkitpro/devkitppc/bin/../lib/gcc/powerpc-eabi/4.5.1/crtbegin.o
 .rela.text._ZNSt16invalid_argumentD0Ev
                0x00000000        0x0 c:/devkitpro/devkitppc/bin/../lib/gcc/powerpc-eabi/4.5.1/crtbegin.o
 .rela.text._ZNSt12domain_errorD2Ev
                0x00000000        0x0 c:/devkitpro/devkitppc/bin/../lib/gcc/powerpc-eabi/4.5.1/crtbegin.o
 .rela.text._ZNSt12domain_errorD0Ev
                0x00000000        0x0 c:/devkitpro/devkitppc/bin/../lib/gcc/powerpc-eabi/4.5.1/crtbegin.o
 .rela.text._ZSt21__throw_bad_exceptionv
                0x00000000        0x0 c:/devkitpro/devkitppc/bin/../lib/gcc/powerpc-eabi/4.5.1/crtbegin.o
 .rela.text._ZSt17__throw_bad_allocv
                0x00000000        0x0 c:/devkitpro/devkitppc/bin/../lib/gcc/powerpc-eabi/4.5.1/crtbegin.o
 .rela.text._ZSt16__throw_bad_castv
                0x00000000        0x0 c:/devkitpro/devkitppc/bin/../lib/gcc/powerpc-eabi/4.5.1/crtbegin.o
 .rela.text._ZSt18__throw_bad_typeidv
                0x00000000        0x0 c:/devkitpro/devkitppc/bin/../lib/gcc/powerpc-eabi/4.5.1/crtbegin.o
 .rela.text._ZSt19__throw_logic_errorPKc
                0x00000000        0x0 c:/devkitpro/devkitppc/bin/../lib/gcc/powerpc-eabi/4.5.1/crtbegin.o
 .rela.text._ZSt20__throw_domain_errorPKc
                0x00000000        0x0 c:/devkitpro/devkitppc/bin/../lib/gcc/powerpc-eabi/4.5.1/crtbegin.o
 .rela.text._ZSt24__throw_invalid_argumentPKc
                0x00000000        0x0 c:/devkitpro/devkitppc/bin/../lib/gcc/powerpc-eabi/4.5.1/crtbegin.o
 .rela.text._ZSt20__throw_length_errorPKc
                0x00000000        0x0 c:/devkitpro/devkitppc/bin/../lib/gcc/powerpc-eabi/4.5.1/crtbegin.o
 .rela.text._ZSt20__throw_out_of_rangePKc
                0x00000000        0x0 c:/devkitpro/devkitppc/bin/../lib/gcc/powerpc-eabi/4.5.1/crtbegin.o
 .rela.text._ZSt21__throw_runtime_errorPKc
                0x00000000        0x0 c:/devkitpro/devkitppc/bin/../lib/gcc/powerpc-eabi/4.5.1/crtbegin.o
 .rela.text._ZSt19__throw_range_errorPKc
                0x00000000        0x0 c:/devkitpro/devkitppc/bin/../lib/gcc/powerpc-eabi/4.5.1/crtbegin.o
 .rela.text._ZSt22__throw_overflow_errorPKc
                0x00000000        0x0 c:/devkitpro/devkitppc/bin/../lib/gcc/powerpc-eabi/4.5.1/crtbegin.o
 .rela.text._ZSt23__throw_underflow_errorPKc
                0x00000000        0x0 c:/devkitpro/devkitppc/bin/../lib/gcc/powerpc-eabi/4.5.1/crtbegin.o
 .rela.text._ZSt19__throw_ios_failurePKc
                0x00000000        0x0 c:/devkitpro/devkitppc/bin/../lib/gcc/powerpc-eabi/4.5.1/crtbegin.o
 .rela.text._ZSt20__throw_system_errori
                0x00000000        0x0 c:/devkitpro/devkitppc/bin/../lib/gcc/powerpc-eabi/4.5.1/crtbegin.o
 .rela.text._ZSt20__throw_future_errori
                0x00000000        0x0 c:/devkitpro/devkitppc/bin/../lib/gcc/powerpc-eabi/4.5.1/crtbegin.o
 .rela.text._ZSt25__throw_bad_function_callv
                0x00000000        0x0 c:/devkitpro/devkitppc/bin/../lib/gcc/powerpc-eabi/4.5.1/crtbegin.o
 .rela.text._ZNSt8ios_base7failureD2Ev
                0x00000000        0x0 c:/devkitpro/devkitppc/bin/../lib/gcc/powerpc-eabi/4.5.1/crtbegin.o
 .rela.text._ZNSt8ios_base7failureC2ERKSs
                0x00000000        0x0 c:/devkitpro/devkitppc/bin/../lib/gcc/powerpc-eabi/4.5.1/crtbegin.o
 .rela.text._ZNSt11logic_errorD2Ev
                0x00000000        0x0 c:/devkitpro/devkitppc/bin/../lib/gcc/powerpc-eabi/4.5.1/crtbegin.o
 .rela.text._ZNSt13runtime_errorD2Ev
                0x00000000        0x0 c:/devkitpro/devkitppc/bin/../lib/gcc/powerpc-eabi/4.5.1/crtbegin.o
 .rela.text._ZNSt11logic_errorC2ERKSs
                0x00000000        0x0 c:/devkitpro/devkitppc/bin/../lib/gcc/powerpc-eabi/4.5.1/crtbegin.o
 .rela.text._ZNSt12domain_errorC2ERKSs
                0x00000000        0x0 c:/devkitpro/devkitppc/bin/../lib/gcc/powerpc-eabi/4.5.1/crtbegin.o
 .rela.text._ZNSt16invalid_argumentC2ERKSs
                0x00000000        0x0 c:/devkitpro/devkitppc/bin/../lib/gcc/powerpc-eabi/4.5.1/crtbegin.o
 .rela.text._ZNSt12length_errorC2ERKSs
                0x00000000        0x0 c:/devkitpro/devkitppc/bin/../lib/gcc/powerpc-eabi/4.5.1/crtbegin.o
 .rela.text._ZNSt12out_of_rangeC2ERKSs
                0x00000000        0x0 c:/devkitpro/devkitppc/bin/../lib/gcc/powerpc-eabi/4.5.1/crtbegin.o
 .rela.text._ZNSt13runtime_errorC2ERKSs
                0x00000000        0x0 c:/devkitpro/devkitppc/bin/../lib/gcc/powerpc-eabi/4.5.1/crtbegin.o
 .rela.text._ZNSt11range_errorC2ERKSs
                0x00000000        0x0 c:/devkitpro/devkitppc/bin/../lib/gcc/powerpc-eabi/4.5.1/crtbegin.o
 .rela.text._ZNSt14overflow_errorC2ERKSs
                0x00000000        0x0 c:/devkitpro/devkitppc/bin/../lib/gcc/powerpc-eabi/4.5.1/crtbegin.o
 .rela.text._ZNSt15underflow_errorC2ERKSs
                0x00000000        0x0 c:/devkitpro/devkitppc/bin/../lib/gcc/powerpc-eabi/4.5.1/crtbegin.o
 .rela.text._ZNSt14error_categoryD2Ev
                0x00000000        0x0 c:/devkitpro/devkitppc/bin/../lib/gcc/powerpc-eabi/4.5.1/crtbegin.o
 .rela.text._ZN12_GLOBAL__N_121system_error_categoryD2Ev
                0x00000000        0x0 c:/devkitpro/devkitppc/bin/../lib/gcc/powerpc-eabi/4.5.1/crtbegin.o
 .rela.text._ZN12_GLOBAL__N_122generic_error_categoryD2Ev
                0x00000000        0x0 c:/devkitpro/devkitppc/bin/../lib/gcc/powerpc-eabi/4.5.1/crtbegin.o
 .rela.text._ZNSt14error_categoryD0Ev
                0x00000000        0x0 c:/devkitpro/devkitppc/bin/../lib/gcc/powerpc-eabi/4.5.1/crtbegin.o
 .rela.text._ZN12_GLOBAL__N_121system_error_categoryD0Ev
                0x00000000        0x0 c:/devkitpro/devkitppc/bin/../lib/gcc/powerpc-eabi/4.5.1/crtbegin.o
 .rela.text._ZN12_GLOBAL__N_122generic_error_categoryD0Ev
                0x00000000        0x0 c:/devkitpro/devkitppc/bin/../lib/gcc/powerpc-eabi/4.5.1/crtbegin.o
 .rela.text._ZNSt12system_errorD2Ev
                0x00000000        0x0 c:/devkitpro/devkitppc/bin/../lib/gcc/powerpc-eabi/4.5.1/crtbegin.o
 .rela.text._ZNSt12system_errorD0Ev
                0x00000000        0x0 c:/devkitpro/devkitppc/bin/../lib/gcc/powerpc-eabi/4.5.1/crtbegin.o
 .rela.text._Z41__static_initialization_and_destruction_0ii.clone.8
                0x00000000        0x0 c:/devkitpro/devkitppc/bin/../lib/gcc/powerpc-eabi/4.5.1/crtbegin.o
 .rela.text._ZNSs12_S_empty_repEv
                0x00000000        0x0 c:/devkitpro/devkitppc/bin/../lib/gcc/powerpc-eabi/4.5.1/crtbegin.o
 .rela.text._ZNSsC2Ev
                0x00000000        0x0 c:/devkitpro/devkitppc/bin/../lib/gcc/powerpc-eabi/4.5.1/crtbegin.o
 .rela.text._ZNSsC2EOSs
                0x00000000        0x0 c:/devkitpro/devkitppc/bin/../lib/gcc/powerpc-eabi/4.5.1/crtbegin.o
 .rela.text._ZNSs4_Rep12_S_empty_repEv
                0x00000000        0x0 c:/devkitpro/devkitppc/bin/../lib/gcc/powerpc-eabi/4.5.1/crtbegin.o
 .rela.text._ZNSs4_Rep26_M_set_length_and_sharableEj
                0x00000000        0x0 c:/devkitpro/devkitppc/bin/../lib/gcc/powerpc-eabi/4.5.1/crtbegin.o
 .rela.text._ZNSs12_S_constructEjcRKSaIcE
                0x00000000        0x0 c:/devkitpro/devkitppc/bin/../lib/gcc/powerpc-eabi/4.5.1/crtbegin.o
 .rela.text._ZNSs4_Rep10_M_disposeERKSaIcE
                0x00000000        0x0 c:/devkitpro/devkitppc/bin/../lib/gcc/powerpc-eabi/4.5.1/crtbegin.o
 .rela.text._ZNSsD2Ev
                0x00000000        0x0 c:/devkitpro/devkitppc/bin/../lib/gcc/powerpc-eabi/4.5.1/crtbegin.o
 .rela.text._ZNSs9_M_mutateEjjj
                0x00000000        0x0 c:/devkitpro/devkitppc/bin/../lib/gcc/powerpc-eabi/4.5.1/crtbegin.o
 .rela.text._ZNSs6assignEPKcj
                0x00000000        0x0 c:/devkitpro/devkitppc/bin/../lib/gcc/powerpc-eabi/4.5.1/crtbegin.o
 .rela.text._ZNSs12_M_leak_hardEv
                0x00000000        0x0 c:/devkitpro/devkitppc/bin/../lib/gcc/powerpc-eabi/4.5.1/crtbegin.o
 .rela.text._ZNSs4_Rep10_M_refcopyEv
                0x00000000        0x0 c:/devkitpro/devkitppc/bin/../lib/gcc/powerpc-eabi/4.5.1/crtbegin.o
 .rela.text._ZNSs4_Rep8_M_cloneERKSaIcEj
                0x00000000        0x0 c:/devkitpro/devkitppc/bin/../lib/gcc/powerpc-eabi/4.5.1/crtbegin.o
 .rela.text._ZNSs4_Rep7_M_grabERKSaIcES2_
                0x00000000        0x0 c:/devkitpro/devkitppc/bin/../lib/gcc/powerpc-eabi/4.5.1/crtbegin.o
 .rela.text._ZNSs7reserveEj
                0x00000000        0x0 c:/devkitpro/devkitppc/bin/../lib/gcc/powerpc-eabi/4.5.1/crtbegin.o
 .rela.text._ZNSs9push_backEc
                0x00000000        0x0 c:/devkitpro/devkitppc/bin/../lib/gcc/powerpc-eabi/4.5.1/crtbegin.o
 .rela.text._ZNSs6appendEjc
                0x00000000        0x0 c:/devkitpro/devkitppc/bin/../lib/gcc/powerpc-eabi/4.5.1/crtbegin.o
 .rela.text._ZNSs6appendEPKcj
                0x00000000        0x0 c:/devkitpro/devkitppc/bin/../lib/gcc/powerpc-eabi/4.5.1/crtbegin.o
 .rela.text._ZNSs6appendERKSsjj
                0x00000000        0x0 c:/devkitpro/devkitppc/bin/../lib/gcc/powerpc-eabi/4.5.1/crtbegin.o
 .rela.text._ZNSs6appendERKSs
                0x00000000        0x0 c:/devkitpro/devkitppc/bin/../lib/gcc/powerpc-eabi/4.5.1/crtbegin.o
 .rela.text._ZNSspLEc
                0x00000000        0x0 c:/devkitpro/devkitppc/bin/../lib/gcc/powerpc-eabi/4.5.1/crtbegin.o
 .rela.text._ZNSsC2ERKSs
                0x00000000        0x0 c:/devkitpro/devkitppc/bin/../lib/gcc/powerpc-eabi/4.5.1/crtbegin.o
 .rela.text._ZNSs6assignERKSs
                0x00000000        0x0 c:/devkitpro/devkitppc/bin/../lib/gcc/powerpc-eabi/4.5.1/crtbegin.o
 .rela.text._ZStplIcSt11char_traitsIcESaIcEESbIT_T0_T1_EPKS3_RKS6_
                0x00000000        0x0 c:/devkitpro/devkitppc/bin/../lib/gcc/powerpc-eabi/4.5.1/crtbegin.o
 .rela.text._ZStplIcSt11char_traitsIcESaIcEESbIT_T0_T1_ES3_RKS6_
                0x00000000        0x0 c:/devkitpro/devkitppc/bin/../lib/gcc/powerpc-eabi/4.5.1/crtbegin.o
 .rela.text._ZNSs12_S_constructIN9__gnu_cxx17__normal_iteratorIPcSsEEEES2_T_S4_RKSaIcESt20forward_iterator_tag
                0x00000000        0x0 c:/devkitpro/devkitppc/bin/../lib/gcc/powerpc-eabi/4.5.1/crtbegin.o
 .rela.text._ZNSs12_S_constructIPcEES0_T_S1_RKSaIcESt20forward_iterator_tag
                0x00000000        0x0 c:/devkitpro/devkitppc/bin/../lib/gcc/powerpc-eabi/4.5.1/crtbegin.o
 .rela.text._ZNSs12_S_constructIPKcEEPcT_S3_RKSaIcESt20forward_iterator_tag
                0x00000000        0x0 c:/devkitpro/devkitppc/bin/../lib/gcc/powerpc-eabi/4.5.1/crtbegin.o
 .rela.text._ZNSs7replaceEjjPKcj
                0x00000000        0x0 c:/devkitpro/devkitppc/bin/../lib/gcc/powerpc-eabi/4.5.1/crtbegin.o
 .rela.text._ZN12_GLOBAL__N_121future_error_categoryD2Ev
                0x00000000        0x0 c:/devkitpro/devkitppc/bin/../lib/gcc/powerpc-eabi/4.5.1/crtbegin.o
 .rela.text._ZN12_GLOBAL__N_121future_error_categoryD0Ev
                0x00000000        0x0 c:/devkitpro/devkitppc/bin/../lib/gcc/powerpc-eabi/4.5.1/crtbegin.o
 .rela.text._ZNSt12future_errorD2Ev
                0x00000000        0x0 c:/devkitpro/devkitppc/bin/../lib/gcc/powerpc-eabi/4.5.1/crtbegin.o
 .rela.text._ZNSt12future_errorD0Ev
                0x00000000        0x0 c:/devkitpro/devkitppc/bin/../lib/gcc/powerpc-eabi/4.5.1/crtbegin.o
 .rela.text._ZNKSt12future_error4whatEv
                0x00000000        0x0 c:/devkitpro/devkitppc/bin/../lib/gcc/powerpc-eabi/4.5.1/crtbegin.o
 .rela.text._ZNK12_GLOBAL__N_121future_error_category7messageEi
                0x00000000        0x0 c:/devkitpro/devkitppc/bin/../lib/gcc/powerpc-eabi/4.5.1/crtbegin.o
 .rela.text._ZNSt8bad_castD2Ev
                0x00000000        0x0 c:/devkitpro/devkitppc/bin/../lib/gcc/powerpc-eabi/4.5.1/crtbegin.o
 .rela.text._ZNSt8bad_castD0Ev
                0x00000000        0x0 c:/devkitpro/devkitppc/bin/../lib/gcc/powerpc-eabi/4.5.1/crtbegin.o
 .rela.text._ZNSt10bad_typeidD2Ev
                0x00000000        0x0 c:/devkitpro/devkitppc/bin/../lib/gcc/powerpc-eabi/4.5.1/crtbegin.o
 .rela.text._ZNSt10bad_typeidD0Ev
                0x00000000        0x0 c:/devkitpro/devkitppc/bin/../lib/gcc/powerpc-eabi/4.5.1/crtbegin.o
 .rela.text._ZN10__cxxabiv117__class_type_infoD2Ev
                0x00000000        0x0 c:/devkitpro/devkitppc/bin/../lib/gcc/powerpc-eabi/4.5.1/crtbegin.o
 .rela.text._ZN10__cxxabiv117__class_type_infoD0Ev
                0x00000000        0x0 c:/devkitpro/devkitppc/bin/../lib/gcc/powerpc-eabi/4.5.1/crtbegin.o
 .rela.text._ZNSt9exceptionD2Ev
                0x00000000        0x0 c:/devkitpro/devkitppc/bin/../lib/gcc/powerpc-eabi/4.5.1/crtbegin.o
 .rela.text._ZNSt13bad_exceptionD2Ev
                0x00000000        0x0 c:/devkitpro/devkitppc/bin/../lib/gcc/powerpc-eabi/4.5.1/crtbegin.o
 .rela.text._ZN10__cxxabiv115__forced_unwindD2Ev
                0x00000000        0x0 c:/devkitpro/devkitppc/bin/../lib/gcc/powerpc-eabi/4.5.1/crtbegin.o
 .rela.text._ZN10__cxxabiv119__foreign_exceptionD2Ev
                0x00000000        0x0 c:/devkitpro/devkitppc/bin/../lib/gcc/powerpc-eabi/4.5.1/crtbegin.o
 .rela.text._ZN10__cxxabiv119__foreign_exceptionD0Ev
                0x00000000        0x0 c:/devkitpro/devkitppc/bin/../lib/gcc/powerpc-eabi/4.5.1/crtbegin.o
 .rela.text._ZN10__cxxabiv115__forced_unwindD0Ev
                0x00000000        0x0 c:/devkitpro/devkitppc/bin/../lib/gcc/powerpc-eabi/4.5.1/crtbegin.o
 .rela.text._ZNSt13bad_exceptionD0Ev
                0x00000000        0x0 c:/devkitpro/devkitppc/bin/../lib/gcc/powerpc-eabi/4.5.1/crtbegin.o
 .rela.text._ZNSt9exceptionD0Ev
                0x00000000        0x0 c:/devkitpro/devkitppc/bin/../lib/gcc/powerpc-eabi/4.5.1/crtbegin.o
 .rela.text.__gxx_personality_v0
                0x00000000        0x0 c:/devkitpro/devkitppc/bin/../lib/gcc/powerpc-eabi/4.5.1/crtbegin.o
 .rela.text.__cxa_call_unexpected
                0x00000000        0x0 c:/devkitpro/devkitppc/bin/../lib/gcc/powerpc-eabi/4.5.1/crtbegin.o
 .rela.text._ZSt9terminatev
                0x00000000        0x0 c:/devkitpro/devkitppc/bin/../lib/gcc/powerpc-eabi/4.5.1/crtbegin.o
 .rela.text._ZSt10unexpectedv
                0x00000000        0x0 c:/devkitpro/devkitppc/bin/../lib/gcc/powerpc-eabi/4.5.1/crtbegin.o
 .rela.text._ZSt13set_terminatePFvvE
                0x00000000        0x0 c:/devkitpro/devkitppc/bin/../lib/gcc/powerpc-eabi/4.5.1/crtbegin.o
 .rela.text._ZSt14set_unexpectedPFvvE
                0x00000000        0x0 c:/devkitpro/devkitppc/bin/../lib/gcc/powerpc-eabi/4.5.1/crtbegin.o
 .rela.text.__cxa_throw
                0x00000000        0x0 c:/devkitpro/devkitppc/bin/../lib/gcc/powerpc-eabi/4.5.1/crtbegin.o
 .rela.text._ZN9__gnu_cxx20recursive_init_errorD2Ev
                0x00000000        0x0 c:/devkitpro/devkitppc/bin/../lib/gcc/powerpc-eabi/4.5.1/crtbegin.o
 .rela.text._ZN9__gnu_cxx20recursive_init_errorD0Ev
                0x00000000        0x0 c:/devkitpro/devkitppc/bin/../lib/gcc/powerpc-eabi/4.5.1/crtbegin.o
 .rela.text.__cxa_guard_acquire
                0x00000000        0x0 c:/devkitpro/devkitppc/bin/../lib/gcc/powerpc-eabi/4.5.1/crtbegin.o
 .rela.text._ZNSt9bad_allocD2Ev
                0x00000000        0x0 c:/devkitpro/devkitppc/bin/../lib/gcc/powerpc-eabi/4.5.1/crtbegin.o
 .rela.text._ZNSt9bad_allocD0Ev
                0x00000000        0x0 c:/devkitpro/devkitppc/bin/../lib/gcc/powerpc-eabi/4.5.1/crtbegin.o
 .rela.text._Znwj
                0x00000000        0x0 c:/devkitpro/devkitppc/bin/../lib/gcc/powerpc-eabi/4.5.1/crtbegin.o
 .rela.text._ZN10__cxxabiv120__si_class_type_infoD2Ev
                0x00000000        0x0 c:/devkitpro/devkitppc/bin/../lib/gcc/powerpc-eabi/4.5.1/crtbegin.o
 .rela.text._ZN10__cxxabiv120__si_class_type_infoD0Ev
                0x00000000        0x0 c:/devkitpro/devkitppc/bin/../lib/gcc/powerpc-eabi/4.5.1/crtbegin.o
 .rela.text._ZNSt9type_infoD2Ev
                0x00000000        0x0 c:/devkitpro/devkitppc/bin/../lib/gcc/powerpc-eabi/4.5.1/crtbegin.o
 .rela.text._ZNSt9type_infoD0Ev
                0x00000000        0x0 c:/devkitpro/devkitppc/bin/../lib/gcc/powerpc-eabi/4.5.1/crtbegin.o
 .rela.text._ZN9__gnu_cxx27__verbose_terminate_handlerEv
                0x00000000        0x0 c:/devkitpro/devkitppc/bin/../lib/gcc/powerpc-eabi/4.5.1/crtbegin.o
 .rela.text.asine
                0x00000000        0x0 c:/devkitpro/devkitppc/bin/../lib/gcc/powerpc-eabi/4.5.1/crtbegin.o
 .rela.text.atangent
                0x00000000        0x0 c:/devkitpro/devkitppc/bin/../lib/gcc/powerpc-eabi/4.5.1/crtbegin.o
 .rela.text.logarithm
                0x00000000        0x0 c:/devkitpro/devkitppc/bin/../lib/gcc/powerpc-eabi/4.5.1/crtbegin.o
 .rela.text.asctime
                0x00000000        0x0 c:/devkitpro/devkitppc/bin/../lib/gcc/powerpc-eabi/4.5.1/crtbegin.o
 .rela.text.calloc
                0x00000000        0x0 c:/devkitpro/devkitppc/bin/../lib/gcc/powerpc-eabi/4.5.1/crtbegin.o
 .rela.text.__errno
                0x00000000        0x0 c:/devkitpro/devkitppc/bin/../lib/gcc/powerpc-eabi/4.5.1/crtbegin.o
 .rela.text.exit
                0x00000000        0x0 c:/devkitpro/devkitppc/bin/../lib/gcc/powerpc-eabi/4.5.1/crtbegin.o
 .rela.text.fclose
                0x00000000        0x0 c:/devkitpro/devkitppc/bin/../lib/gcc/powerpc-eabi/4.5.1/crtbegin.o
 .rela.text.fflush
                0x00000000        0x0 c:/devkitpro/devkitppc/bin/../lib/gcc/powerpc-eabi/4.5.1/crtbegin.o
 .rela.text.fgetc
                0x00000000        0x0 c:/devkitpro/devkitppc/bin/../lib/gcc/powerpc-eabi/4.5.1/crtbegin.o
 .rela.text._cleanup
                0x00000000        0x0 c:/devkitpro/devkitppc/bin/../lib/gcc/powerpc-eabi/4.5.1/crtbegin.o
 .rela.text.__sinit
                0x00000000        0x0 c:/devkitpro/devkitppc/bin/../lib/gcc/powerpc-eabi/4.5.1/crtbegin.o
 .rela.text.__sfp
                0x00000000        0x0 c:/devkitpro/devkitppc/bin/../lib/gcc/powerpc-eabi/4.5.1/crtbegin.o
 .rela.text.__fp_lock_all
                0x00000000        0x0 c:/devkitpro/devkitppc/bin/../lib/gcc/powerpc-eabi/4.5.1/crtbegin.o
 .rela.text.__fp_unlock_all
                0x00000000        0x0 c:/devkitpro/devkitppc/bin/../lib/gcc/powerpc-eabi/4.5.1/crtbegin.o
 .rela.text._fopen_r
                0x00000000        0x0 c:/devkitpro/devkitppc/bin/../lib/gcc/powerpc-eabi/4.5.1/crtbegin.o
 .rela.text.fopen
                0x00000000        0x0 c:/devkitpro/devkitppc/bin/../lib/gcc/powerpc-eabi/4.5.1/crtbegin.o
 .rela.text.fprintf
                0x00000000        0x0 c:/devkitpro/devkitppc/bin/../lib/gcc/powerpc-eabi/4.5.1/crtbegin.o
 .rela.text.fputc
                0x00000000        0x0 c:/devkitpro/devkitppc/bin/../lib/gcc/powerpc-eabi/4.5.1/crtbegin.o
 .rela.text.fputs
                0x00000000        0x0 c:/devkitpro/devkitppc/bin/../lib/gcc/powerpc-eabi/4.5.1/crtbegin.o
 .rela.text.fread
                0x00000000        0x0 c:/devkitpro/devkitppc/bin/../lib/gcc/powerpc-eabi/4.5.1/crtbegin.o
 .rela.text._malloc_trim_r
                0x00000000        0x0 c:/devkitpro/devkitppc/bin/../lib/gcc/powerpc-eabi/4.5.1/crtbegin.o
 .rela.text._free_r
                0x00000000        0x0 c:/devkitpro/devkitppc/bin/../lib/gcc/powerpc-eabi/4.5.1/crtbegin.o
 .rela.text._fseek_r
                0x00000000        0x0 c:/devkitpro/devkitppc/bin/../lib/gcc/powerpc-eabi/4.5.1/crtbegin.o
 .rela.text.fseek
                0x00000000        0x0 c:/devkitpro/devkitppc/bin/../lib/gcc/powerpc-eabi/4.5.1/crtbegin.o
 .rela.text.ftell
                0x00000000        0x0 c:/devkitpro/devkitppc/bin/../lib/gcc/powerpc-eabi/4.5.1/crtbegin.o
 .rela.text.fwrite
                0x00000000        0x0 c:/devkitpro/devkitppc/bin/../lib/gcc/powerpc-eabi/4.5.1/crtbegin.o
 .rela.text.loadlocale
                0x00000000        0x0 c:/devkitpro/devkitppc/bin/../lib/gcc/powerpc-eabi/4.5.1/crtbegin.o
 .rela.text.__smakebuf_r
                0x00000000        0x0 c:/devkitpro/devkitppc/bin/../lib/gcc/powerpc-eabi/4.5.1/crtbegin.o
 .rela.text._mbrtowc_r
                0x00000000        0x0 c:/devkitpro/devkitppc/bin/../lib/gcc/powerpc-eabi/4.5.1/crtbegin.o
 .rela.text.mbrtowc
                0x00000000        0x0 c:/devkitpro/devkitppc/bin/../lib/gcc/powerpc-eabi/4.5.1/crtbegin.o
 .rela.text.mktime
                0x00000000        0x0 c:/devkitpro/devkitppc/bin/../lib/gcc/powerpc-eabi/4.5.1/crtbegin.o
 .rela.text._mktm_r
                0x00000000        0x0 c:/devkitpro/devkitppc/bin/../lib/gcc/powerpc-eabi/4.5.1/crtbegin.o
 .rela.text._wcrtomb_r
                0x00000000        0x0 c:/devkitpro/devkitppc/bin/../lib/gcc/powerpc-eabi/4.5.1/crtbegin.o
 .rela.text.wcrtomb
                0x00000000        0x0 c:/devkitpro/devkitppc/bin/../lib/gcc/powerpc-eabi/4.5.1/crtbegin.o
 .rela.text.wctob
                0x00000000        0x0 c:/devkitpro/devkitppc/bin/../lib/gcc/powerpc-eabi/4.5.1/crtbegin.o
 .rela.text._dtoa_r
                0x00000000        0x0 c:/devkitpro/devkitppc/bin/../lib/gcc/powerpc-eabi/4.5.1/crtbegin.o
 .rela.text._findenv_r
                0x00000000        0x0 c:/devkitpro/devkitppc/bin/../lib/gcc/powerpc-eabi/4.5.1/crtbegin.o

.rel.fini
 *(.rel.fini)

.rela.fini
 *(.rela.fini)

.rel.rodata
 *(.rel.rodata .rel.rodata.* .rel.gnu.linkonce.r.*)

.rela.rodata    0x80004194        0x0
 *(.rela.rodata .rela.rodata.* .rela.gnu.linkonce.r.*)
 .rela.rodata._ZTV12ImageManager
                0x00000000        0x0 c:/devkitpro/devkitppc/bin/../lib/gcc/powerpc-eabi/4.5.1/crtbegin.o
 .rela.rodata._ZTV13SpriteManager
                0x00000000        0x0 c:/devkitpro/devkitppc/bin/../lib/gcc/powerpc-eabi/4.5.1/crtbegin.o
 .rela.rodata._ZTI13SpriteManager
                0x00000000        0x0 c:/devkitpro/devkitppc/bin/../lib/gcc/powerpc-eabi/4.5.1/crtbegin.o
 .rela.rodata.dotab_fat
                0x00000000        0x0 c:/devkitpro/devkitppc/bin/../lib/gcc/powerpc-eabi/4.5.1/crtbegin.o
 .rela.rodata._ZTISt17bad_function_call
                0x00000000        0x0 c:/devkitpro/devkitppc/bin/../lib/gcc/powerpc-eabi/4.5.1/crtbegin.o
 .rela.rodata._ZTVSt17bad_function_call
                0x00000000        0x0 c:/devkitpro/devkitppc/bin/../lib/gcc/powerpc-eabi/4.5.1/crtbegin.o
 .rela.rodata._ZTISt15underflow_error
                0x00000000        0x0 c:/devkitpro/devkitppc/bin/../lib/gcc/powerpc-eabi/4.5.1/crtbegin.o
 .rela.rodata._ZTVSt15underflow_error
                0x00000000        0x0 c:/devkitpro/devkitppc/bin/../lib/gcc/powerpc-eabi/4.5.1/crtbegin.o
 .rela.rodata._ZTISt14overflow_error
                0x00000000        0x0 c:/devkitpro/devkitppc/bin/../lib/gcc/powerpc-eabi/4.5.1/crtbegin.o
 .rela.rodata._ZTVSt14overflow_error
                0x00000000        0x0 c:/devkitpro/devkitppc/bin/../lib/gcc/powerpc-eabi/4.5.1/crtbegin.o
 .rela.rodata._ZTISt11range_error
                0x00000000        0x0 c:/devkitpro/devkitppc/bin/../lib/gcc/powerpc-eabi/4.5.1/crtbegin.o
 .rela.rodata._ZTVSt11range_error
                0x00000000        0x0 c:/devkitpro/devkitppc/bin/../lib/gcc/powerpc-eabi/4.5.1/crtbegin.o
 .rela.rodata._ZTISt12out_of_range
                0x00000000        0x0 c:/devkitpro/devkitppc/bin/../lib/gcc/powerpc-eabi/4.5.1/crtbegin.o
 .rela.rodata._ZTVSt12out_of_range
                0x00000000        0x0 c:/devkitpro/devkitppc/bin/../lib/gcc/powerpc-eabi/4.5.1/crtbegin.o
 .rela.rodata._ZTISt12length_error
                0x00000000        0x0 c:/devkitpro/devkitppc/bin/../lib/gcc/powerpc-eabi/4.5.1/crtbegin.o
 .rela.rodata._ZTVSt12length_error
                0x00000000        0x0 c:/devkitpro/devkitppc/bin/../lib/gcc/powerpc-eabi/4.5.1/crtbegin.o
 .rela.rodata._ZTISt16invalid_argument
                0x00000000        0x0 c:/devkitpro/devkitppc/bin/../lib/gcc/powerpc-eabi/4.5.1/crtbegin.o
 .rela.rodata._ZTVSt16invalid_argument
                0x00000000        0x0 c:/devkitpro/devkitppc/bin/../lib/gcc/powerpc-eabi/4.5.1/crtbegin.o
 .rela.rodata._ZTISt12domain_error
                0x00000000        0x0 c:/devkitpro/devkitppc/bin/../lib/gcc/powerpc-eabi/4.5.1/crtbegin.o
 .rela.rodata._ZTVSt12domain_error
                0x00000000        0x0 c:/devkitpro/devkitppc/bin/../lib/gcc/powerpc-eabi/4.5.1/crtbegin.o
 .rela.rodata._ZTVNSt8ios_base7failureE
                0x00000000        0x0 c:/devkitpro/devkitppc/bin/../lib/gcc/powerpc-eabi/4.5.1/crtbegin.o
 .rela.rodata._ZTINSt8ios_base7failureE
                0x00000000        0x0 c:/devkitpro/devkitppc/bin/../lib/gcc/powerpc-eabi/4.5.1/crtbegin.o
 .rela.rodata._ZTVSt13runtime_error
                0x00000000        0x0 c:/devkitpro/devkitppc/bin/../lib/gcc/powerpc-eabi/4.5.1/crtbegin.o
 .rela.rodata._ZTVSt11logic_error
                0x00000000        0x0 c:/devkitpro/devkitppc/bin/../lib/gcc/powerpc-eabi/4.5.1/crtbegin.o
 .rela.rodata._ZTISt13runtime_error
                0x00000000        0x0 c:/devkitpro/devkitppc/bin/../lib/gcc/powerpc-eabi/4.5.1/crtbegin.o
 .rela.rodata._ZTISt11logic_error
                0x00000000        0x0 c:/devkitpro/devkitppc/bin/../lib/gcc/powerpc-eabi/4.5.1/crtbegin.o
 .rela.rodata._ZTVSt14error_category
                0x00000000        0x0 c:/devkitpro/devkitppc/bin/../lib/gcc/powerpc-eabi/4.5.1/crtbegin.o
 .rela.rodata._ZTVSt12system_error
                0x00000000        0x0 c:/devkitpro/devkitppc/bin/../lib/gcc/powerpc-eabi/4.5.1/crtbegin.o
 .rela.rodata._ZTISt12system_error
                0x00000000        0x0 c:/devkitpro/devkitppc/bin/../lib/gcc/powerpc-eabi/4.5.1/crtbegin.o
 .rela.rodata._ZTIN12_GLOBAL__N_121system_error_categoryE
                0x00000000        0x0 c:/devkitpro/devkitppc/bin/../lib/gcc/powerpc-eabi/4.5.1/crtbegin.o
 .rela.rodata._ZTIN12_GLOBAL__N_122generic_error_categoryE
                0x00000000        0x0 c:/devkitpro/devkitppc/bin/../lib/gcc/powerpc-eabi/4.5.1/crtbegin.o
 .rela.rodata._ZTVSt12future_error
                0x00000000        0x0 c:/devkitpro/devkitppc/bin/../lib/gcc/powerpc-eabi/4.5.1/crtbegin.o
 .rela.rodata._ZTISt12future_error
                0x00000000        0x0 c:/devkitpro/devkitppc/bin/../lib/gcc/powerpc-eabi/4.5.1/crtbegin.o
 .rela.rodata._ZTIN12_GLOBAL__N_121future_error_categoryE
                0x00000000        0x0 c:/devkitpro/devkitppc/bin/../lib/gcc/powerpc-eabi/4.5.1/crtbegin.o
 .rela.rodata._ZTVSt8bad_cast
                0x00000000        0x0 c:/devkitpro/devkitppc/bin/../lib/gcc/powerpc-eabi/4.5.1/crtbegin.o
 .rela.rodata._ZTISt8bad_cast
                0x00000000        0x0 c:/devkitpro/devkitppc/bin/../lib/gcc/powerpc-eabi/4.5.1/crtbegin.o
 .rela.rodata._ZTVSt10bad_typeid
                0x00000000        0x0 c:/devkitpro/devkitppc/bin/../lib/gcc/powerpc-eabi/4.5.1/crtbegin.o
 .rela.rodata._ZTISt10bad_typeid
                0x00000000        0x0 c:/devkitpro/devkitppc/bin/../lib/gcc/powerpc-eabi/4.5.1/crtbegin.o
 .rela.rodata._ZTVN10__cxxabiv117__class_type_infoE
                0x00000000        0x0 c:/devkitpro/devkitppc/bin/../lib/gcc/powerpc-eabi/4.5.1/crtbegin.o
 .rela.rodata._ZTIN10__cxxabiv117__class_type_infoE
                0x00000000        0x0 c:/devkitpro/devkitppc/bin/../lib/gcc/powerpc-eabi/4.5.1/crtbegin.o
 .rela.rodata._ZTVN10__cxxabiv119__foreign_exceptionE
                0x00000000        0x0 c:/devkitpro/devkitppc/bin/../lib/gcc/powerpc-eabi/4.5.1/crtbegin.o
 .rela.rodata._ZTVN10__cxxabiv115__forced_unwindE
                0x00000000        0x0 c:/devkitpro/devkitppc/bin/../lib/gcc/powerpc-eabi/4.5.1/crtbegin.o
 .rela.rodata._ZTVSt13bad_exception
                0x00000000        0x0 c:/devkitpro/devkitppc/bin/../lib/gcc/powerpc-eabi/4.5.1/crtbegin.o
 .rela.rodata._ZTVSt9exception
                0x00000000        0x0 c:/devkitpro/devkitppc/bin/../lib/gcc/powerpc-eabi/4.5.1/crtbegin.o
 .rela.rodata._ZTISt13bad_exception
                0x00000000        0x0 c:/devkitpro/devkitppc/bin/../lib/gcc/powerpc-eabi/4.5.1/crtbegin.o
 .rela.rodata._ZTVN9__gnu_cxx20recursive_init_errorE
                0x00000000        0x0 c:/devkitpro/devkitppc/bin/../lib/gcc/powerpc-eabi/4.5.1/crtbegin.o
 .rela.rodata._ZTIN9__gnu_cxx20recursive_init_errorE
                0x00000000        0x0 c:/devkitpro/devkitppc/bin/../lib/gcc/powerpc-eabi/4.5.1/crtbegin.o
 .rela.rodata._ZTVSt9bad_alloc
                0x00000000        0x0 c:/devkitpro/devkitppc/bin/../lib/gcc/powerpc-eabi/4.5.1/crtbegin.o
 .rela.rodata._ZTISt9bad_alloc
                0x00000000        0x0 c:/devkitpro/devkitppc/bin/../lib/gcc/powerpc-eabi/4.5.1/crtbegin.o
 .rela.rodata._ZTVN10__cxxabiv120__si_class_type_infoE
                0x00000000        0x0 c:/devkitpro/devkitppc/bin/../lib/gcc/powerpc-eabi/4.5.1/crtbegin.o
 .rela.rodata._ZTIN10__cxxabiv120__si_class_type_infoE
                0x00000000        0x0 c:/devkitpro/devkitppc/bin/../lib/gcc/powerpc-eabi/4.5.1/crtbegin.o
 .rela.rodata._ZTVSt9type_info
                0x00000000        0x0 c:/devkitpro/devkitppc/bin/../lib/gcc/powerpc-eabi/4.5.1/crtbegin.o

.rel.data
 *(.rel.data .rel.data.* .rel.gnu.linkonce.d.*)

.rela.data
 *(.rela.data .rela.data.* .rela.gnu.linkonce.d.*)

.rel.tdata
 *(.rel.tdata .rel.tdata.* .rel.gnu.linkonce.td.*)

.rela.tdata
 *(.rela.tdata .rela.tdata.* .rela.gnu.linkonce.td.*)

.rel.tbss
 *(.rel.tbss .rel.tbss.* .rel.gnu.linkonce.tb.*)

.rela.tbss
 *(.rela.tbss .rela.tbss.* .rela.gnu.linkonce.tb.*)

.rel.ctors
 *(.rel.ctors)

.rela.ctors
 *(.rela.ctors)

.rel.dtors
 *(.rel.dtors)

.rela.dtors
 *(.rela.dtors)

.rel.got
 *(.rel.got)

.rela.got
 *(.rela.got)

.rela.got1
 *(.rela.got1)

.rela.got2      0x80004194        0x0
 *(.rela.got2)
 .rela.got2     0x00000000        0x0 c:/devkitpro/devkitppc/bin/../lib/gcc/powerpc-eabi/4.5.1/crtbegin.o

.rel.sdata
 *(.rel.sdata .rel.sdata.* .rel.gnu.linkonce.s.*)

.rela.sdata     0x80004194        0x0
 *(.rela.sdata .rela.sdata.* .rela.gnu.linkonce.s.*)
 .rela.sdata._ZTI12ImageManager
                0x00000000        0x0 c:/devkitpro/devkitppc/bin/../lib/gcc/powerpc-eabi/4.5.1/crtbegin.o
 .rela.sdata._ZTISt14error_category
                0x00000000        0x0 c:/devkitpro/devkitppc/bin/../lib/gcc/powerpc-eabi/4.5.1/crtbegin.o
 .rela.sdata._ZTIN10__cxxabiv119__foreign_exceptionE
                0x00000000        0x0 c:/devkitpro/devkitppc/bin/../lib/gcc/powerpc-eabi/4.5.1/crtbegin.o
 .rela.sdata._ZTIN10__cxxabiv115__forced_unwindE
                0x00000000        0x0 c:/devkitpro/devkitppc/bin/../lib/gcc/powerpc-eabi/4.5.1/crtbegin.o
 .rela.sdata._ZTISt9exception
                0x00000000        0x0 c:/devkitpro/devkitppc/bin/../lib/gcc/powerpc-eabi/4.5.1/crtbegin.o
 .rela.sdata._ZN10__cxxabiv119__terminate_handlerE
                0x00000000        0x0 c:/devkitpro/devkitppc/bin/../lib/gcc/powerpc-eabi/4.5.1/crtbegin.o
 .rela.sdata._ZTISt9type_info
                0x00000000        0x0 c:/devkitpro/devkitppc/bin/../lib/gcc/powerpc-eabi/4.5.1/crtbegin.o

.rel.sbss
 *(.rel.sbss .rel.sbss.* .rel.gnu.linkonce.sb.*)

.rela.sbss
 *(.rela.sbss .rela.sbss.* .rel.gnu.linkonce.sb.*)

.rel.sdata2
 *(.rel.sdata2 .rel.sdata2.* .rel.gnu.linkonce.s2.*)

.rela.sdata2
 *(.rela.sdata2 .rela.sdata2.* .rela.gnu.linkonce.s2.*)

.rel.sbss2
 *(.rel.sbss2 .rel.sbss2.* .rel.gnu.linkonce.sb2.*)

.rela.sbss2
 *(.rela.sbss2 .rela.sbss2.* .rela.gnu.linkonce.sb2.*)

.rel.bss
 *(.rel.bss .rel.bss.* .rel.gnu.linkonce.b.*)

.rela.bss
 *(.rela.bss .rela.bss.* .rela.gnu.linkonce.b.*)

.rel.plt
 *(.rel.plt)

.rela.plt
 *(.rela.plt)

.text           0x800041a0    0x5b5a0
 *(.text)
 .text          0x800041a0      0x168 c:/devkitpro/devkitppc/bin/../lib/gcc/powerpc-eabi/4.5.1/crtbegin.o
 .text          0x80004308       0x44 c:/devkitpro/devkitppc/bin/../lib/gcc/powerpc-eabi/4.5.1/../../../../powerpc-eabi/lib/crtmain.o
                0x8000430c                __crtmain
 *fill*         0x8000434c       0x14 00000000
 .text          0x80004360      0x4ec c:/devkitPro/libogc/lib/wii\libogc.a(lwp_handler.o)
                0x80004360                _cpu_context_save_fp
                0x800044a0                _cpu_context_restore_fp
                0x800045e0                _cpu_context_switch
                0x80004760                _cpu_context_save
                0x800047e0                _cpu_context_restore
 .text          0x8000484c      0x4f0 c:/devkitPro/libogc/lib/wii\libogc.a(cache_asm.o)
                0x8000484c                DCFlashInvalidate
                0x80004860                DCEnable
                0x80004874                DCDisable
                0x80004888                DCFreeze
                0x8000489c                DCUnfreeze
                0x800048b0                DCTouchLoad
                0x800048b8                DCBlockZero
                0x800048c0                DCBlockStore
                0x800048c8                DCBlockFlush
                0x800048d0                DCBlockInvalidate
                0x800048d8                DCInvalidateRange
                0x80004908                DCFlushRange
                0x8000493c                DCStoreRange
                0x80004970                DCFlushRangeNoSync
                0x800049a0                DCStoreRangeNoSync
                0x800049d0                DCZeroRange
                0x80004a00                DCTouchRange
                0x80004a30                ICInvalidateRange
                0x80004a68                ICFlashInvalidate
                0x80004a7c                ICEnable
                0x80004a90                ICDisable
                0x80004aa4                ICFreeze
                0x80004ab8                ICUnfreeze
                0x80004acc                ICBlockInvalidate
                0x80004ad4                ICSync
                0x80004adc                L2Init
                0x80004b24                L2Enable
                0x80004b40                L2Disable
                0x80004b58                L2GlobalInvalidate
                0x80004bb0                __LCEnable
                0x80004c78                LCDisable
                0x80004ca0                LCAllocOneTag
                0x80004cb4                LCAllocTags
                0x80004cf4                LCLoadBlocks
                0x80004d18                LCStoreBlocks
 .text          0x80004d3c      0x4b0 c:/devkitPro/libogc/lib/wii\libogc.a(system_asm.o)
                0x80004d3c                __realmode
                0x80004d54                __configBATS
                0x80004e84                __InitFPRS
                0x80004fb0                __InitPS
                0x8000500c                __InitCache
                0x80005064                __InitSystem
                0x800050fc                __flush_cache
                0x80005130                __reset
                0x800051a0                __InitBATS
                0x800051bc                SYS_SwitchFiber
 .text          0x800051ec      0x934 c:/devkitPro/libogc/lib/wii\libogc.a(gu_psasm.o)
                0x800051ec                ps_guMtxConcat
                0x800052b8                ps_guMtxIdentity
                0x800052ec                ps_guMtxCopy
                0x80005320                ps_guMtxTranspose
                0x80005378                ps_guMtxInverse
                0x80005470                ps_guMtxInvXpose
                0x80005538                ps_guMtxScale
                0x80005568                ps_guMtxScaleApply
                0x800055c0                ps_guMtxApplyScale
                0x8000562c                ps_guMtxTrans
                0x80005668                ps_guMtxTransApply
                0x800056b4                ps_guMtxApplyTrans
                0x80005738                ps_guMtxRotTrig
                0x800057f0                __ps_guMtxRotAxisRadInternal
                0x800058b8                ps_guMtxReflect
                0x80005930                ps_guVecAdd
                0x80005954                ps_guVecSub
                0x80005978                ps_guVecScale
                0x80005994                ps_guVecNormalize
                0x800059e0                ps_guVecCross
                0x80005a1c                ps_guVecDotProduct
                0x80005a3c                ps_guVecMultiply
                0x80005a90                ps_guVecMultiplySR
                0x80005b00                ps_guQuatDotProduct
 .text          0x80005b20      0x1ac c:/devkitPro/libogc/lib/wii\libogc.a(irq_handler.o)
                0x80005b20                irq_exceptionhandler
 .text          0x80005ccc      0x118 c:/devkitPro/libogc/lib/wii\libogc.a(video_asm.o)
                0x80005ccc                __VIClearFramebuffer
 .text          0x80005de4      0x1ac c:/devkitPro/libogc/lib/wii\libogc.a(decrementer_handler.o)
                0x80005de4                dec_exceptionhandler
 .text          0x80005f90      0x35c c:/devkitPro/libogc/lib/wii\libogc.a(exception_handler.o)
                0x80005f90                exceptionhandler_start
                0x8000600c                exceptionhandler_patch
                0x80006040                exceptionhandler_end
                0x80006044                default_exceptionhandler
                0x80006174                fpu_exceptionhandler
                0x800062bc                systemcallhandler_start
                0x800062e8                systemcallhandler_end
 .text          0x800062ec     0x77a8 c:/devkitpro/devkitppc/bin/../lib/gcc/powerpc-eabi/4.5.1/../../../../powerpc-eabi/lib\libstdc++.a(cp-demangle.o)
                0x8000d8d0                __cxa_demangle
                0x8000da48                __gcclibcxx_demangle_callback
 .text          0x8000da94       0x40 c:/devkitpro/devkitppc/bin/../lib/gcc/powerpc-eabi/4.5.1\libgcc.a(_ashldi3.o)
                0x8000da94                __ashldi3
 .text          0x8000dad4      0x3f0 c:/devkitpro/devkitppc/bin/../lib/gcc/powerpc-eabi/4.5.1\libgcc.a(_udivdi3.o)
                0x8000dad4                __udivdi3
 .text          0x8000dec4      0x3c0 c:/devkitpro/devkitppc/bin/../lib/gcc/powerpc-eabi/4.5.1\libgcc.a(_umoddi3.o)
                0x8000dec4                __umoddi3
 .text          0x8000e284       0x48 c:/devkitpro/devkitppc/bin/../lib/gcc/powerpc-eabi/4.5.1\libgcc.a(eabi.o)
                0x8000e284                __eabi
 .text          0x8000e2cc       0x4c c:/devkitpro/devkitppc/bin/../lib/gcc/powerpc-eabi/4.5.1\libgcc.a(crtsavfpr.o)
                0x8000e2cc                _savefpr_14
                0x8000e2d0                _savefpr_15
                0x8000e2d4                _savefpr_16
                0x8000e2d8                _savefpr_17
                0x8000e2dc                _savefpr_18
                0x8000e2e0                _savefpr_19
                0x8000e2e4                _savefpr_20
                0x8000e2e8                _savefpr_21
                0x8000e2ec                _savefpr_22
                0x8000e2f0                _savefpr_23
                0x8000e2f4                _savefpr_24
                0x8000e2f8                _savefpr_25
                0x8000e2fc                _savefpr_26
                0x8000e300                _savefpr_27
                0x8000e304                _savefpr_28
                0x8000e308                _savefpr_29
                0x8000e30c                _savefpr_30
                0x8000e310                _savefpr_31
 .text          0x8000e318       0x4c c:/devkitpro/devkitppc/bin/../lib/gcc/powerpc-eabi/4.5.1\libgcc.a(crtsavgpr.o)
                0x8000e318                _savegpr_14
                0x8000e31c                _savegpr_15
                0x8000e320                _savegpr_16
                0x8000e324                _savegpr_17
                0x8000e328                _savegpr_18
                0x8000e32c                _savegpr_19
                0x8000e330                _savegpr_20
                0x8000e334                _savegpr_21
                0x8000e338                _savegpr_22
                0x8000e33c                _savegpr_23
                0x8000e340                _savegpr_24
                0x8000e344                _savegpr_25
                0x8000e348                _savegpr_26
                0x8000e34c                _savegpr_27
                0x8000e350                _savegpr_28
                0x8000e354                _savegpr_29
                0x8000e358                _savegpr_30
                0x8000e35c                _savegpr_31
 .text          0x8000e364       0x4c c:/devkitpro/devkitppc/bin/../lib/gcc/powerpc-eabi/4.5.1\libgcc.a(crtresgpr.o)
                0x8000e364                _restgpr_14
                0x8000e368                _restgpr_15
                0x8000e36c                _restgpr_16
                0x8000e370                _restgpr_17
                0x8000e374                _restgpr_18
                0x8000e378                _restgpr_19
                0x8000e37c                _restgpr_20
                0x8000e380                _restgpr_21
                0x8000e384                _restgpr_22
                0x8000e388                _restgpr_23
                0x8000e38c                _restgpr_24
                0x8000e390                _restgpr_25
                0x8000e394                _restgpr_26
                0x8000e398                _restgpr_27
                0x8000e39c                _restgpr_28
                0x8000e3a0                _restgpr_29
                0x8000e3a4                _restgpr_30
                0x8000e3a8                _restgpr_31
 .text          0x8000e3b0       0x58 c:/devkitpro/devkitppc/bin/../lib/gcc/powerpc-eabi/4.5.1\libgcc.a(crtresxfpr.o)
                0x8000e3b0                _restfpr_14_x
                0x8000e3b4                _restfpr_15_x
                0x8000e3b8                _restfpr_16_x
                0x8000e3bc                _restfpr_17_x
                0x8000e3c0                _restfpr_18_x
                0x8000e3c4                _restfpr_19_x
                0x8000e3c8                _restfpr_20_x
                0x8000e3cc                _restfpr_21_x
                0x8000e3d0                _restfpr_22_x
                0x8000e3d4                _restfpr_23_x
                0x8000e3d8                _restfpr_24_x
                0x8000e3dc                _restfpr_25_x
                0x8000e3e0                _restfpr_26_x
                0x8000e3e4                _restfpr_27_x
                0x8000e3e8                _restfpr_28_x
                0x8000e3ec                _restfpr_29_x
                0x8000e3f0                _restfpr_30_x
                0x8000e3f4                _restfpr_31_x
 .text          0x8000e408       0x58 c:/devkitpro/devkitppc/bin/../lib/gcc/powerpc-eabi/4.5.1\libgcc.a(crtresxgpr.o)
                0x8000e408                _restgpr_14_x
                0x8000e40c                _restgpr_15_x
                0x8000e410                _restgpr_16_x
                0x8000e414                _restgpr_17_x
                0x8000e418                _restgpr_18_x
                0x8000e41c                _restgpr_19_x
                0x8000e420                _restgpr_20_x
                0x8000e424                _restgpr_21_x
                0x8000e428                _restgpr_22_x
                0x8000e42c                _restgpr_23_x
                0x8000e430                _restgpr_24_x
                0x8000e434                _restgpr_25_x
                0x8000e438                _restgpr_26_x
                0x8000e43c                _restgpr_27_x
                0x8000e440                _restgpr_28_x
                0x8000e444                _restgpr_29_x
                0x8000e448                _restgpr_30_x
                0x8000e44c                _restgpr_31_x
 .text          0x8000e460     0x2fb8 c:/devkitpro/devkitppc/bin/../lib/gcc/powerpc-eabi/4.5.1\libgcc.a(unwind-dw2.o)
                0x8001071c                _Unwind_GetGR
                0x80010790                _Unwind_GetCFA
                0x80010798                _Unwind_SetGR
                0x80010820                _Unwind_GetIP
                0x80010828                _Unwind_GetIPInfo
                0x8001083c                _Unwind_SetIP
                0x80010844                _Unwind_GetLanguageSpecificData
                0x8001084c                _Unwind_GetRegionStart
                0x80010854                _Unwind_FindEnclosingFunction
                0x8001088c                _Unwind_GetDataRelBase
                0x80010894                _Unwind_GetTextRelBase
                0x8001089c                __frame_state_for
                0x800109b4                _Unwind_RaiseException
                0x80010c3c                _Unwind_ForcedUnwind
                0x80010e2c                _Unwind_Resume
                0x80011028                _Unwind_Resume_or_Rethrow
                0x8001121c                _Unwind_DeleteException
                0x80011254                _Unwind_Backtrace
 .text          0x80011418     0x189c c:/devkitpro/devkitppc/bin/../lib/gcc/powerpc-eabi/4.5.1\libgcc.a(unwind-dw2-fde.o)
                0x800127c8                __register_frame_info_bases
                0x80012810                __register_frame_info
                0x8001285c                __register_frame
                0x800128cc                __register_frame_info_table_bases
                0x80012900                __register_frame_info_table
                0x80012938                __register_frame_table
                0x8001299c                __deregister_frame_info_bases
                0x80012aac                __deregister_frame_info
                0x80012ab0                __deregister_frame
                0x80012ae0                _Unwind_Find_FDE
 .text          0x80012cb4       0x28 c:/devkitpro/devkitppc/bin/../lib/gcc/powerpc-eabi/4.5.1/../../../../powerpc-eabi/lib\libsysbase.a(abort.o)
                0x80012cb4                abort
 .text          0x80012cdc      0x2ec c:/devkitpro/devkitppc/bin/../lib/gcc/powerpc-eabi/4.5.1/../../../../powerpc-eabi/lib\libsysbase.a(iosupport.o)
                0x80012cdc                setDefaultDevice
                0x80012cf4                FindDevice
                0x80012e18                RemoveDevice
                0x80012e68                AddDevice
                0x80012f84                GetDeviceOpTab
 .text          0x80012fc8       0x28 c:/devkitpro/devkitppc/bin/../lib/gcc/powerpc-eabi/4.5.1/../../../../powerpc-eabi/lib\libsysbase.a(_exit.o)
                0x80012fc8                _exit
 .text          0x80012ff0      0x4c4 c:/devkitpro/devkitppc/bin/../lib/gcc/powerpc-eabi/4.5.1/../../../../powerpc-eabi/lib\libsysbase.a(chdir.o)
                0x80012ff0                _concatenate_path
                0x80013240                chdir
                0x800133d0                getcwd
 .text          0x800134b4       0xa0 c:/devkitpro/devkitppc/bin/../lib/gcc/powerpc-eabi/4.5.1/../../../../powerpc-eabi/lib\libsysbase.a(build_argv.o)
                0x800134b4                build_argv
 .text          0x80013554      0x168 c:/devkitpro/devkitppc/bin/../lib/gcc/powerpc-eabi/4.5.1/../../../../powerpc-eabi/lib\libsysbase.a(syscall_support.o)
                0x80013554                __libc_lock_init
                0x80013594                __libc_lock_close
                0x800135d4                __libc_lock_release
                0x80013614                __libc_lock_acquire
                0x80013654                __malloc_lock
                0x80013688                __malloc_unlock
 .text          0x800136bc       0x9c c:/devkitpro/devkitppc/bin/../lib/gcc/powerpc-eabi/4.5.1/../../../../powerpc-eabi/lib\libsysbase.a(close.o)
                0x800136bc                _close_r
 .text          0x80013758       0xc8 c:/devkitpro/devkitppc/bin/../lib/gcc/powerpc-eabi/4.5.1/../../../../powerpc-eabi/lib\libsysbase.a(fstat.o)
                0x80013758                _fstat_r
 .text          0x80013820        0x8 c:/devkitpro/devkitppc/bin/../lib/gcc/powerpc-eabi/4.5.1/../../../../powerpc-eabi/lib\libsysbase.a(isatty.o)
                0x80013820                _isatty_r
 .text          0x80013828       0xcc c:/devkitpro/devkitppc/bin/../lib/gcc/powerpc-eabi/4.5.1/../../../../powerpc-eabi/lib\libsysbase.a(lseek.o)
                0x80013828                _lseek_r
 .text          0x800138f4      0x14c c:/devkitpro/devkitppc/bin/../lib/gcc/powerpc-eabi/4.5.1/../../../../powerpc-eabi/lib\libsysbase.a(open.o)
                0x800138f4                _open_r
 .text          0x80013a40       0xac c:/devkitpro/devkitppc/bin/../lib/gcc/powerpc-eabi/4.5.1/../../../../powerpc-eabi/lib\libsysbase.a(read.o)
                0x80013a40                _read_r
 .text          0x80013aec       0x50 c:/devkitpro/devkitppc/bin/../lib/gcc/powerpc-eabi/4.5.1/../../../../powerpc-eabi/lib\libsysbase.a(sbrk.o)
                0x80013aec                _sbrk_r
 .text          0x80013b3c       0xac c:/devkitpro/devkitppc/bin/../lib/gcc/powerpc-eabi/4.5.1/../../../../powerpc-eabi/lib\libsysbase.a(write.o)
                0x80013b3c                _write_r
 .text          0x80013be8       0x6c c:/devkitpro/devkitppc/bin/../lib/gcc/powerpc-eabi/4.5.1/../../../../powerpc-eabi/lib\libsysbase.a(flock.o)
                0x80013be8                __flockfile
                0x80013c30                __funlockfile
 .text          0x80013c54      0x174 c:/devkitpro/devkitppc/bin/../lib/gcc/powerpc-eabi/4.5.1/../../../../powerpc-eabi/lib\libsysbase.a(handle_manager.o)
                0x80013c54                __release_handle
                0x80013cb0                __alloc_handle
                0x80013da4                __get_handle
 .text          0x80013dc8       0x6c c:/devkitpro/devkitppc/bin/../lib/gcc/powerpc-eabi/4.5.1/crtend.o
 *(.text.*)
 .text.__tcf_0  0x80013e34       0x28 Debug.o
 .text._ZN5Debug11_ExitPrintfEPKcz
                0x80013e5c      0x138 Debug.o
                0x80013e5c                Debug::_ExitPrintf(char const*, ...)
 .text.__tcf_0  0x80013f94       0x28 EFB.o
 .text._ZN3EFB17CopyTextureFromGXEPjjjjj
                0x80013fbc      0x184 EFB.o
                0x80013fbc                EFB::CopyTextureFromGX(unsigned int*, unsigned int, unsigned int, unsigned int, unsigned int)
 .text._ZN3EFB16NewTextureFromGXEjjjj
                0x80014140       0x9c EFB.o
                0x80014140                EFB::NewTextureFromGX(unsigned int, unsigned int, unsigned int, unsigned int)
 .text._ZNSt6vectorI8CharInfoSaIS0_EED2Ev
                0x800141dc       0x2c Font.o
                0x800141dc                std::vector<CharInfo, std::allocator<CharInfo> >::~vector()
                0x800141dc                std::vector<CharInfo, std::allocator<CharInfo> >::~vector()
 .text._ZNSt6vectorI8CharInfoSaIS0_EE13_M_insert_auxEN9__gnu_cxx17__normal_iteratorIPS0_S2_EERKS0_
                0x80014208      0x344 Font.o
                0x80014208                std::vector<CharInfo, std::allocator<CharInfo> >::_M_insert_aux(__gnu_cxx::__normal_iterator<CharInfo*, std::vector<CharInfo, std::allocator<CharInfo> > >, CharInfo const&)
 .text._ZN4Font18CreateFontFromFileERKSs
                0x8001454c      0x440 Font.o
                0x8001454c                Font::CreateFontFromFile(std::string const&)
 .text._ZN4FontC2ESs
                0x8001498c       0x58 Font.o
                0x8001498c                Font::Font(std::string)
                0x8001498c                Font::Font(std::string)
 .text._ZNSt6vectorIP4FontSaIS1_EE13_M_insert_auxEN9__gnu_cxx17__normal_iteratorIPS1_S3_EERKS1_
                0x800149e4      0x1dc FontManager.o
                0x800149e4                std::vector<Font*, std::allocator<Font*> >::_M_insert_aux(__gnu_cxx::__normal_iterator<Font**, std::vector<Font*, std::allocator<Font*> > >, Font* const&)
 .text._ZN11FontManager8LoadFontESs
                0x80014bc0       0xf4 FontManager.o
                0x80014bc0                FontManager::LoadFont(std::string)
 .text._ZN5Image14DrawImageFor3DEffh
                0x80014cb4      0x258 Image.o
                0x80014cb4                Image::DrawImageFor3D(float, float, unsigned char)
 .text._ZN5Image21DrawImageNoAlphaFor3DEii
                0x80014f0c      0x158 Image.o
                0x80014f0c                Image::DrawImageNoAlphaFor3D(int, int)
 .text._ZN5Image25AllocateMemConvertToRGBA8EPhtt
                0x80015064      0x17c Image.o
                0x80015064                Image::AllocateMemConvertToRGBA8(unsigned char*, unsigned short, unsigned short)
 .text._ZN5ImageC2EP8CharInfoPh
                0x800151e0      0x1cc Image.o
                0x800151e0                Image::Image(CharInfo*, unsigned char*)
                0x800151e0                Image::Image(CharInfo*, unsigned char*)
 .text._ZN5ImageC2Ejj
                0x800153ac      0x100 Image.o
                0x800153ac                Image::Image(unsigned int, unsigned int)
                0x800153ac                Image::Image(unsigned int, unsigned int)
 .text._ZN5ImageC2EPhii
                0x800154ac       0x74 Image.o
                0x800154ac                Image::Image(unsigned char*, int, int)
                0x800154ac                Image::Image(unsigned char*, int, int)
 .text._ZN12ImageManager4LineEssssjj
                0x80015520       0xac ImageManager.o
                0x80015520                ImageManager::Line(short, short, short, short, unsigned int, unsigned int)
 .text._ZN12ImageManager12RemoveImagesEv
                0x800155cc       0xf8 ImageManager.o
                0x800155cc                ImageManager::RemoveImages()
 .text._ZN12ImageManagerD2Ev
                0x800156c4       0x48 ImageManager.o
                0x800156c4                ImageManager::~ImageManager()
                0x800156c4                ImageManager::~ImageManager()
 .text._ZN12ImageManager8GetImageEj
                0x8001570c       0x2c ImageManager.o
                0x8001570c                ImageManager::GetImage(unsigned int)
 .text._ZN12ImageManager8AddImageEjjjjj
                0x80015738      0x158 ImageManager.o
                0x80015738                ImageManager::AddImage(unsigned int, unsigned int, unsigned int, unsigned int, unsigned int)
 .text._ZN12ImageManager17BeginGraphicsFileESs
                0x80015890       0x44 ImageManager.o
                0x80015890                ImageManager::BeginGraphicsFile(std::string)
 .text._ZN12ImageManager15EndGraphicsFileEv
                0x800158d4       0x2c ImageManager.o
                0x800158d4                ImageManager::EndGraphicsFile()
 .text._ZN12ImageManager8AddImageESsjjjjj
                0x80015900       0xfc ImageManager.o
                0x80015900                ImageManager::AddImage(std::string, unsigned int, unsigned int, unsigned int, unsigned int, unsigned int)
 .text._ZNSt6vectorIP5ImageSaIS1_EE13_M_insert_auxEN9__gnu_cxx17__normal_iteratorIPS1_S3_EERKS1_
                0x800159fc      0x1dc ImageManager.o
                0x800159fc                std::vector<Image*, std::allocator<Image*> >::_M_insert_aux(__gnu_cxx::__normal_iterator<Image**, std::vector<Image*, std::allocator<Image*> > >, Image* const&)
 .text._ZN12ImageManager8AddImageEP5Image
                0x80015bd8       0x5c ImageManager.o
                0x80015bd8                ImageManager::AddImage(Image*)
 .text._ZN12ImageManager8AddImageEPhjj
                0x80015c34       0xac ImageManager.o
                0x80015c34                ImageManager::AddImage(unsigned char*, unsigned int, unsigned int)
 .text._ZNSt6vectorI4_vtxSaIS0_EED2Ev
                0x80015ce0       0x2c InputDeviceManager.o
                0x80015ce0                std::vector<_vtx, std::allocator<_vtx> >::~vector()
                0x80015ce0                std::vector<_vtx, std::allocator<_vtx> >::~vector()
 .text._ZN18InputDeviceManagerC2Ei
                0x80015d0c       0x98 InputDeviceManager.o
                0x80015d0c                InputDeviceManager::InputDeviceManager(int)
                0x80015d0c                InputDeviceManager::InputDeviceManager(int)
 .text._ZNSt6vectorI4_vtxSaIS0_EE13_M_insert_auxEN9__gnu_cxx17__normal_iteratorIPS0_S2_EERKS0_
                0x80015da4      0x2a0 InputDeviceManager.o
                0x80015da4                std::vector<_vtx, std::allocator<_vtx> >::_M_insert_aux(__gnu_cxx::__normal_iterator<_vtx*, std::vector<_vtx, std::allocator<_vtx> > >, _vtx const&)
 .text._ZN18InputDeviceManager5StoreEv
                0x80016044      0x118 InputDeviceManager.o
                0x80016044                InputDeviceManager::Store()
 .text._Z22Trigger_Reset_Callbackv
                0x8001615c       0x1c Main.o
                0x8001615c                Trigger_Reset_Callback()
 .text._Z22Trigger_Power_Callbackv
                0x80016178       0x1c Main.o
                0x80016178                Trigger_Power_Callback()
 .text._Z25Trigger_PadPower_Callbacki
                0x80016194       0x1c Main.o
                0x80016194                Trigger_PadPower_Callback(int)
 .text.__tcf_0  0x800161b0       0x28 Main.o
 .text._Z18calculate_distanceffff
                0x800161d8       0x34 Main.o
                0x800161d8                calculate_distance(float, float, float, float)
 .text.main     0x8001620c      0xb20 Main.o
                0x8001620c                main
 .text._ZN3Map7SetViewEff
                0x80016d2c       0x20 MapManager.o
                0x80016d2c                Map::SetView(float, float)
 .text._ZNK3Map18GetValueFromOriginEjj
                0x80016d4c       0x24 MapManager.o
                0x80016d4c                Map::GetValueFromOrigin(unsigned int, unsigned int) const
 .text._ZN3Map18SetValueFromOriginEjjt
                0x80016d70       0x24 MapManager.o
                0x80016d70                Map::SetValueFromOrigin(unsigned int, unsigned int, unsigned short)
 .text._ZN3Map11ReadMapBodyEP7__sFILE
                0x80016d94      0x194 MapManager.o
                0x80016d94                Map::ReadMapBody(__sFILE*)
 .text._ZNSt6vectorIP3MapSaIS1_EE13_M_insert_auxEN9__gnu_cxx17__normal_iteratorIPS1_S3_EERKS1_
                0x80016f28      0x1dc MapManager.o
                0x80016f28                std::vector<Map*, std::allocator<Map*> >::_M_insert_aux(__gnu_cxx::__normal_iterator<Map**, std::vector<Map*, std::allocator<Map*> > >, Map* const&)
 .text._ZN9MapLayers6GetMapESs
                0x80017104      0x39c MapManager.o
                0x80017104                MapLayers::GetMap(std::string)
 .text._ZNSt8_Rb_treeISsSt4pairIKSsP9MapLayersESt10_Select1stIS4_ESt4lessISsESaIS4_EE4findERS1_
                0x800174a0      0x104 MapManager.o
                0x800174a0                std::_Rb_tree<std::string, std::pair<std::string const, MapLayers*>, std::_Select1st<std::pair<std::string const, MapLayers*> >, std::less<std::string>, std::allocator<std::pair<std::string const, MapLayers*> > >::find(std::string const&)
 .text._ZN10MapManager17GetLayerContainerESs
                0x800175a4       0x64 MapManager.o
                0x800175a4                MapManager::GetLayerContainer(std::string)
 .text._ZN10MapManager25SetCurrentWorkingMapLayerESs
                0x80017608       0x9c MapManager.o
                0x80017608                MapManager::SetCurrentWorkingMapLayer(std::string)
 .text._ZNSt8_Rb_treeISsSt4pairIKSsP9MapLayersESt10_Select1stIS4_ESt4lessISsESaIS4_EE10_M_insert_EPKSt18_Rb_tree_node_baseSD_RKS4_
                0x800176a4      0x110 MapManager.o
                0x800176a4                std::_Rb_tree<std::string, std::pair<std::string const, MapLayers*>, std::_Select1st<std::pair<std::string const, MapLayers*> >, std::less<std::string>, std::allocator<std::pair<std::string const, MapLayers*> > >::_M_insert_(std::_Rb_tree_node_base const*, std::_Rb_tree_node_base const*, std::pair<std::string const, MapLayers*> const&)
 .text._ZNSt8_Rb_treeISsSt4pairIKSsP9MapLayersESt10_Select1stIS4_ESt4lessISsESaIS4_EE16_M_insert_uniqueERKS4_
                0x800177b4      0x19c MapManager.o
                0x800177b4                std::_Rb_tree<std::string, std::pair<std::string const, MapLayers*>, std::_Select1st<std::pair<std::string const, MapLayers*> >, std::less<std::string>, std::allocator<std::pair<std::string const, MapLayers*> > >::_M_insert_unique(std::pair<std::string const, MapLayers*> const&)
 .text._ZN10MapManager6GetMapESs
                0x80017950      0x18c MapManager.o
                0x80017950                MapManager::GetMap(std::string)
 .text._ZN13SpriteManager8AddImageEjjjjj
                0x80017adc       0xa8 SpriteManager.o
                0x80017adc                SpriteManager::AddImage(unsigned int, unsigned int, unsigned int, unsigned int, unsigned int)
 .text._ZN13SpriteManager8AddImageESsjjjjj
                0x80017b84      0x144 SpriteManager.o
                0x80017b84                SpriteManager::AddImage(std::string, unsigned int, unsigned int, unsigned int, unsigned int, unsigned int)
 .text._ZN3Tga9UnLoadTGAEPh
                0x80017cc8       0x28 TGA.o
                0x80017cc8                Tga::UnLoadTGA(unsigned char*)
 .text._ZN3Tga17CreateDataFromTGAERNS_10TGA_HEADEREPhiiii
                0x80017cf0      0x128 TGA.o
                0x80017cf0                Tga::CreateDataFromTGA(Tga::TGA_HEADER&, unsigned char*, int, int, int, int)
 .text._ZN3Tga23ApplyAlphaToTGAFromPinkENS_10TGA_HEADEREPNS_5PIXELE
                0x80017e18       0x88 TGA.o
                0x80017e18                Tga::ApplyAlphaToTGAFromPink(Tga::TGA_HEADER, Tga::PIXEL*)
 .text._ZN3Tga19CheckTGAIsSupportedERNS_10TGA_HEADERE
                0x80017ea0       0xa4 TGA.o
                0x80017ea0                Tga::CheckTGAIsSupported(Tga::TGA_HEADER&)